23:51:10 **** Incremental Build of configuration Debug for project Lab8-2 ****
make -j8 all 
Building file: ../src/main.c
Invoking: MCU GCC Compiler
D:\微處理機系統實驗\Lab8\Lab8-2\Debug
arm-none-eabi-gcc -mcpu=cortex-m4 -mthumb -mfloat-abi=hard -mfpu=fpv4-sp-d16 -DSTM32 -DSTM32L4 -DSTM32L476RGTx -DNUCLEO_L476RG -DDEBUG -I"D:/微處理機系統實驗/Lab8/Lab8-2/inc" -O0 -g3 -Wall -fmessage-length=0 -ffunction-sections -c -MMD -MP -MF"src/main.d" -MT"src/main.o" -o "src/main.o" "../src/main.c"
../src/main.c: In function 'EXTI15_10_IRQHandler':
../src/main.c:127:3: warning: implicit declaration of function 'UART_Transmit' [-Wimplicit-function-declaration]
   UART_Transmit( s, d );
   ^~~~~~~~~~~~~
../src/main.c: In function 'UART_Transmit':
../src/main.c:139:6: warning: unused variable 'a' [-Wunused-variable]
  int a;
      ^
../src/main.c: In function 'main':
../src/main.c:218:6: warning: variable 'calibration_value' set but not used [-Wunused-but-set-variable]
  int calibration_value;
      ^~~~~~~~~~~~~~~~~
Finished building: ../src/main.c
 
Building target: Lab8-2.elf
Invoking: MCU GCC Linker
arm-none-eabi-gcc -mcpu=cortex-m4 -mthumb -mfloat-abi=hard -mfpu=fpv4-sp-d16 -T"D:/微處理機系統實驗/Lab8/Lab8-2/LinkerScript.ld" -Wl,-Map=output.map -Wl,--gc-sections -o "Lab8-2.elf" @"objects.list"   -lm
Finished building target: Lab8-2.elf
 
make --no-print-directory post-build
Generating binary and Printing size information:
arm-none-eabi-objcopy -O binary "Lab8-2.elf" "Lab8-2.bin"
arm-none-eabi-size "Lab8-2.elf"
   text	   data	    bss	    dec	    hex	filename
   2624	   1088	   1112	   4824	   12d8	Lab8-2.elf
 

23:51:12 Build Finished (took 1s.922ms)

