20:12:07 **** Incremental Build of configuration Debug for project Lab2-1 ****
make -j8 all 
Building target: Lab2-1.elf
Invoking: MCU GCC Linker
arm-none-eabi-gcc -mcpu=cortex-m4 -mthumb -mfloat-abi=hard -mfpu=fpv4-sp-d16 -T"D:/微處理機系統實驗/Lab2/Lab2-1/LinkerScript.ld" -Wl,-Map=output.map -Wl,--gc-sections -o "Lab2-1.elf" @"objects.list"   -lm
src/main.o: In function `load':
D:\微處理機系統實驗\Lab2\Lab2-1\Debug/../src/main.s:29: undefined reference to `op'
collect2.exe: error: ld returned 1 exit status
makefile:34: recipe for target 'Lab2-1.elf' failed
make: *** [Lab2-1.elf] Error 1
20:12:18 **** Incremental Build of configuration Debug for project Lab2-1 ****
make -j8 all 
Building file: ../src/main.s
Invoking: MCU GCC Assembler
D:\微處理機系統實驗\Lab2\Lab2-1\Debug
arm-none-eabi-as -mcpu=cortex-m4 -mthumb -mfloat-abi=hard -mfpu=fpv4-sp-d16 -g -o "src/main.o" "../src/main.s"
Finished building: ../src/main.s
 
Building target: Lab2-1.elf
Invoking: MCU GCC Linker
arm-none-eabi-gcc -mcpu=cortex-m4 -mthumb -mfloat-abi=hard -mfpu=fpv4-sp-d16 -T"D:/微處理機系統實驗/Lab2/Lab2-1/LinkerScript.ld" -Wl,-Map=output.map -Wl,--gc-sections -o "Lab2-1.elf" @"objects.list"   -lm
Finished building target: Lab2-1.elf
 
make --no-print-directory post-build
Generating binary and Printing size information:
arm-none-eabi-objcopy -O binary "Lab2-1.elf" "Lab2-1.bin"
arm-none-eabi-size "Lab2-1.elf"
   text	   data	    bss	    dec	    hex	filename
    984	   1240	   1088	   3312	    cf0	Lab2-1.elf
 
20:13:07 **** Incremental Build of configuration Debug for project Lab2-1 ****
make -j8 all 
make: Nothing to be done for 'all'.
20:26:37 **** Incremental Build of configuration Debug for project Lab2-1 ****
make -j8 all 
Building file: ../src/main.s
Invoking: MCU GCC Assembler
D:\微處理機系統實驗\Lab2\Lab2-1\Debug
arm-none-eabi-as -mcpu=cortex-m4 -mthumb -mfloat-abi=hard -mfpu=fpv4-sp-d16 -g -o "src/main.o" "../src/main.s"
Finished building: ../src/main.s
 
Building target: Lab2-1.elf
Invoking: MCU GCC Linker
arm-none-eabi-gcc -mcpu=cortex-m4 -mthumb -mfloat-abi=hard -mfpu=fpv4-sp-d16 -T"D:/微處理機系統實驗/Lab2/Lab2-1/LinkerScript.ld" -Wl,-Map=output.map -Wl,--gc-sections -o "Lab2-1.elf" @"objects.list"   -lm
Finished building target: Lab2-1.elf
 
make --no-print-directory post-build
Generating binary and Printing size information:
arm-none-eabi-objcopy -O binary "Lab2-1.elf" "Lab2-1.bin"
arm-none-eabi-size "Lab2-1.elf"
   text	   data	    bss	    dec	    hex	filename
   1000	   1240	   1088	   3328	    d00	Lab2-1.elf
 
20:26:42 **** Incremental Build of configuration Debug for project Lab2-1 ****
make -j8 all 
make: Nothing to be done for 'all'.
20:27:11 **** Incremental Build of configuration Debug for project Lab2-1 ****
make -j8 all 
make: Nothing to be done for 'all'.
20:27:49 **** Incremental Build of configuration Debug for project Lab2-1 ****
make -j8 all 
Building file: ../src/main.s
Invoking: MCU GCC Assembler
D:\微處理機系統實驗\Lab2\Lab2-1\Debug
arm-none-eabi-as -mcpu=cortex-m4 -mthumb -mfloat-abi=hard -mfpu=fpv4-sp-d16 -g -o "src/main.o" "../src/main.s"
Finished building: ../src/main.s
 
Building target: Lab2-1.elf
Invoking: MCU GCC Linker
arm-none-eabi-gcc -mcpu=cortex-m4 -mthumb -mfloat-abi=hard -mfpu=fpv4-sp-d16 -T"D:/微處理機系統實驗/Lab2/Lab2-1/LinkerScript.ld" -Wl,-Map=output.map -Wl,--gc-sections -o "Lab2-1.elf" @"objects.list"   -lm
Finished building target: Lab2-1.elf
 
make --no-print-directory post-build
Generating binary and Printing size information:
arm-none-eabi-objcopy -O binary "Lab2-1.elf" "Lab2-1.bin"
arm-none-eabi-size "Lab2-1.elf"
   text	   data	    bss	    dec	    hex	filename
   1000	   1240	   1088	   3328	    d00	Lab2-1.elf
 
20:51:21 **** Incremental Build of configuration Debug for project Lab2-1 ****
make -j8 all 
Building file: ../src/main.s
Invoking: MCU GCC Assembler
D:\微處理機系統實驗\Lab2\Lab2-1\Debug
arm-none-eabi-as -mcpu=cortex-m4 -mthumb -mfloat-abi=hard -mfpu=fpv4-sp-d16 -g -o "src/main.o" "../src/main.s"
Finished building: ../src/main.s
 
Building target: Lab2-1.elf
Invoking: MCU GCC Linker
arm-none-eabi-gcc -mcpu=cortex-m4 -mthumb -mfloat-abi=hard -mfpu=fpv4-sp-d16 -T"D:/微處理機系統實驗/Lab2/Lab2-1/LinkerScript.ld" -Wl,-Map=output.map -Wl,--gc-sections -o "Lab2-1.elf" @"objects.list"   -lm
Finished building target: Lab2-1.elf
 
make --no-print-directory post-build
Generating binary and Printing size information:
arm-none-eabi-objcopy -O binary "Lab2-1.elf" "Lab2-1.bin"
arm-none-eabi-size "Lab2-1.elf"
   text	   data	    bss	    dec	    hex	filename
   1008	   1240	   1088	   3336	    d08	Lab2-1.elf
 
20:54:37 **** Incremental Build of configuration Debug for project Lab2-1 ****
make -j8 all 
Building file: ../src/main.s
Invoking: MCU GCC Assembler
D:\微處理機系統實驗\Lab2\Lab2-1\Debug
arm-none-eabi-as -mcpu=cortex-m4 -mthumb -mfloat-abi=hard -mfpu=fpv4-sp-d16 -g -o "src/main.o" "../src/main.s"
Finished building: ../src/main.s
 
Building target: Lab2-1.elf
Invoking: MCU GCC Linker
arm-none-eabi-gcc -mcpu=cortex-m4 -mthumb -mfloat-abi=hard -mfpu=fpv4-sp-d16 -T"D:/微處理機系統實驗/Lab2/Lab2-1/LinkerScript.ld" -Wl,-Map=output.map -Wl,--gc-sections -o "Lab2-1.elf" @"objects.list"   -lm
Finished building target: Lab2-1.elf
 
make --no-print-directory post-build
Generating binary and Printing size information:
arm-none-eabi-objcopy -O binary "Lab2-1.elf" "Lab2-1.bin"
arm-none-eabi-size "Lab2-1.elf"
   text	   data	    bss	    dec	    hex	filename
   1016	   1240	   1088	   3344	    d10	Lab2-1.elf
 
20:55:07 **** Incremental Build of configuration Debug for project Lab2-1 ****
make -j8 all 
make: Nothing to be done for 'all'.
20:55:32 **** Incremental Build of configuration Debug for project Lab2-1 ****
make -j8 all 
make: Nothing to be done for 'all'.
20:55:36 **** Incremental Build of configuration Debug for project Lab2-1 ****
make -j8 all 
make: Nothing to be done for 'all'.
20:55:51 **** Incremental Build of configuration Debug for project Lab2-1 ****
make -j8 all 
make: Nothing to be done for 'all'.
20:56:49 **** Incremental Build of configuration Debug for project Lab2-1 ****
make -j8 all 
Building file: ../src/main.s
Invoking: MCU GCC Assembler
D:\微處理機系統實驗\Lab2\Lab2-1\Debug
arm-none-eabi-as -mcpu=cortex-m4 -mthumb -mfloat-abi=hard -mfpu=fpv4-sp-d16 -g -o "src/main.o" "../src/main.s"
Finished building: ../src/main.s
 
Building target: Lab2-1.elf
Invoking: MCU GCC Linker
arm-none-eabi-gcc -mcpu=cortex-m4 -mthumb -mfloat-abi=hard -mfpu=fpv4-sp-d16 -T"D:/微處理機系統實驗/Lab2/Lab2-1/LinkerScript.ld" -Wl,-Map=output.map -Wl,--gc-sections -o "Lab2-1.elf" @"objects.list"   -lm
Finished building target: Lab2-1.elf
 
make --no-print-directory post-build
Generating binary and Printing size information:
arm-none-eabi-objcopy -O binary "Lab2-1.elf" "Lab2-1.bin"
arm-none-eabi-size "Lab2-1.elf"
   text	   data	    bss	    dec	    hex	filename
   1016	   1240	   1088	   3344	    d10	Lab2-1.elf
 
20:59:06 **** Incremental Build of configuration Debug for project Lab2-1 ****
make -j8 all 
Building file: ../src/main.s
Invoking: MCU GCC Assembler
D:\微處理機系統實驗\Lab2\Lab2-1\Debug
arm-none-eabi-as -mcpu=cortex-m4 -mthumb -mfloat-abi=hard -mfpu=fpv4-sp-d16 -g -o "src/main.o" "../src/main.s"
Finished building: ../src/main.s
 
Building target: Lab2-1.elf
Invoking: MCU GCC Linker
arm-none-eabi-gcc -mcpu=cortex-m4 -mthumb -mfloat-abi=hard -mfpu=fpv4-sp-d16 -T"D:/微處理機系統實驗/Lab2/Lab2-1/LinkerScript.ld" -Wl,-Map=output.map -Wl,--gc-sections -o "Lab2-1.elf" @"objects.list"   -lm
Finished building target: Lab2-1.elf
 
make --no-print-directory post-build
Generating binary and Printing size information:
arm-none-eabi-objcopy -O binary "Lab2-1.elf" "Lab2-1.bin"
arm-none-eabi-size "Lab2-1.elf"
   text	   data	    bss	    dec	    hex	filename
   1016	   1240	   1088	   3344	    d10	Lab2-1.elf
 
21:00:08 **** Incremental Build of configuration Debug for project Lab2-1 ****
make -j8 all 
make: Nothing to be done for 'all'.
21:02:26 **** Incremental Build of configuration Debug for project Lab2-1 ****
make -j8 all 
Building file: ../src/main.s
Invoking: MCU GCC Assembler
D:\微處理機系統實驗\Lab2\Lab2-1\Debug
arm-none-eabi-as -mcpu=cortex-m4 -mthumb -mfloat-abi=hard -mfpu=fpv4-sp-d16 -g -o "src/main.o" "../src/main.s"
Finished building: ../src/main.s
 
Building target: Lab2-1.elf
Invoking: MCU GCC Linker
arm-none-eabi-gcc -mcpu=cortex-m4 -mthumb -mfloat-abi=hard -mfpu=fpv4-sp-d16 -T"D:/微處理機系統實驗/Lab2/Lab2-1/LinkerScript.ld" -Wl,-Map=output.map -Wl,--gc-sections -o "Lab2-1.elf" @"objects.list"   -lm
Finished building target: Lab2-1.elf
 
make --no-print-directory post-build
Generating binary and Printing size information:
arm-none-eabi-objcopy -O binary "Lab2-1.elf" "Lab2-1.bin"
arm-none-eabi-size "Lab2-1.elf"
   text	   data	    bss	    dec	    hex	filename
   1016	   1240	   1088	   3344	    d10	Lab2-1.elf
 
21:59:54 **** Incremental Build of configuration Debug for project Lab2-1 ****
make -j8 all 
Building file: ../src/main.s
Invoking: MCU GCC Assembler
D:\微處理機系統實驗\Lab2\Lab2-1\Debug
arm-none-eabi-as -mcpu=cortex-m4 -mthumb -mfloat-abi=hard -mfpu=fpv4-sp-d16 -g -o "src/main.o" "../src/main.s"
Finished building: ../src/main.s
 
Building target: Lab2-1.elf
Invoking: MCU GCC Linker
arm-none-eabi-gcc -mcpu=cortex-m4 -mthumb -mfloat-abi=hard -mfpu=fpv4-sp-d16 -T"D:/微處理機系統實驗/Lab2/Lab2-1/LinkerScript.ld" -Wl,-Map=output.map -Wl,--gc-sections -o "Lab2-1.elf" @"objects.list"   -lm
Finished building target: Lab2-1.elf
 
make --no-print-directory post-build
Generating binary and Printing size information:
arm-none-eabi-objcopy -O binary "Lab2-1.elf" "Lab2-1.bin"
arm-none-eabi-size "Lab2-1.elf"
   text	   data	    bss	    dec	    hex	filename
   1024	   1240	   1088	   3352	    d18	Lab2-1.elf
 
22:00:32 **** Incremental Build of configuration Debug for project Lab2-1 ****
make -j8 all 
make: Nothing to be done for 'all'.
22:01:56 **** Incremental Build of configuration Debug for project Lab2-1 ****
make -j8 all 
make: Nothing to be done for 'all'.
22:24:18 **** Incremental Build of configuration Debug for project Lab2-1 ****
make -j8 all 
Building file: ../src/main.s
Invoking: MCU GCC Assembler
D:\微處理機系統實驗\Lab2\Lab2-1\Debug
arm-none-eabi-as -mcpu=cortex-m4 -mthumb -mfloat-abi=hard -mfpu=fpv4-sp-d16 -g -o "src/main.o" "../src/main.s"
Finished building: ../src/main.s
 
Building target: Lab2-1.elf
Invoking: MCU GCC Linker
arm-none-eabi-gcc -mcpu=cortex-m4 -mthumb -mfloat-abi=hard -mfpu=fpv4-sp-d16 -T"D:/微處理機系統實驗/Lab2/Lab2-1/LinkerScript.ld" -Wl,-Map=output.map -Wl,--gc-sections -o "Lab2-1.elf" @"objects.list"   -lm
Finished building target: Lab2-1.elf
 
make --no-print-directory post-build
Generating binary and Printing size information:
arm-none-eabi-objcopy -O binary "Lab2-1.elf" "Lab2-1.bin"
arm-none-eabi-size "Lab2-1.elf"
   text	   data	    bss	    dec	    hex	filename
   1016	   1240	   1088	   3344	    d10	Lab2-1.elf
 
22:24:45 **** Incremental Build of configuration Debug for project Lab2-1 ****
make -j8 all 
make: Nothing to be done for 'all'.
22:43:51 **** Incremental Build of configuration Debug for project Lab2-1 ****
make -j8 all 
Building file: ../src/main.s
Invoking: MCU GCC Assembler
D:\微處理機系統實驗\Lab2\Lab2-1\Debug
arm-none-eabi-as -mcpu=cortex-m4 -mthumb -mfloat-abi=hard -mfpu=fpv4-sp-d16 -g -o "src/main.o" "../src/main.s"
Finished building: ../src/main.s
 
Building target: Lab2-1.elf
Invoking: MCU GCC Linker
arm-none-eabi-gcc -mcpu=cortex-m4 -mthumb -mfloat-abi=hard -mfpu=fpv4-sp-d16 -T"D:/微處理機系統實驗/Lab2/Lab2-1/LinkerScript.ld" -Wl,-Map=output.map -Wl,--gc-sections -o "Lab2-1.elf" @"objects.list"   -lm
Finished building target: Lab2-1.elf
 
make --no-print-directory post-build
Generating binary and Printing size information:
arm-none-eabi-objcopy -O binary "Lab2-1.elf" "Lab2-1.bin"
arm-none-eabi-size "Lab2-1.elf"
   text	   data	    bss	    dec	    hex	filename
   1032	   1240	   1088	   3360	    d20	Lab2-1.elf
 
22:45:00 **** Incremental Build of configuration Debug for project Lab2-1 ****
make -j8 all 
Building file: ../src/main.s
Invoking: MCU GCC Assembler
D:\微處理機系統實驗\Lab2\Lab2-1\Debug
arm-none-eabi-as -mcpu=cortex-m4 -mthumb -mfloat-abi=hard -mfpu=fpv4-sp-d16 -g -o "src/main.o" "../src/main.s"
Finished building: ../src/main.s
 
Building target: Lab2-1.elf
Invoking: MCU GCC Linker
arm-none-eabi-gcc -mcpu=cortex-m4 -mthumb -mfloat-abi=hard -mfpu=fpv4-sp-d16 -T"D:/微處理機系統實驗/Lab2/Lab2-1/LinkerScript.ld" -Wl,-Map=output.map -Wl,--gc-sections -o "Lab2-1.elf" @"objects.list"   -lm
Finished building target: Lab2-1.elf
 
make --no-print-directory post-build
Generating binary and Printing size information:
arm-none-eabi-objcopy -O binary "Lab2-1.elf" "Lab2-1.bin"
arm-none-eabi-size "Lab2-1.elf"
   text	   data	    bss	    dec	    hex	filename
   1032	   1240	   1088	   3360	    d20	Lab2-1.elf
 
22:49:11 **** Incremental Build of configuration Debug for project Lab2-1 ****
make -j8 all 
Building file: ../src/main.s
Invoking: MCU GCC Assembler
D:\微處理機系統實驗\Lab2\Lab2-1\Debug
arm-none-eabi-as -mcpu=cortex-m4 -mthumb -mfloat-abi=hard -mfpu=fpv4-sp-d16 -g -o "src/main.o" "../src/main.s"
Finished building: ../src/main.s
 
Building target: Lab2-1.elf
Invoking: MCU GCC Linker
arm-none-eabi-gcc -mcpu=cortex-m4 -mthumb -mfloat-abi=hard -mfpu=fpv4-sp-d16 -T"D:/微處理機系統實驗/Lab2/Lab2-1/LinkerScript.ld" -Wl,-Map=output.map -Wl,--gc-sections -o "Lab2-1.elf" @"objects.list"   -lm
Finished building target: Lab2-1.elf
 
make --no-print-directory post-build
Generating binary and Printing size information:
arm-none-eabi-objcopy -O binary "Lab2-1.elf" "Lab2-1.bin"
arm-none-eabi-size "Lab2-1.elf"
   text	   data	    bss	    dec	    hex	filename
   1032	   1240	   1088	   3360	    d20	Lab2-1.elf
 
22:49:29 **** Incremental Build of configuration Debug for project Lab2-1 ****
make -j8 all 
make: Nothing to be done for 'all'.
23:00:36 **** Incremental Build of configuration Debug for project Lab2-1 ****
make -j8 all 
Building file: ../src/main.s
Invoking: MCU GCC Assembler
D:\微處理機系統實驗\Lab2\Lab2-1\Debug
arm-none-eabi-as -mcpu=cortex-m4 -mthumb -mfloat-abi=hard -mfpu=fpv4-sp-d16 -g -o "src/main.o" "../src/main.s"
Finished building: ../src/main.s
 
Building target: Lab2-1.elf
Invoking: MCU GCC Linker
arm-none-eabi-gcc -mcpu=cortex-m4 -mthumb -mfloat-abi=hard -mfpu=fpv4-sp-d16 -T"D:/微處理機系統實驗/Lab2/Lab2-1/LinkerScript.ld" -Wl,-Map=output.map -Wl,--gc-sections -o "Lab2-1.elf" @"objects.list"   -lm
Finished building target: Lab2-1.elf
 
make --no-print-directory post-build
Generating binary and Printing size information:
arm-none-eabi-objcopy -O binary "Lab2-1.elf" "Lab2-1.bin"
arm-none-eabi-size "Lab2-1.elf"
   text	   data	    bss	    dec	    hex	filename
   1032	   1240	   1088	   3360	    d20	Lab2-1.elf
 
23:25:41 **** Incremental Build of configuration Debug for project Lab2-1 ****
make -j8 all 
Building file: ../src/main.s
Invoking: MCU GCC Assembler
D:\微處理機系統實驗\Lab2\Lab2-1\Debug
arm-none-eabi-as -mcpu=cortex-m4 -mthumb -mfloat-abi=hard -mfpu=fpv4-sp-d16 -g -o "src/main.o" "../src/main.s"
Finished building: ../src/main.s
 
Building target: Lab2-1.elf
Invoking: MCU GCC Linker
arm-none-eabi-gcc -mcpu=cortex-m4 -mthumb -mfloat-abi=hard -mfpu=fpv4-sp-d16 -T"D:/微處理機系統實驗/Lab2/Lab2-1/LinkerScript.ld" -Wl,-Map=output.map -Wl,--gc-sections -o "Lab2-1.elf" @"objects.list"   -lm
Finished building target: Lab2-1.elf
 
make --no-print-directory post-build
Generating binary and Printing size information:
arm-none-eabi-objcopy -O binary "Lab2-1.elf" "Lab2-1.bin"
arm-none-eabi-size "Lab2-1.elf"
   text	   data	    bss	    dec	    hex	filename
   1032	   1112	   1088	   3232	    ca0	Lab2-1.elf
 
21:56:26 **** Incremental Build of configuration Debug for project Lab2-1 ****
make -j8 all 
Building file: ../src/main.s
Invoking: MCU GCC Assembler
D:\微處理機系統實驗\Lab2\Lab2-1\Debug
arm-none-eabi-as -mcpu=cortex-m4 -mthumb -mfloat-abi=hard -mfpu=fpv4-sp-d16 -g -o "src/main.o" "../src/main.s"
Finished building: ../src/main.s
 
Building target: Lab2-1.elf
Invoking: MCU GCC Linker
arm-none-eabi-gcc -mcpu=cortex-m4 -mthumb -mfloat-abi=hard -mfpu=fpv4-sp-d16 -T"D:/微處理機系統實驗/Lab2/Lab2-1/LinkerScript.ld" -Wl,-Map=output.map -Wl,--gc-sections -o "Lab2-1.elf" @"objects.list"   -lm
Finished building target: Lab2-1.elf
 
make --no-print-directory post-build
Generating binary and Printing size information:
arm-none-eabi-objcopy -O binary "Lab2-1.elf" "Lab2-1.bin"
arm-none-eabi-size "Lab2-1.elf"
   text	   data	    bss	    dec	    hex	filename
   1032	   1240	   1088	   3360	    d20	Lab2-1.elf
 
21:56:35 **** Incremental Build of configuration Debug for project Lab2-2 ****
make -j8 all 
Building target: Lab2-2.elf
Invoking: MCU GCC Linker
arm-none-eabi-gcc -mcpu=cortex-m4 -mthumb -mfloat-abi=hard -mfpu=fpv4-sp-d16 -T"D:/微處理機系統實驗/Lab2/Lab2-2/LinkerScript.ld" -Wl,-Map=output.map -Wl,--gc-sections -o "Lab2-2.elf" @"objects.list"   -lm
startup/startup_stm32.o: In function `LoopFillZerobss':
D:\微處理機系統實驗\Lab2\Lab2-2\Debug/../startup/startup_stm32.s:83: undefined reference to `main'
collect2.exe: error: ld returned 1 exit status
makefile:34: recipe for target 'Lab2-2.elf' failed
make: *** [Lab2-2.elf] Error 1
21:56:41 **** Incremental Build of configuration Debug for project Lab2-1 ****
make -j8 all 
make: Nothing to be done for 'all'.
21:56:45 **** Incremental Build of configuration Debug for project Lab2-1 ****
make -j8 all 
make: Nothing to be done for 'all'.
23:15:49 **** Incremental Build of configuration Debug for project Lab2-1 ****
make -j8 all 
Building file: ../src/main.s
Invoking: MCU GCC Assembler
D:\微處理機系統實驗\Lab2\Lab2-1\Debug
arm-none-eabi-as -mcpu=cortex-m4 -mthumb -mfloat-abi=hard -mfpu=fpv4-sp-d16 -g -o "src/main.o" "../src/main.s"
Finished building: ../src/main.s
 
Building target: Lab2-1.elf
Invoking: MCU GCC Linker
arm-none-eabi-gcc -mcpu=cortex-m4 -mthumb -mfloat-abi=hard -mfpu=fpv4-sp-d16 -T"D:/微處理機系統實驗/Lab2/Lab2-1/LinkerScript.ld" -Wl,-Map=output.map -Wl,--gc-sections -o "Lab2-1.elf" @"objects.list"   -lm
Finished building target: Lab2-1.elf
 
make --no-print-directory post-build
Generating binary and Printing size information:
arm-none-eabi-objcopy -O binary "Lab2-1.elf" "Lab2-1.bin"
arm-none-eabi-size "Lab2-1.elf"
   text	   data	    bss	    dec	    hex	filename
   1048	   1240	   1088	   3376	    d30	Lab2-1.elf
 
23:15:51 **** Incremental Build of configuration Debug for project Lab2-2 ****
make -j8 all 
Building target: Lab2-2.elf
Invoking: MCU GCC Linker
arm-none-eabi-gcc -mcpu=cortex-m4 -mthumb -mfloat-abi=hard -mfpu=fpv4-sp-d16 -T"D:/微處理機系統實驗/Lab2/Lab2-2/LinkerScript.ld" -Wl,-Map=output.map -Wl,--gc-sections -o "Lab2-2.elf" @"objects.list"   -lm
startup/startup_stm32.o: In function `LoopFillZerobss':
D:\微處理機系統實驗\Lab2\Lab2-2\Debug/../startup/startup_stm32.s:83: undefined reference to `main'
collect2.exe: error: ld returned 1 exit status
makefile:34: recipe for target 'Lab2-2.elf' failed
make: *** [Lab2-2.elf] Error 1
23:15:52 **** Incremental Build of configuration Debug for project Lab2-1 ****
make -j8 all 
make: Nothing to be done for 'all'.
23:15:57 **** Incremental Build of configuration Debug for project Lab2-1 ****
make -j8 all 
make: Nothing to be done for 'all'.
23:15:58 **** Incremental Build of configuration Debug for project Lab2-2 ****
make -j8 all 
Building target: Lab2-2.elf
Invoking: MCU GCC Linker
arm-none-eabi-gcc -mcpu=cortex-m4 -mthumb -mfloat-abi=hard -mfpu=fpv4-sp-d16 -T"D:/微處理機系統實驗/Lab2/Lab2-2/LinkerScript.ld" -Wl,-Map=output.map -Wl,--gc-sections -o "Lab2-2.elf" @"objects.list"   -lm
startup/startup_stm32.o: In function `LoopFillZerobss':
D:\微處理機系統實驗\Lab2\Lab2-2\Debug/../startup/startup_stm32.s:83: undefined reference to `main'
collect2.exe: error: ld returned 1 exit status
makefile:34: recipe for target 'Lab2-2.elf' failed
make: *** [Lab2-2.elf] Error 1
23:16:20 **** Incremental Build of configuration Debug for project Lab2-1 ****
make -j8 all 
make: Nothing to be done for 'all'.
23:16:25 **** Incremental Build of configuration Debug for project Lab2-1 ****
make -j8 all 
make: Nothing to be done for 'all'.
23:17:04 **** Incremental Build of configuration Debug for project Lab2-1 ****
make -j8 all 
make: Nothing to be done for 'all'.
23:18:48 **** Incremental Build of configuration Debug for project Lab2-1 ****
make -j8 all 
make: Nothing to be done for 'all'.
23:19:55 **** Incremental Build of configuration Debug for project Lab2-1 ****
make -j8 all 
Building file: ../src/main.s
Invoking: MCU GCC Assembler
D:\微處理機系統實驗\Lab2\Lab2-1\Debug
arm-none-eabi-as -mcpu=cortex-m4 -mthumb -mfloat-abi=hard -mfpu=fpv4-sp-d16 -g -o "src/main.o" "../src/main.s"
../src/main.s: Assembler messages:
../src/main.s:40: Warning: register range not in ascending order
../src/main.s:48: Warning: register range not in ascending order
Finished building: ../src/main.s
 
Building target: Lab2-1.elf
Invoking: MCU GCC Linker
arm-none-eabi-gcc -mcpu=cortex-m4 -mthumb -mfloat-abi=hard -mfpu=fpv4-sp-d16 -T"D:/微處理機系統實驗/Lab2/Lab2-1/LinkerScript.ld" -Wl,-Map=output.map -Wl,--gc-sections -o "Lab2-1.elf" @"objects.list"   -lm
Finished building target: Lab2-1.elf
 
make --no-print-directory post-build
Generating binary and Printing size information:
arm-none-eabi-objcopy -O binary "Lab2-1.elf" "Lab2-1.bin"
arm-none-eabi-size "Lab2-1.elf"
   text	   data	    bss	    dec	    hex	filename
   1048	   1240	   1088	   3376	    d30	Lab2-1.elf
 
23:21:29 **** Incremental Build of configuration Debug for project Lab2-1 ****
make -j8 all 
make: Nothing to be done for 'all'.
23:22:06 **** Incremental Build of configuration Debug for project Lab2-1 ****
make -j8 all 
make: Nothing to be done for 'all'.
23:24:02 **** Incremental Build of configuration Debug for project Lab2-1 ****
make -j8 all 
Building file: ../src/main.s
Invoking: MCU GCC Assembler
D:\微處理機系統實驗\Lab2\Lab2-1\Debug
arm-none-eabi-as -mcpu=cortex-m4 -mthumb -mfloat-abi=hard -mfpu=fpv4-sp-d16 -g -o "src/main.o" "../src/main.s"
../src/main.s: Assembler messages:
../src/main.s:41: Warning: register range not in ascending order
../src/main.s:49: Warning: register range not in ascending order
Finished building: ../src/main.s
 
Building target: Lab2-1.elf
Invoking: MCU GCC Linker
arm-none-eabi-gcc -mcpu=cortex-m4 -mthumb -mfloat-abi=hard -mfpu=fpv4-sp-d16 -T"D:/微處理機系統實驗/Lab2/Lab2-1/LinkerScript.ld" -Wl,-Map=output.map -Wl,--gc-sections -o "Lab2-1.elf" @"objects.list"   -lm
Finished building target: Lab2-1.elf
 
make --no-print-directory post-build
Generating binary and Printing size information:
arm-none-eabi-objcopy -O binary "Lab2-1.elf" "Lab2-1.bin"
arm-none-eabi-size "Lab2-1.elf"
   text	   data	    bss	    dec	    hex	filename
   1048	   1232	   1088	   3368	    d28	Lab2-1.elf
 
23:24:42 **** Incremental Build of configuration Debug for project Lab2-1 ****
make -j8 all 
Building file: ../src/main.s
Invoking: MCU GCC Assembler
D:\微處理機系統實驗\Lab2\Lab2-1\Debug
arm-none-eabi-as -mcpu=cortex-m4 -mthumb -mfloat-abi=hard -mfpu=fpv4-sp-d16 -g -o "src/main.o" "../src/main.s"
../src/main.s: Assembler messages:
../src/main.s:41: Warning: register range not in ascending order
Finished building: ../src/main.s
 
Building target: Lab2-1.elf
Invoking: MCU GCC Linker
arm-none-eabi-gcc -mcpu=cortex-m4 -mthumb -mfloat-abi=hard -mfpu=fpv4-sp-d16 -T"D:/微處理機系統實驗/Lab2/Lab2-1/LinkerScript.ld" -Wl,-Map=output.map -Wl,--gc-sections -o "Lab2-1.elf" @"objects.list"   -lm
Finished building target: Lab2-1.elf
 
make --no-print-directory post-build
Generating binary and Printing size information:
arm-none-eabi-objcopy -O binary "Lab2-1.elf" "Lab2-1.bin"
arm-none-eabi-size "Lab2-1.elf"
   text	   data	    bss	    dec	    hex	filename
   1048	   1232	   1088	   3368	    d28	Lab2-1.elf
 
23:24:51 **** Incremental Build of configuration Debug for project Lab2-1 ****
make -j8 all 
make: Nothing to be done for 'all'.
23:26:42 **** Incremental Build of configuration Debug for project Lab2-1 ****
make -j8 all 
Building file: ../src/main.s
Invoking: MCU GCC Assembler
D:\微處理機系統實驗\Lab2\Lab2-1\Debug
arm-none-eabi-as -mcpu=cortex-m4 -mthumb -mfloat-abi=hard -mfpu=fpv4-sp-d16 -g -o "src/main.o" "../src/main.s"
../src/main.s: Assembler messages:
../src/main.s:41: Warning: register range not in ascending order
../src/main.s:49: Warning: register range not in ascending order
Finished building: ../src/main.s
 
Building target: Lab2-1.elf
Invoking: MCU GCC Linker
arm-none-eabi-gcc -mcpu=cortex-m4 -mthumb -mfloat-abi=hard -mfpu=fpv4-sp-d16 -T"D:/微處理機系統實驗/Lab2/Lab2-1/LinkerScript.ld" -Wl,-Map=output.map -Wl,--gc-sections -o "Lab2-1.elf" @"objects.list"   -lm
Finished building target: Lab2-1.elf
 
make --no-print-directory post-build
Generating binary and Printing size information:
arm-none-eabi-objcopy -O binary "Lab2-1.elf" "Lab2-1.bin"
arm-none-eabi-size "Lab2-1.elf"
   text	   data	    bss	    dec	    hex	filename
   1048	   1232	   1088	   3368	    d28	Lab2-1.elf
 
23:27:23 **** Incremental Build of configuration Debug for project Lab2-1 ****
make -j8 all 
Building file: ../src/main.s
Invoking: MCU GCC Assembler
D:\微處理機系統實驗\Lab2\Lab2-1\Debug
arm-none-eabi-as -mcpu=cortex-m4 -mthumb -mfloat-abi=hard -mfpu=fpv4-sp-d16 -g -o "src/main.o" "../src/main.s"
../src/main.s: Assembler messages:
../src/main.s:41: Warning: register range not in ascending order
Finished building: ../src/main.s
 
Building target: Lab2-1.elf
Invoking: MCU GCC Linker
arm-none-eabi-gcc -mcpu=cortex-m4 -mthumb -mfloat-abi=hard -mfpu=fpv4-sp-d16 -T"D:/微處理機系統實驗/Lab2/Lab2-1/LinkerScript.ld" -Wl,-Map=output.map -Wl,--gc-sections -o "Lab2-1.elf" @"objects.list"   -lm
Finished building target: Lab2-1.elf
 
make --no-print-directory post-build
Generating binary and Printing size information:
arm-none-eabi-objcopy -O binary "Lab2-1.elf" "Lab2-1.bin"
arm-none-eabi-size "Lab2-1.elf"
   text	   data	    bss	    dec	    hex	filename
   1048	   1232	   1088	   3368	    d28	Lab2-1.elf
 
23:27:59 **** Incremental Build of configuration Debug for project Lab2-1 ****
make -j8 all 
Building file: ../src/main.s
Invoking: MCU GCC Assembler
D:\微處理機系統實驗\Lab2\Lab2-1\Debug
arm-none-eabi-as -mcpu=cortex-m4 -mthumb -mfloat-abi=hard -mfpu=fpv4-sp-d16 -g -o "src/main.o" "../src/main.s"
../src/main.s: Assembler messages:
../src/main.s:41: Warning: register range not in ascending order
Finished building: ../src/main.s
 
Building target: Lab2-1.elf
Invoking: MCU GCC Linker
arm-none-eabi-gcc -mcpu=cortex-m4 -mthumb -mfloat-abi=hard -mfpu=fpv4-sp-d16 -T"D:/微處理機系統實驗/Lab2/Lab2-1/LinkerScript.ld" -Wl,-Map=output.map -Wl,--gc-sections -o "Lab2-1.elf" @"objects.list"   -lm
Finished building target: Lab2-1.elf
 
make --no-print-directory post-build
Generating binary and Printing size information:
arm-none-eabi-objcopy -O binary "Lab2-1.elf" "Lab2-1.bin"
arm-none-eabi-size "Lab2-1.elf"
   text	   data	    bss	    dec	    hex	filename
   1048	   1232	   1088	   3368	    d28	Lab2-1.elf
 
23:28:10 **** Incremental Build of configuration Debug for project Lab2-1 ****
make -j8 all 
make: Nothing to be done for 'all'.
23:30:08 **** Incremental Build of configuration Debug for project Lab2-1 ****
make -j8 all 
Building file: ../src/main.s
Invoking: MCU GCC Assembler
D:\微處理機系統實驗\Lab2\Lab2-1\Debug
arm-none-eabi-as -mcpu=cortex-m4 -mthumb -mfloat-abi=hard -mfpu=fpv4-sp-d16 -g -o "src/main.o" "../src/main.s"
Finished building: ../src/main.s
 
Building target: Lab2-1.elf
Invoking: MCU GCC Linker
arm-none-eabi-gcc -mcpu=cortex-m4 -mthumb -mfloat-abi=hard -mfpu=fpv4-sp-d16 -T"D:/微處理機系統實驗/Lab2/Lab2-1/LinkerScript.ld" -Wl,-Map=output.map -Wl,--gc-sections -o "Lab2-1.elf" @"objects.list"   -lm
Finished building target: Lab2-1.elf
 
make --no-print-directory post-build
Generating binary and Printing size information:
arm-none-eabi-objcopy -O binary "Lab2-1.elf" "Lab2-1.bin"
arm-none-eabi-size "Lab2-1.elf"
   text	   data	    bss	    dec	    hex	filename
   1048	   1240	   1088	   3376	    d30	Lab2-1.elf
 
23:53:54 **** Incremental Build of configuration Debug for project Lab2-1 ****
make -j8 all 
Building file: ../src/main.s
Invoking: MCU GCC Assembler
D:\微處理機系統實驗\Lab2\Lab2-1\Debug
arm-none-eabi-as -mcpu=cortex-m4 -mthumb -mfloat-abi=hard -mfpu=fpv4-sp-d16 -g -o "src/main.o" "../src/main.s"
Finished building: ../src/main.s
 
Building target: Lab2-1.elf
Invoking: MCU GCC Linker
arm-none-eabi-gcc -mcpu=cortex-m4 -mthumb -mfloat-abi=hard -mfpu=fpv4-sp-d16 -T"D:/微處理機系統實驗/Lab2/Lab2-1/LinkerScript.ld" -Wl,-Map=output.map -Wl,--gc-sections -o "Lab2-1.elf" @"objects.list"   -lm
Finished building target: Lab2-1.elf
 
make --no-print-directory post-build
Generating binary and Printing size information:
arm-none-eabi-objcopy -O binary "Lab2-1.elf" "Lab2-1.bin"
arm-none-eabi-size "Lab2-1.elf"
   text	   data	    bss	    dec	    hex	filename
   1072	   1240	   1088	   3400	    d48	Lab2-1.elf
 
23:54:08 **** Incremental Build of configuration Debug for project Lab2-1 ****
make -j8 all 
Building file: ../src/main.s
Invoking: MCU GCC Assembler
D:\微處理機系統實驗\Lab2\Lab2-1\Debug
arm-none-eabi-as -mcpu=cortex-m4 -mthumb -mfloat-abi=hard -mfpu=fpv4-sp-d16 -g -o "src/main.o" "../src/main.s"
Finished building: ../src/main.s
 
Building target: Lab2-1.elf
Invoking: MCU GCC Linker
arm-none-eabi-gcc -mcpu=cortex-m4 -mthumb -mfloat-abi=hard -mfpu=fpv4-sp-d16 -T"D:/微處理機系統實驗/Lab2/Lab2-1/LinkerScript.ld" -Wl,-Map=output.map -Wl,--gc-sections -o "Lab2-1.elf" @"objects.list"   -lm
Finished building target: Lab2-1.elf
 
make --no-print-directory post-build
Generating binary and Printing size information:
arm-none-eabi-objcopy -O binary "Lab2-1.elf" "Lab2-1.bin"
arm-none-eabi-size "Lab2-1.elf"
   text	   data	    bss	    dec	    hex	filename
   1072	   1240	   1088	   3400	    d48	Lab2-1.elf
 
23:54:13 **** Incremental Build of configuration Debug for project Lab2-1 ****
make -j8 all 
make: Nothing to be done for 'all'.
23:59:09 **** Incremental Build of configuration Debug for project Lab2-1 ****
make -j8 all 
Building file: ../src/main.s
Invoking: MCU GCC Assembler
D:\微處理機系統實驗\Lab2\Lab2-1\Debug
arm-none-eabi-as -mcpu=cortex-m4 -mthumb -mfloat-abi=hard -mfpu=fpv4-sp-d16 -g -o "src/main.o" "../src/main.s"
Finished building: ../src/main.s
 
Building target: Lab2-1.elf
Invoking: MCU GCC Linker
arm-none-eabi-gcc -mcpu=cortex-m4 -mthumb -mfloat-abi=hard -mfpu=fpv4-sp-d16 -T"D:/微處理機系統實驗/Lab2/Lab2-1/LinkerScript.ld" -Wl,-Map=output.map -Wl,--gc-sections -o "Lab2-1.elf" @"objects.list"   -lm
Finished building target: Lab2-1.elf
 
make --no-print-directory post-build
Generating binary and Printing size information:
arm-none-eabi-objcopy -O binary "Lab2-1.elf" "Lab2-1.bin"
arm-none-eabi-size "Lab2-1.elf"
   text	   data	    bss	    dec	    hex	filename
   1072	   1240	   1088	   3400	    d48	Lab2-1.elf
 
00:14:23 **** Incremental Build of configuration Debug for project Lab2-1 ****
make -j8 all 
Building file: ../src/main.s
Invoking: MCU GCC Assembler
D:\微處理機系統實驗\Lab2\Lab2-1\Debug
arm-none-eabi-as -mcpu=cortex-m4 -mthumb -mfloat-abi=hard -mfpu=fpv4-sp-d16 -g -o "src/main.o" "../src/main.s"
Finished building: ../src/main.s
 
Building target: Lab2-1.elf
Invoking: MCU GCC Linker
arm-none-eabi-gcc -mcpu=cortex-m4 -mthumb -mfloat-abi=hard -mfpu=fpv4-sp-d16 -T"D:/微處理機系統實驗/Lab2/Lab2-1/LinkerScript.ld" -Wl,-Map=output.map -Wl,--gc-sections -o "Lab2-1.elf" @"objects.list"   -lm
Finished building target: Lab2-1.elf
 
make --no-print-directory post-build
Generating binary and Printing size information:
arm-none-eabi-objcopy -O binary "Lab2-1.elf" "Lab2-1.bin"
arm-none-eabi-size "Lab2-1.elf"
   text	   data	    bss	    dec	    hex	filename
   1072	   1248	   1088	   3408	    d50	Lab2-1.elf
 
01:00:29 **** Incremental Build of configuration Debug for project Lab2-1 ****
make -j8 all 
Building file: ../src/main.s
Invoking: MCU GCC Assembler
D:\微處理機系統實驗\Lab2\Lab2-1\Debug
arm-none-eabi-as -mcpu=cortex-m4 -mthumb -mfloat-abi=hard -mfpu=fpv4-sp-d16 -g -o "src/main.o" "../src/main.s"
Finished building: ../src/main.s
 
Building target: Lab2-1.elf
Invoking: MCU GCC Linker
arm-none-eabi-gcc -mcpu=cortex-m4 -mthumb -mfloat-abi=hard -mfpu=fpv4-sp-d16 -T"D:/微處理機系統實驗/Lab2/Lab2-1/LinkerScript.ld" -Wl,-Map=output.map -Wl,--gc-sections -o "Lab2-1.elf" @"objects.list"   -lm
Finished building target: Lab2-1.elf
 
make --no-print-directory post-build
Generating binary and Printing size information:
arm-none-eabi-objcopy -O binary "Lab2-1.elf" "Lab2-1.bin"
arm-none-eabi-size "Lab2-1.elf"
   text	   data	    bss	    dec	    hex	filename
   1072	   1240	   1088	   3400	    d48	Lab2-1.elf
 
18:57:49 **** Build of configuration Debug for project Lab2-1 ****
make -j8 all 
make: Nothing to be done for 'all'.
18:57:55 **** Incremental Build of configuration Debug for project Lab2-1 ****
make -j8 all 
make: Nothing to be done for 'all'.
18:57:56 **** Incremental Build of configuration Debug for project Lab2-1 ****
make -j8 all 
make: Nothing to be done for 'all'.
18:57:58 **** Incremental Build of configuration Debug for project Lab2-1 ****
make -j8 all 
make: Nothing to be done for 'all'.
18:58:00 **** Incremental Build of configuration Debug for project Lab2-1 ****
make -j8 all 
make: Nothing to be done for 'all'.
18:58:10 **** Incremental Build of configuration Debug for project Lab2-1 ****
make -j8 all 
make: Nothing to be done for 'all'.
18:58:37 **** Clean-only build of configuration Debug for project Lab2-1 ****
make -j8 clean 
rm -rf *
 
18:58:44 **** Build of configuration Debug for project Lab2-1 ****
make -j8 all 
Building file: ../startup/startup_stm32.s
Building file: ../startup/sysmem.c
Building file: ../src/main.s
Invoking: MCU GCC Assembler
Invoking: MCU GCC Compiler
Invoking: MCU GCC Assembler
D:\微處理機系統實驗\Lab2\Lab2-1\Debug
arm-none-eabi-as -mcpu=cortex-m4 -mthumb -mfloat-abi=hard -mfpu=fpv4-sp-d16 -g -o "startup/startup_stm32.o" "../startup/startup_stm32.s"
D:\微處理機系統實驗\Lab2\Lab2-1\Debug
arm-none-eabi-gcc -mcpu=cortex-m4 -mthumb -mfloat-abi=hard -mfpu=fpv4-sp-d16 -DSTM32 -DSTM32L4 -DSTM32L476RGTx -DNUCLEO_L476RG -DDEBUG -O0 -g3 -Wall -fmessage-length=0 -ffunction-sections -c -MMD -MP -MF"startup/sysmem.d" -MT"startup/sysmem.o" -o "startup/sysmem.o" "../startup/sysmem.c"
D:\微處理機系統實驗\Lab2\Lab2-1\Debug
arm-none-eabi-as -mcpu=cortex-m4 -mthumb -mfloat-abi=hard -mfpu=fpv4-sp-d16 -g -o "src/main.o" "../src/main.s"
Finished building: ../src/main.s
 
Finished building: ../startup/startup_stm32.s
 
Finished building: ../startup/sysmem.c
 
Building target: Lab2-1.elf
Invoking: MCU GCC Linker
arm-none-eabi-gcc -mcpu=cortex-m4 -mthumb -mfloat-abi=hard -mfpu=fpv4-sp-d16 -T"D:/微處理機系統實驗/Lab2/Lab2-1/LinkerScript.ld" -Wl,-Map=output.map -Wl,--gc-sections -o "Lab2-1.elf" @"objects.list"   -lm
Finished building target: Lab2-1.elf
 
make --no-print-directory post-build
Generating binary and Printing size information:
arm-none-eabi-objcopy -O binary "Lab2-1.elf" "Lab2-1.bin"
arm-none-eabi-size "Lab2-1.elf"
   text	   data	    bss	    dec	    hex	filename
   1072	   1240	   1088	   3400	    d48	Lab2-1.elf
 
18:59:27 **** Incremental Build of configuration Debug for project Lab2-1 ****
make -j8 all 
Building file: ../src/main.s
Invoking: MCU GCC Assembler
D:\微處理機系統實驗\Lab2\Lab2-1\Debug
arm-none-eabi-as -mcpu=cortex-m4 -mthumb -mfloat-abi=hard -mfpu=fpv4-sp-d16 -g -o "src/main.o" "../src/main.s"
Finished building: ../src/main.s
 
Building target: Lab2-1.elf
Invoking: MCU GCC Linker
arm-none-eabi-gcc -mcpu=cortex-m4 -mthumb -mfloat-abi=hard -mfpu=fpv4-sp-d16 -T"D:/微處理機系統實驗/Lab2/Lab2-1/LinkerScript.ld" -Wl,-Map=output.map -Wl,--gc-sections -o "Lab2-1.elf" @"objects.list"   -lm
Finished building target: Lab2-1.elf
 
make --no-print-directory post-build
Generating binary and Printing size information:
arm-none-eabi-objcopy -O binary "Lab2-1.elf" "Lab2-1.bin"
arm-none-eabi-size "Lab2-1.elf"
   text	   data	    bss	    dec	    hex	filename
   1072	   1240	   1088	   3400	    d48	Lab2-1.elf
 
19:11:51 **** Incremental Build of configuration Debug for project Lab2-1 ****
make -j8 all 
make: Nothing to be done for 'all'.
19:11:58 **** Incremental Build of configuration Debug for project Lab2-1 ****
make -j8 all 
make: Nothing to be done for 'all'.
19:12:42 **** Incremental Build of configuration Debug for project Lab2-1 ****
make -j8 all 
Building file: ../src/main.s
Invoking: MCU GCC Assembler
D:\微處理機系統實驗\Lab2\Lab2-1\Debug
arm-none-eabi-as -mcpu=cortex-m4 -mthumb -mfloat-abi=hard -mfpu=fpv4-sp-d16 -g -o "src/main.o" "../src/main.s"
Finished building: ../src/main.s
 
Building target: Lab2-1.elf
Invoking: MCU GCC Linker
arm-none-eabi-gcc -mcpu=cortex-m4 -mthumb -mfloat-abi=hard -mfpu=fpv4-sp-d16 -T"D:/微處理機系統實驗/Lab2/Lab2-1/LinkerScript.ld" -Wl,-Map=output.map -Wl,--gc-sections -o "Lab2-1.elf" @"objects.list"   -lm
Finished building target: Lab2-1.elf
 
make --no-print-directory post-build
Generating binary and Printing size information:
arm-none-eabi-objcopy -O binary "Lab2-1.elf" "Lab2-1.bin"
arm-none-eabi-size "Lab2-1.elf"
   text	   data	    bss	    dec	    hex	filename
   1072	   1248	   1088	   3408	    d50	Lab2-1.elf
 
19:51:48 **** Incremental Build of configuration Debug for project Lab2-1 ****
make -j8 all 
Building file: ../src/main.s
Invoking: MCU GCC Assembler
D:\微處理機系統實驗\Lab2\Lab2-1\Debug
arm-none-eabi-as -mcpu=cortex-m4 -mthumb -mfloat-abi=hard -mfpu=fpv4-sp-d16 -g -o "src/main.o" "../src/main.s"
../src/main.s: Assembler messages:
../src/main.s: Error: unaligned opcodes detected in executable segment
src/subdir.mk:15: recipe for target 'src/main.o' failed
make: *** [src/main.o] Error 1
19:51:57 **** Incremental Build of configuration Debug for project Lab2-1 ****
make -j8 all 
Building file: ../src/main.s
Invoking: MCU GCC Assembler
D:\微處理機系統實驗\Lab2\Lab2-1\Debug
arm-none-eabi-as -mcpu=cortex-m4 -mthumb -mfloat-abi=hard -mfpu=fpv4-sp-d16 -g -o "src/main.o" "../src/main.s"
../src/main.s: Assembler messages:
../src/main.s: Error: unaligned opcodes detected in executable segment
make: *** [src/main.o] Error 1
src/subdir.mk:15: recipe for target 'src/main.o' failed
19:52:15 **** Incremental Build of configuration Debug for project Lab2-1 ****
make -j8 all 
Building file: ../src/main.s
Invoking: MCU GCC Assembler
D:\微處理機系統實驗\Lab2\Lab2-1\Debug
arm-none-eabi-as -mcpu=cortex-m4 -mthumb -mfloat-abi=hard -mfpu=fpv4-sp-d16 -g -o "src/main.o" "../src/main.s"
Finished building: ../src/main.s
 
Building target: Lab2-1.elf
Invoking: MCU GCC Linker
arm-none-eabi-gcc -mcpu=cortex-m4 -mthumb -mfloat-abi=hard -mfpu=fpv4-sp-d16 -T"D:/微處理機系統實驗/Lab2/Lab2-1/LinkerScript.ld" -Wl,-Map=output.map -Wl,--gc-sections -o "Lab2-1.elf" @"objects.list"   -lm
Finished building target: Lab2-1.elf
 
make --no-print-directory post-build
Generating binary and Printing size information:
arm-none-eabi-objcopy -O binary "Lab2-1.elf" "Lab2-1.bin"
arm-none-eabi-size "Lab2-1.elf"
   text	   data	    bss	    dec	    hex	filename
   1072	   1248	   1088	   3408	    d50	Lab2-1.elf
 
19:52:17 **** Incremental Build of configuration Debug for project Lab2-1 ****
make -j8 all 
make: Nothing to be done for 'all'.
19:52:30 **** Incremental Build of configuration Debug for project Lab2-1 ****
make -j8 all 
make: Nothing to be done for 'all'.
19:53:24 **** Incremental Build of configuration Debug for project Lab2-1 ****
make -j8 all 
make: Nothing to be done for 'all'.
19:54:40 **** Incremental Build of configuration Debug for project Lab2-1 ****
make -j8 all 
make: Nothing to be done for 'all'.
19:55:08 **** Incremental Build of configuration Debug for project Lab2-1 ****
make -j8 all 
make: Nothing to be done for 'all'.
19:56:40 **** Incremental Build of configuration Debug for project Lab2-1 ****
make -j8 all 
make: Nothing to be done for 'all'.
19:58:23 **** Incremental Build of configuration Debug for project Lab2-1 ****
make -j8 all 
make: Nothing to be done for 'all'.
20:00:28 **** Incremental Build of configuration Debug for project Lab2-1 ****
make -j8 all 
make: Nothing to be done for 'all'.
20:07:16 **** Incremental Build of configuration Debug for project Lab2-1 ****
make -j8 all 
Building file: ../src/main.s
Invoking: MCU GCC Assembler
D:\微處理機系統實驗\Lab2\Lab2-1\Debug
arm-none-eabi-as -mcpu=cortex-m4 -mthumb -mfloat-abi=hard -mfpu=fpv4-sp-d16 -g -o "src/main.o" "../src/main.s"
../src/main.s: Assembler messages:
../src/main.s:10: Error: symbol `postfix_expr' is already defined
src/subdir.mk:15: recipe for target 'src/main.o' failed
make: *** [src/main.o] Error 1
20:07:35 **** Incremental Build of configuration Debug for project Lab2-1 ****
make -j8 all 
Building file: ../src/main.s
Invoking: MCU GCC Assembler
D:\微處理機系統實驗\Lab2\Lab2-1\Debug
arm-none-eabi-as -mcpu=cortex-m4 -mthumb -mfloat-abi=hard -mfpu=fpv4-sp-d16 -g -o "src/main.o" "../src/main.s"
Finished building: ../src/main.s
 
Building target: Lab2-1.elf
Invoking: MCU GCC Linker
arm-none-eabi-gcc -mcpu=cortex-m4 -mthumb -mfloat-abi=hard -mfpu=fpv4-sp-d16 -T"D:/微處理機系統實驗/Lab2/Lab2-1/LinkerScript.ld" -Wl,-Map=output.map -Wl,--gc-sections -o "Lab2-1.elf" @"objects.list"   -lm
Finished building target: Lab2-1.elf
 
make --no-print-directory post-build
Generating binary and Printing size information:
arm-none-eabi-objcopy -O binary "Lab2-1.elf" "Lab2-1.bin"
arm-none-eabi-size "Lab2-1.elf"
   text	   data	    bss	    dec	    hex	filename
   1104	   1224	   1088	   3416	    d58	Lab2-1.elf
 
20:07:50 **** Incremental Build of configuration Debug for project Lab2-1 ****
make -j8 all 
Building file: ../src/main.s
Invoking: MCU GCC Assembler
D:\微處理機系統實驗\Lab2\Lab2-1\Debug
arm-none-eabi-as -mcpu=cortex-m4 -mthumb -mfloat-abi=hard -mfpu=fpv4-sp-d16 -g -o "src/main.o" "../src/main.s"
Finished building: ../src/main.s
 
Building target: Lab2-1.elf
Invoking: MCU GCC Linker
arm-none-eabi-gcc -mcpu=cortex-m4 -mthumb -mfloat-abi=hard -mfpu=fpv4-sp-d16 -T"D:/微處理機系統實驗/Lab2/Lab2-1/LinkerScript.ld" -Wl,-Map=output.map -Wl,--gc-sections -o "Lab2-1.elf" @"objects.list"   -lm
Finished building target: Lab2-1.elf
 
make --no-print-directory post-build
Generating binary and Printing size information:
arm-none-eabi-objcopy -O binary "Lab2-1.elf" "Lab2-1.bin"
arm-none-eabi-size "Lab2-1.elf"
   text	   data	    bss	    dec	    hex	filename
   1104	   1224	   1088	   3416	    d58	Lab2-1.elf
 
20:08:48 **** Incremental Build of configuration Debug for project Lab2-1 ****
make -j8 all 
Building file: ../src/main.s
Invoking: MCU GCC Assembler
D:\微處理機系統實驗\Lab2\Lab2-1\Debug
arm-none-eabi-as -mcpu=cortex-m4 -mthumb -mfloat-abi=hard -mfpu=fpv4-sp-d16 -g -o "src/main.o" "../src/main.s"
../src/main.s: Assembler messages:
../src/main.s: Error: unaligned opcodes detected in executable segment
src/subdir.mk:15: recipe for target 'src/main.o' failed
make: *** [src/main.o] Error 1
20:10:27 **** Incremental Build of configuration Debug for project Lab2-1 ****
make -j8 all 
Building file: ../src/main.s
Invoking: MCU GCC Assembler
D:\微處理機系統實驗\Lab2\Lab2-1\Debug
arm-none-eabi-as -mcpu=cortex-m4 -mthumb -mfloat-abi=hard -mfpu=fpv4-sp-d16 -g -o "src/main.o" "../src/main.s"
../src/main.s: Assembler messages:
../src/main.s: Error: unaligned opcodes detected in executable segment
make: *** [src/main.o] Error 1
src/subdir.mk:15: recipe for target 'src/main.o' failed
20:10:34 **** Incremental Build of configuration Debug for project Lab2-1 ****
make -j8 all 
Building file: ../src/main.s
Invoking: MCU GCC Assembler
D:\微處理機系統實驗\Lab2\Lab2-1\Debug
arm-none-eabi-as -mcpu=cortex-m4 -mthumb -mfloat-abi=hard -mfpu=fpv4-sp-d16 -g -o "src/main.o" "../src/main.s"
../src/main.s: Assembler messages:
../src/main.s: Error: unaligned opcodes detected in executable segment
make: *** [src/main.o] Error 1
src/subdir.mk:15: recipe for target 'src/main.o' failed
20:10:39 **** Incremental Build of configuration Debug for project Lab2-1 ****
make -j8 all 
Building file: ../src/main.s
Invoking: MCU GCC Assembler
D:\微處理機系統實驗\Lab2\Lab2-1\Debug
arm-none-eabi-as -mcpu=cortex-m4 -mthumb -mfloat-abi=hard -mfpu=fpv4-sp-d16 -g -o "src/main.o" "../src/main.s"
../src/main.s: Assembler messages:
../src/main.s: Error: unaligned opcodes detected in executable segment
src/subdir.mk:15: recipe for target 'src/main.o' failed
make: *** [src/main.o] Error 1
20:11:48 **** Incremental Build of configuration Debug for project Lab2-1 ****
make -j8 all 
Building file: ../src/main.s
Invoking: MCU GCC Assembler
D:\微處理機系統實驗\Lab2\Lab2-1\Debug
arm-none-eabi-as -mcpu=cortex-m4 -mthumb -mfloat-abi=hard -mfpu=fpv4-sp-d16 -g -o "src/main.o" "../src/main.s"
Finished building: ../src/main.s
 
Building target: Lab2-1.elf
Invoking: MCU GCC Linker
arm-none-eabi-gcc -mcpu=cortex-m4 -mthumb -mfloat-abi=hard -mfpu=fpv4-sp-d16 -T"D:/微處理機系統實驗/Lab2/Lab2-1/LinkerScript.ld" -Wl,-Map=output.map -Wl,--gc-sections -o "Lab2-1.elf" @"objects.list"   -lm
Finished building target: Lab2-1.elf
 
make --no-print-directory post-build
Generating binary and Printing size information:
arm-none-eabi-objcopy -O binary "Lab2-1.elf" "Lab2-1.bin"
arm-none-eabi-size "Lab2-1.elf"
   text	   data	    bss	    dec	    hex	filename
   1104	   1224	   1088	   3416	    d58	Lab2-1.elf
 
20:12:30 **** Incremental Build of configuration Debug for project Lab2-1 ****
make -j8 all 
Building file: ../src/main.s
Invoking: MCU GCC Assembler
D:\微處理機系統實驗\Lab2\Lab2-1\Debug
arm-none-eabi-as -mcpu=cortex-m4 -mthumb -mfloat-abi=hard -mfpu=fpv4-sp-d16 -g -o "src/main.o" "../src/main.s"
Finished building: ../src/main.s
 
Building target: Lab2-1.elf
Invoking: MCU GCC Linker
arm-none-eabi-gcc -mcpu=cortex-m4 -mthumb -mfloat-abi=hard -mfpu=fpv4-sp-d16 -T"D:/微處理機系統實驗/Lab2/Lab2-1/LinkerScript.ld" -Wl,-Map=output.map -Wl,--gc-sections -o "Lab2-1.elf" @"objects.list"   -lm
Finished building target: Lab2-1.elf
 
make --no-print-directory post-build
Generating binary and Printing size information:
arm-none-eabi-objcopy -O binary "Lab2-1.elf" "Lab2-1.bin"
arm-none-eabi-size "Lab2-1.elf"
   text	   data	    bss	    dec	    hex	filename
   1088	   1224	   1088	   3400	    d48	Lab2-1.elf
 
20:13:36 **** Incremental Build of configuration Debug for project Lab2-1 ****
make -j8 all 
make: Nothing to be done for 'all'.
20:14:47 **** Incremental Build of configuration Debug for project Lab2-1 ****
make -j8 all 
make: Nothing to be done for 'all'.
20:14:49 **** Incremental Build of configuration Debug for project Lab2-1 ****
make -j8 all 
make: Nothing to be done for 'all'.
