14:53:29 **** Incremental Build of configuration Debug for project Lab5-1 ****
make -j8 all 
Building target: Lab5-1.elf
Invoking: MCU GCC Linker
arm-none-eabi-gcc -mcpu=cortex-m4 -mthumb -mfloat-abi=hard -mfpu=fpv4-sp-d16 -T"D:/微處理機系統實驗/Lab5/Lab5-1/LinkerScript.ld" -Wl,-Map=output.map -Wl,--gc-sections -o "Lab5-1.elf" @"objects.list"   -lm
src/main.o: In function `main':
D:\微處理機系統實驗\Lab5\Lab5-1\Debug/../src/main.c:22: undefined reference to `GPIO_init'
D:\微處理機系統實驗\Lab5\Lab5-1\Debug/../src/main.c:23: undefined reference to `max7219_init'
collect2.exe: error: ld returned 1 exit status
makefile:34: recipe for target 'Lab5-1.elf' failed
make: *** [Lab5-1.elf] Error 1
14:56:49 **** Incremental Build of configuration Debug for project Lab5-1 ****
make -j8 all 
Building file: ../src/gpio_init.s
Building file: ../src/max7219_init.s
Invoking: MCU GCC Assembler
Invoking: MCU GCC Assembler
D:\微處理機系統實驗\Lab5\Lab5-1\Debug
arm-none-eabi-as -mcpu=cortex-m4 -mthumb -mfloat-abi=hard -mfpu=fpv4-sp-d16 -g -o "src/gpio_init.o" "../src/gpio_init.s"
D:\微處理機系統實驗\Lab5\Lab5-1\Debug
arm-none-eabi-as -mcpu=cortex-m4 -mthumb -mfloat-abi=hard -mfpu=fpv4-sp-d16 -g -o "src/max7219_init.o" "../src/max7219_init.s"
Building file: ../src/max7219_send.s
Invoking: MCU GCC Assembler
D:\微處理機系統實驗\Lab5\Lab5-1\Debug
Finished building: ../src/gpio_init.s
arm-none-eabi-as -mcpu=cortex-m4 -mthumb -mfloat-abi=hard -mfpu=fpv4-sp-d16 -g -o "src/max7219_send.o" "../src/max7219_send.s"
Finished building: ../src/max7219_init.s
 
 
Finished building: ../src/max7219_send.s
 
Building target: Lab5-1.elf
Invoking: MCU GCC Linker
arm-none-eabi-gcc -mcpu=cortex-m4 -mthumb -mfloat-abi=hard -mfpu=fpv4-sp-d16 -T"D:/微處理機系統實驗/Lab5/Lab5-1/LinkerScript.ld" -Wl,-Map=output.map -Wl,--gc-sections -o "Lab5-1.elf" @"objects.list"   -lm
src/max7219_init.o: In function `max7219_init':
D:\微處理機系統實驗\Lab5\Lab5-1\Debug/../src/max7219_init.s:24: undefined reference to `MAX7219Send'
D:\微處理機系統實驗\Lab5\Lab5-1\Debug/../src/max7219_init.s:29: undefined reference to `MAX7219Send'
D:\微處理機系統實驗\Lab5\Lab5-1\Debug/../src/max7219_init.s:32: undefined reference to `MAX7219Send'
D:\微處理機系統實驗\Lab5\Lab5-1\Debug/../src/max7219_init.s:35: undefined reference to `MAX7219Send'
D:\微處理機系統實驗\Lab5\Lab5-1\Debug/../src/max7219_init.s:40: undefined reference to `MAX7219Send'
collect2.exe: error: ld returned 1 exit status
makefile:34: recipe for target 'Lab5-1.elf' failed
make: *** [Lab5-1.elf] Error 1
15:00:46 **** Incremental Build of configuration Debug for project Lab5-1 ****
make -j8 all 
Building file: ../src/assembly.s
Invoking: MCU GCC Assembler
D:\微處理機系統實驗\Lab5\Lab5-1\Debug
arm-none-eabi-as -mcpu=cortex-m4 -mthumb -mfloat-abi=hard -mfpu=fpv4-sp-d16 -g -o "src/assembly.o" "../src/assembly.s"
Finished building: ../src/assembly.s
 
Building target: Lab5-1.elf
Invoking: MCU GCC Linker
arm-none-eabi-gcc -mcpu=cortex-m4 -mthumb -mfloat-abi=hard -mfpu=fpv4-sp-d16 -T"D:/微處理機系統實驗/Lab5/Lab5-1/LinkerScript.ld" -Wl,-Map=output.map -Wl,--gc-sections -o "Lab5-1.elf" @"objects.list"   -lm
Finished building target: Lab5-1.elf
 
make --no-print-directory post-build
Generating binary and Printing size information:
arm-none-eabi-objcopy -O binary "Lab5-1.elf" "Lab5-1.bin"
arm-none-eabi-size "Lab5-1.elf"
   text	   data	    bss	    dec	    hex	filename
   1144	   1088	   1088	   3320	    cf8	Lab5-1.elf
 
15:24:23 **** Incremental Build of configuration Debug for project Lab5-1 ****
make -j8 all 
Building file: ../src/main.c
Invoking: MCU GCC Compiler
D:\微處理機系統實驗\Lab5\Lab5-1\Debug
arm-none-eabi-gcc -mcpu=cortex-m4 -mthumb -mfloat-abi=hard -mfpu=fpv4-sp-d16 -DSTM32 -DSTM32L4 -DSTM32L476RGTx -DNUCLEO_L476RG -DDEBUG -I"D:/微處理機系統實驗/Lab5/Lab5-1/inc" -O0 -g3 -Wall -fmessage-length=0 -ffunction-sections -c -MMD -MP -MF"src/main.d" -MT"src/main.o" -o "src/main.o" "../src/main.c"
../src/main.c: In function 'display':
../src/main.c:30:1: warning: control reaches end of non-void function [-Wreturn-type]
 }
 ^
Finished building: ../src/main.c
 
Building target: Lab5-1.elf
Invoking: MCU GCC Linker
arm-none-eabi-gcc -mcpu=cortex-m4 -mthumb -mfloat-abi=hard -mfpu=fpv4-sp-d16 -T"D:/微處理機系統實驗/Lab5/Lab5-1/LinkerScript.ld" -Wl,-Map=output.map -Wl,--gc-sections -o "Lab5-1.elf" @"objects.list"   -lm
src/main.o: In function `display':
D:\微處理機系統實驗\Lab5\Lab5-1\Debug/../src/main.c:26: undefined reference to `max7219_send'
collect2.exe: error: ld returned 1 exit status
makefile:34: recipe for target 'Lab5-1.elf' failed
make: *** [Lab5-1.elf] Error 1
15:25:31 **** Incremental Build of configuration Debug for project Lab5-1 ****
make -j8 all 
Building file: ../src/assembly.s
Invoking: MCU GCC Assembler
D:\微處理機系統實驗\Lab5\Lab5-1\Debug
arm-none-eabi-as -mcpu=cortex-m4 -mthumb -mfloat-abi=hard -mfpu=fpv4-sp-d16 -g -o "src/assembly.o" "../src/assembly.s"
Finished building: ../src/assembly.s
 
Building target: Lab5-1.elf
Invoking: MCU GCC Linker
arm-none-eabi-gcc -mcpu=cortex-m4 -mthumb -mfloat-abi=hard -mfpu=fpv4-sp-d16 -T"D:/微處理機系統實驗/Lab5/Lab5-1/LinkerScript.ld" -Wl,-Map=output.map -Wl,--gc-sections -o "Lab5-1.elf" @"objects.list"   -lm
src/main.o: In function `display':
D:\微處理機系統實驗\Lab5\Lab5-1\Debug/../src/main.c:26: undefined reference to `max7219_send'
src/main.o: In function `main':
D:\微處理機系統實驗\Lab5\Lab5-1\Debug/../src/main.c:35: undefined reference to `max7219_init'
collect2.exe: error: ld returned 1 exit status
makefile:34: recipe for target 'Lab5-1.elf' failed
make: *** [Lab5-1.elf] Error 1
15:25:53 **** Incremental Build of configuration Debug for project Lab5-1 ****
make -j8 all 
Building file: ../src/assembly.s
Building file: ../src/main.c
Invoking: MCU GCC Assembler
Invoking: MCU GCC Compiler
D:\微處理機系統實驗\Lab5\Lab5-1\Debug
arm-none-eabi-as -mcpu=cortex-m4 -mthumb -mfloat-abi=hard -mfpu=fpv4-sp-d16 -g -o "src/assembly.o" "../src/assembly.s"
D:\微處理機系統實驗\Lab5\Lab5-1\Debug
arm-none-eabi-gcc -mcpu=cortex-m4 -mthumb -mfloat-abi=hard -mfpu=fpv4-sp-d16 -DSTM32 -DSTM32L4 -DSTM32L476RGTx -DNUCLEO_L476RG -DDEBUG -I"D:/微處理機系統實驗/Lab5/Lab5-1/inc" -O0 -g3 -Wall -fmessage-length=0 -ffunction-sections -c -MMD -MP -MF"src/main.d" -MT"src/main.o" -o "src/main.o" "../src/main.c"
Finished building: ../src/assembly.s
 
../src/main.c: In function 'display':
../src/main.c:30:1: warning: control reaches end of non-void function [-Wreturn-type]
 }
 ^
Finished building: ../src/main.c
 
Building target: Lab5-1.elf
Invoking: MCU GCC Linker
arm-none-eabi-gcc -mcpu=cortex-m4 -mthumb -mfloat-abi=hard -mfpu=fpv4-sp-d16 -T"D:/微處理機系統實驗/Lab5/Lab5-1/LinkerScript.ld" -Wl,-Map=output.map -Wl,--gc-sections -o "Lab5-1.elf" @"objects.list"   -lm
src/assembly.o: In function `max7219_init':
D:\微處理機系統實驗\Lab5\Lab5-1\Debug/../src/assembly.s:59: undefined reference to `MAX7219Send'
D:\微處理機系統實驗\Lab5\Lab5-1\Debug/../src/assembly.s:64: undefined reference to `MAX7219Send'
D:\微處理機系統實驗\Lab5\Lab5-1\Debug/../src/assembly.s:67: undefined reference to `MAX7219Send'
D:\微處理機系統實驗\Lab5\Lab5-1\Debug/../src/assembly.s:70: undefined reference to `MAX7219Send'
D:\微處理機系統實驗\Lab5\Lab5-1\Debug/../src/assembly.s:75: undefined reference to `MAX7219Send'
collect2.exe: error: ld returned 1 exit status
makefile:34: recipe for target 'Lab5-1.elf' failed
make: *** [Lab5-1.elf] Error 1
15:26:12 **** Incremental Build of configuration Debug for project Lab5-1 ****
make -j8 all 
Building file: ../src/assembly.s
Invoking: MCU GCC Assembler
D:\微處理機系統實驗\Lab5\Lab5-1\Debug
arm-none-eabi-as -mcpu=cortex-m4 -mthumb -mfloat-abi=hard -mfpu=fpv4-sp-d16 -g -o "src/assembly.o" "../src/assembly.s"
Finished building: ../src/assembly.s
 
Building target: Lab5-1.elf
Invoking: MCU GCC Linker
arm-none-eabi-gcc -mcpu=cortex-m4 -mthumb -mfloat-abi=hard -mfpu=fpv4-sp-d16 -T"D:/微處理機系統實驗/Lab5/Lab5-1/LinkerScript.ld" -Wl,-Map=output.map -Wl,--gc-sections -o "Lab5-1.elf" @"objects.list"   -lm
Finished building target: Lab5-1.elf
 
make --no-print-directory post-build
Generating binary and Printing size information:
arm-none-eabi-objcopy -O binary "Lab5-1.elf" "Lab5-1.bin"
arm-none-eabi-size "Lab5-1.elf"
   text	   data	    bss	    dec	    hex	filename
   1248	   1088	   1088	   3424	    d60	Lab5-1.elf
 
15:35:54 **** Incremental Build of configuration Debug for project Lab5-1 ****
make -j8 all 
Building file: ../src/main.c
Invoking: MCU GCC Compiler
D:\微處理機系統實驗\Lab5\Lab5-1\Debug
arm-none-eabi-gcc -mcpu=cortex-m4 -mthumb -mfloat-abi=hard -mfpu=fpv4-sp-d16 -DSTM32 -DSTM32L4 -DSTM32L476RGTx -DNUCLEO_L476RG -DDEBUG -I"D:/微處理機系統實驗/Lab5/Lab5-1/inc" -O0 -g3 -Wall -fmessage-length=0 -ffunction-sections -c -MMD -MP -MF"src/main.d" -MT"src/main.o" -o "src/main.o" "../src/main.c"
../src/main.c: In function 'display':
../src/main.c:31:1: warning: control reaches end of non-void function [-Wreturn-type]
 }
 ^
Finished building: ../src/main.c
 
Building target: Lab5-1.elf
Invoking: MCU GCC Linker
arm-none-eabi-gcc -mcpu=cortex-m4 -mthumb -mfloat-abi=hard -mfpu=fpv4-sp-d16 -T"D:/微處理機系統實驗/Lab5/Lab5-1/LinkerScript.ld" -Wl,-Map=output.map -Wl,--gc-sections -o "Lab5-1.elf" @"objects.list"   -lm
Finished building target: Lab5-1.elf
 
make --no-print-directory post-build
Generating binary and Printing size information:
arm-none-eabi-objcopy -O binary "Lab5-1.elf" "Lab5-1.bin"
arm-none-eabi-size "Lab5-1.elf"
   text	   data	    bss	    dec	    hex	filename
   1240	   1088	   1088	   3416	    d58	Lab5-1.elf
 
15:41:35 **** Incremental Build of configuration Debug for project Lab5-1 ****
make -j8 all 
Building file: ../src/assembly.s
Building file: ../src/main.c
Invoking: MCU GCC Assembler
Invoking: MCU GCC Compiler
D:\微處理機系統實驗\Lab5\Lab5-1\Debug
arm-none-eabi-as -mcpu=cortex-m4 -mthumb -mfloat-abi=hard -mfpu=fpv4-sp-d16 -g -o "src/assembly.o" "../src/assembly.s"
D:\微處理機系統實驗\Lab5\Lab5-1\Debug
arm-none-eabi-gcc -mcpu=cortex-m4 -mthumb -mfloat-abi=hard -mfpu=fpv4-sp-d16 -DSTM32 -DSTM32L4 -DSTM32L476RGTx -DNUCLEO_L476RG -DDEBUG -I"D:/微處理機系統實驗/Lab5/Lab5-1/inc" -O0 -g3 -Wall -fmessage-length=0 -ffunction-sections -c -MMD -MP -MF"src/main.d" -MT"src/main.o" -o "src/main.o" "../src/main.c"
Finished building: ../src/assembly.s
 
Finished building: ../src/main.c
 
Building target: Lab5-1.elf
Invoking: MCU GCC Linker
arm-none-eabi-gcc -mcpu=cortex-m4 -mthumb -mfloat-abi=hard -mfpu=fpv4-sp-d16 -T"D:/微處理機系統實驗/Lab5/Lab5-1/LinkerScript.ld" -Wl,-Map=output.map -Wl,--gc-sections -o "Lab5-1.elf" @"objects.list"   -lm
Finished building target: Lab5-1.elf
 
make --no-print-directory post-build
Generating binary and Printing size information:
arm-none-eabi-objcopy -O binary "Lab5-1.elf" "Lab5-1.bin"
arm-none-eabi-size "Lab5-1.elf"
   text	   data	    bss	    dec	    hex	filename
   1320	   1088	   1088	   3496	    da8	Lab5-1.elf
 
15:41:49 **** Incremental Build of configuration Debug for project Lab5-1 ****
make -j8 all 
make: Nothing to be done for 'all'.
15:42:44 **** Incremental Build of configuration Debug for project Lab5-1 ****
make -j8 all 
Building file: ../src/assembly.s
Invoking: MCU GCC Assembler
D:\微處理機系統實驗\Lab5\Lab5-1\Debug
arm-none-eabi-as -mcpu=cortex-m4 -mthumb -mfloat-abi=hard -mfpu=fpv4-sp-d16 -g -o "src/assembly.o" "../src/assembly.s"
Finished building: ../src/assembly.s
 
Building target: Lab5-1.elf
Invoking: MCU GCC Linker
arm-none-eabi-gcc -mcpu=cortex-m4 -mthumb -mfloat-abi=hard -mfpu=fpv4-sp-d16 -T"D:/微處理機系統實驗/Lab5/Lab5-1/LinkerScript.ld" -Wl,-Map=output.map -Wl,--gc-sections -o "Lab5-1.elf" @"objects.list"   -lm
Finished building target: Lab5-1.elf
 
make --no-print-directory post-build
Generating binary and Printing size information:
arm-none-eabi-objcopy -O binary "Lab5-1.elf" "Lab5-1.bin"
arm-none-eabi-size "Lab5-1.elf"
   text	   data	    bss	    dec	    hex	filename
   1320	   1088	   1088	   3496	    da8	Lab5-1.elf
 
15:44:02 **** Incremental Build of configuration Debug for project Lab5-1 ****
make -j8 all 
make: Nothing to be done for 'all'.
15:45:01 **** Incremental Build of configuration Debug for project Lab5-1 ****
make -j8 all 
make: Nothing to be done for 'all'.
15:47:11 **** Incremental Build of configuration Debug for project Lab5-1 ****
make -j8 all 
Building file: ../src/assembly.s
Invoking: MCU GCC Assembler
D:\微處理機系統實驗\Lab5\Lab5-1\Debug
arm-none-eabi-as -mcpu=cortex-m4 -mthumb -mfloat-abi=hard -mfpu=fpv4-sp-d16 -g -o "src/assembly.o" "../src/assembly.s"
Finished building: ../src/assembly.s
 
Building target: Lab5-1.elf
Invoking: MCU GCC Linker
arm-none-eabi-gcc -mcpu=cortex-m4 -mthumb -mfloat-abi=hard -mfpu=fpv4-sp-d16 -T"D:/微處理機系統實驗/Lab5/Lab5-1/LinkerScript.ld" -Wl,-Map=output.map -Wl,--gc-sections -o "Lab5-1.elf" @"objects.list"   -lm
Finished building target: Lab5-1.elf
 
make --no-print-directory post-build
Generating binary and Printing size information:
arm-none-eabi-objcopy -O binary "Lab5-1.elf" "Lab5-1.bin"
arm-none-eabi-size "Lab5-1.elf"
   text	   data	    bss	    dec	    hex	filename
   1328	   1088	   1088	   3504	    db0	Lab5-1.elf
 
15:47:22 **** Incremental Build of configuration Debug for project Lab5-1 ****
make -j8 all 
make: Nothing to be done for 'all'.
15:48:05 **** Incremental Build of configuration Debug for project Lab5-1 ****
make -j8 all 
make: Nothing to be done for 'all'.
15:49:01 **** Incremental Build of configuration Debug for project Lab5-1 ****
make -j8 all 
Building file: ../src/assembly.s
Invoking: MCU GCC Assembler
D:\微處理機系統實驗\Lab5\Lab5-1\Debug
arm-none-eabi-as -mcpu=cortex-m4 -mthumb -mfloat-abi=hard -mfpu=fpv4-sp-d16 -g -o "src/assembly.o" "../src/assembly.s"
Finished building: ../src/assembly.s
 
Building target: Lab5-1.elf
Invoking: MCU GCC Linker
arm-none-eabi-gcc -mcpu=cortex-m4 -mthumb -mfloat-abi=hard -mfpu=fpv4-sp-d16 -T"D:/微處理機系統實驗/Lab5/Lab5-1/LinkerScript.ld" -Wl,-Map=output.map -Wl,--gc-sections -o "Lab5-1.elf" @"objects.list"   -lm
Finished building target: Lab5-1.elf
 
make --no-print-directory post-build
Generating binary and Printing size information:
arm-none-eabi-objcopy -O binary "Lab5-1.elf" "Lab5-1.bin"
arm-none-eabi-size "Lab5-1.elf"
   text	   data	    bss	    dec	    hex	filename
   1328	   1088	   1088	   3504	    db0	Lab5-1.elf
 
15:49:15 **** Incremental Build of configuration Debug for project Lab5-1 ****
make -j8 all 
make: Nothing to be done for 'all'.
15:49:19 **** Incremental Build of configuration Debug for project Lab5-1 ****
make -j8 all 
make: Nothing to be done for 'all'.
15:50:02 **** Incremental Build of configuration Debug for project Lab5-1 ****
make -j8 all 
make: Nothing to be done for 'all'.
15:50:26 **** Incremental Build of configuration Debug for project Lab5-1 ****
make -j8 all 
make: Nothing to be done for 'all'.
15:50:29 **** Incremental Build of configuration Debug for project Lab5-1 ****
make -j8 all 
make: Nothing to be done for 'all'.
15:54:06 **** Incremental Build of configuration Debug for project Lab5-1 ****
make -j8 all 
Building file: ../src/main.c
Invoking: MCU GCC Compiler
D:\微處理機系統實驗\Lab5\Lab5-1\Debug
arm-none-eabi-gcc -mcpu=cortex-m4 -mthumb -mfloat-abi=hard -mfpu=fpv4-sp-d16 -DSTM32 -DSTM32L4 -DSTM32L476RGTx -DNUCLEO_L476RG -DDEBUG -I"D:/微處理機系統實驗/Lab5/Lab5-1/inc" -O0 -g3 -Wall -fmessage-length=0 -ffunction-sections -c -MMD -MP -MF"src/main.d" -MT"src/main.o" -o "src/main.o" "../src/main.c"
Finished building: ../src/main.c
 
Building target: Lab5-1.elf
Invoking: MCU GCC Linker
arm-none-eabi-gcc -mcpu=cortex-m4 -mthumb -mfloat-abi=hard -mfpu=fpv4-sp-d16 -T"D:/微處理機系統實驗/Lab5/Lab5-1/LinkerScript.ld" -Wl,-Map=output.map -Wl,--gc-sections -o "Lab5-1.elf" @"objects.list"   -lm
Finished building target: Lab5-1.elf
 
make --no-print-directory post-build
Generating binary and Printing size information:
arm-none-eabi-objcopy -O binary "Lab5-1.elf" "Lab5-1.bin"
arm-none-eabi-size "Lab5-1.elf"
   text	   data	    bss	    dec	    hex	filename
   1336	   1088	   1088	   3512	    db8	Lab5-1.elf
 
15:56:51 **** Incremental Build of configuration Debug for project Lab5-1 ****
make -j8 all 
Building file: ../src/main.c
Invoking: MCU GCC Compiler
D:\微處理機系統實驗\Lab5\Lab5-1\Debug
arm-none-eabi-gcc -mcpu=cortex-m4 -mthumb -mfloat-abi=hard -mfpu=fpv4-sp-d16 -DSTM32 -DSTM32L4 -DSTM32L476RGTx -DNUCLEO_L476RG -DDEBUG -I"D:/微處理機系統實驗/Lab5/Lab5-1/inc" -O0 -g3 -Wall -fmessage-length=0 -ffunction-sections -c -MMD -MP -MF"src/main.d" -MT"src/main.o" -o "src/main.o" "../src/main.c"
../src/main.c:47:6: warning: return type of 'main' is not 'int' [-Wmain]
 void main()
      ^~~~
Finished building: ../src/main.c
 
Building target: Lab5-1.elf
Invoking: MCU GCC Linker
arm-none-eabi-gcc -mcpu=cortex-m4 -mthumb -mfloat-abi=hard -mfpu=fpv4-sp-d16 -T"D:/微處理機系統實驗/Lab5/Lab5-1/LinkerScript.ld" -Wl,-Map=output.map -Wl,--gc-sections -o "Lab5-1.elf" @"objects.list"   -lm
Finished building target: Lab5-1.elf
 
make --no-print-directory post-build
Generating binary and Printing size information:
arm-none-eabi-objcopy -O binary "Lab5-1.elf" "Lab5-1.bin"
arm-none-eabi-size "Lab5-1.elf"
   text	   data	    bss	    dec	    hex	filename
   1328	   1088	   1088	   3504	    db0	Lab5-1.elf
 
15:57:01 **** Incremental Build of configuration Debug for project Lab5-1 ****
make -j8 all 
make: Nothing to be done for 'all'.
15:57:41 **** Incremental Build of configuration Debug for project Lab5-1 ****
make -j8 all 
Building file: ../src/assembly.s
Invoking: MCU GCC Assembler
D:\微處理機系統實驗\Lab5\Lab5-1\Debug
arm-none-eabi-as -mcpu=cortex-m4 -mthumb -mfloat-abi=hard -mfpu=fpv4-sp-d16 -g -o "src/assembly.o" "../src/assembly.s"
Finished building: ../src/assembly.s
 
Building target: Lab5-1.elf
Invoking: MCU GCC Linker
arm-none-eabi-gcc -mcpu=cortex-m4 -mthumb -mfloat-abi=hard -mfpu=fpv4-sp-d16 -T"D:/微處理機系統實驗/Lab5/Lab5-1/LinkerScript.ld" -Wl,-Map=output.map -Wl,--gc-sections -o "Lab5-1.elf" @"objects.list"   -lm
Finished building target: Lab5-1.elf
 
make --no-print-directory post-build
Generating binary and Printing size information:
arm-none-eabi-objcopy -O binary "Lab5-1.elf" "Lab5-1.bin"
arm-none-eabi-size "Lab5-1.elf"
   text	   data	    bss	    dec	    hex	filename
   1336	   1088	   1088	   3512	    db8	Lab5-1.elf
 
15:57:51 **** Incremental Build of configuration Debug for project Lab5-1 ****
make -j8 all 
make: Nothing to be done for 'all'.
15:58:26 **** Incremental Build of configuration Debug for project Lab5-1 ****
make -j8 all 
Building file: ../src/assembly.s
Invoking: MCU GCC Assembler
D:\微處理機系統實驗\Lab5\Lab5-1\Debug
arm-none-eabi-as -mcpu=cortex-m4 -mthumb -mfloat-abi=hard -mfpu=fpv4-sp-d16 -g -o "src/assembly.o" "../src/assembly.s"
Finished building: ../src/assembly.s
 
Building target: Lab5-1.elf
Invoking: MCU GCC Linker
arm-none-eabi-gcc -mcpu=cortex-m4 -mthumb -mfloat-abi=hard -mfpu=fpv4-sp-d16 -T"D:/微處理機系統實驗/Lab5/Lab5-1/LinkerScript.ld" -Wl,-Map=output.map -Wl,--gc-sections -o "Lab5-1.elf" @"objects.list"   -lm
Finished building target: Lab5-1.elf
 
make --no-print-directory post-build
Generating binary and Printing size information:
arm-none-eabi-objcopy -O binary "Lab5-1.elf" "Lab5-1.bin"
arm-none-eabi-size "Lab5-1.elf"
   text	   data	    bss	    dec	    hex	filename
   1352	   1088	   1088	   3528	    dc8	Lab5-1.elf
 
15:58:59 **** Incremental Build of configuration Debug for project Lab5-1 ****
make -j8 all 
Building file: ../src/assembly.s
Invoking: MCU GCC Assembler
D:\微處理機系統實驗\Lab5\Lab5-1\Debug
arm-none-eabi-as -mcpu=cortex-m4 -mthumb -mfloat-abi=hard -mfpu=fpv4-sp-d16 -g -o "src/assembly.o" "../src/assembly.s"
Finished building: ../src/assembly.s
 
Building target: Lab5-1.elf
Invoking: MCU GCC Linker
arm-none-eabi-gcc -mcpu=cortex-m4 -mthumb -mfloat-abi=hard -mfpu=fpv4-sp-d16 -T"D:/微處理機系統實驗/Lab5/Lab5-1/LinkerScript.ld" -Wl,-Map=output.map -Wl,--gc-sections -o "Lab5-1.elf" @"objects.list"   -lm
Finished building target: Lab5-1.elf
 
make --no-print-directory post-build
Generating binary and Printing size information:
arm-none-eabi-objcopy -O binary "Lab5-1.elf" "Lab5-1.bin"
arm-none-eabi-size "Lab5-1.elf"
   text	   data	    bss	    dec	    hex	filename
   1328	   1088	   1088	   3504	    db0	Lab5-1.elf
 
15:59:26 **** Incremental Build of configuration Debug for project Lab5-1 ****
make -j8 all 
make: Nothing to be done for 'all'.
16:00:18 **** Incremental Build of configuration Debug for project Lab5-1 ****
make -j8 all 
Building file: ../src/assembly.s
Invoking: MCU GCC Assembler
D:\微處理機系統實驗\Lab5\Lab5-1\Debug
arm-none-eabi-as -mcpu=cortex-m4 -mthumb -mfloat-abi=hard -mfpu=fpv4-sp-d16 -g -o "src/assembly.o" "../src/assembly.s"
Finished building: ../src/assembly.s
 
Building target: Lab5-1.elf
Invoking: MCU GCC Linker
arm-none-eabi-gcc -mcpu=cortex-m4 -mthumb -mfloat-abi=hard -mfpu=fpv4-sp-d16 -T"D:/微處理機系統實驗/Lab5/Lab5-1/LinkerScript.ld" -Wl,-Map=output.map -Wl,--gc-sections -o "Lab5-1.elf" @"objects.list"   -lm
Finished building target: Lab5-1.elf
 
make --no-print-directory post-build
Generating binary and Printing size information:
arm-none-eabi-objcopy -O binary "Lab5-1.elf" "Lab5-1.bin"
arm-none-eabi-size "Lab5-1.elf"
   text	   data	    bss	    dec	    hex	filename
   1328	   1088	   1088	   3504	    db0	Lab5-1.elf
 
16:00:41 **** Incremental Build of configuration Debug for project Lab5-1 ****
make -j8 all 
make: Nothing to be done for 'all'.
23:26:27 **** Incremental Build of configuration Debug for project Lab5-1 ****
make -j8 all 
make: Nothing to be done for 'all'.
23:26:46 **** Incremental Build of configuration Debug for project Lab5-1 ****
make -j8 all 
Building file: ../src/assembly.s
Invoking: MCU GCC Assembler
D:\微處理機系統實驗\Lab5\Lab5-1\Debug
arm-none-eabi-as -mcpu=cortex-m4 -mthumb -mfloat-abi=hard -mfpu=fpv4-sp-d16 -g -o "src/assembly.o" "../src/assembly.s"
Finished building: ../src/assembly.s
 
Building target: Lab5-1.elf
Invoking: MCU GCC Linker
arm-none-eabi-gcc -mcpu=cortex-m4 -mthumb -mfloat-abi=hard -mfpu=fpv4-sp-d16 -T"D:/微處理機系統實驗/Lab5/Lab5-1/LinkerScript.ld" -Wl,-Map=output.map -Wl,--gc-sections -o "Lab5-1.elf" @"objects.list"   -lm
Finished building target: Lab5-1.elf
 
make --no-print-directory post-build
Generating binary and Printing size information:
arm-none-eabi-objcopy -O binary "Lab5-1.elf" "Lab5-1.bin"
arm-none-eabi-size "Lab5-1.elf"
   text	   data	    bss	    dec	    hex	filename
   1336	   1088	   1088	   3512	    db8	Lab5-1.elf
 
23:26:56 **** Incremental Build of configuration Debug for project Lab5-1 ****
make -j8 all 
make: Nothing to be done for 'all'.
23:27:18 **** Incremental Build of configuration Debug for project Lab5-1 ****
make -j8 all 
Building file: ../src/assembly.s
Invoking: MCU GCC Assembler
D:\微處理機系統實驗\Lab5\Lab5-1\Debug
arm-none-eabi-as -mcpu=cortex-m4 -mthumb -mfloat-abi=hard -mfpu=fpv4-sp-d16 -g -o "src/assembly.o" "../src/assembly.s"
Finished building: ../src/assembly.s
 
Building target: Lab5-1.elf
Invoking: MCU GCC Linker
arm-none-eabi-gcc -mcpu=cortex-m4 -mthumb -mfloat-abi=hard -mfpu=fpv4-sp-d16 -T"D:/微處理機系統實驗/Lab5/Lab5-1/LinkerScript.ld" -Wl,-Map=output.map -Wl,--gc-sections -o "Lab5-1.elf" @"objects.list"   -lm
Finished building target: Lab5-1.elf
 
make --no-print-directory post-build
Generating binary and Printing size information:
arm-none-eabi-objcopy -O binary "Lab5-1.elf" "Lab5-1.bin"
arm-none-eabi-size "Lab5-1.elf"
   text	   data	    bss	    dec	    hex	filename
   1336	   1088	   1088	   3512	    db8	Lab5-1.elf
 
23:27:41 **** Incremental Build of configuration Debug for project Lab5-1 ****
make -j8 all 
Building file: ../src/assembly.s
Invoking: MCU GCC Assembler
D:\微處理機系統實驗\Lab5\Lab5-1\Debug
arm-none-eabi-as -mcpu=cortex-m4 -mthumb -mfloat-abi=hard -mfpu=fpv4-sp-d16 -g -o "src/assembly.o" "../src/assembly.s"
Finished building: ../src/assembly.s
 
Building target: Lab5-1.elf
Invoking: MCU GCC Linker
arm-none-eabi-gcc -mcpu=cortex-m4 -mthumb -mfloat-abi=hard -mfpu=fpv4-sp-d16 -T"D:/微處理機系統實驗/Lab5/Lab5-1/LinkerScript.ld" -Wl,-Map=output.map -Wl,--gc-sections -o "Lab5-1.elf" @"objects.list"   -lm
Finished building target: Lab5-1.elf
 
make --no-print-directory post-build
Generating binary and Printing size information:
arm-none-eabi-objcopy -O binary "Lab5-1.elf" "Lab5-1.bin"
arm-none-eabi-size "Lab5-1.elf"
   text	   data	    bss	    dec	    hex	filename
   1352	   1088	   1088	   3528	    dc8	Lab5-1.elf
 
23:27:53 **** Incremental Build of configuration Debug for project Lab5-1 ****
make -j8 all 
make: Nothing to be done for 'all'.
23:28:10 **** Incremental Build of configuration Debug for project Lab5-1 ****
make -j8 all 
Building file: ../src/assembly.s
Invoking: MCU GCC Assembler
D:\微處理機系統實驗\Lab5\Lab5-1\Debug
arm-none-eabi-as -mcpu=cortex-m4 -mthumb -mfloat-abi=hard -mfpu=fpv4-sp-d16 -g -o "src/assembly.o" "../src/assembly.s"
Finished building: ../src/assembly.s
 
Building target: Lab5-1.elf
Invoking: MCU GCC Linker
arm-none-eabi-gcc -mcpu=cortex-m4 -mthumb -mfloat-abi=hard -mfpu=fpv4-sp-d16 -T"D:/微處理機系統實驗/Lab5/Lab5-1/LinkerScript.ld" -Wl,-Map=output.map -Wl,--gc-sections -o "Lab5-1.elf" @"objects.list"   -lm
Finished building target: Lab5-1.elf
 
make --no-print-directory post-build
Generating binary and Printing size information:
arm-none-eabi-objcopy -O binary "Lab5-1.elf" "Lab5-1.bin"
arm-none-eabi-size "Lab5-1.elf"
   text	   data	    bss	    dec	    hex	filename
   1344	   1088	   1088	   3520	    dc0	Lab5-1.elf
 
23:28:18 **** Incremental Build of configuration Debug for project Lab5-1 ****
make -j8 all 
make: Nothing to be done for 'all'.
23:28:31 **** Incremental Build of configuration Debug for project Lab5-1 ****
make -j8 all 
Building file: ../src/assembly.s
Invoking: MCU GCC Assembler
D:\微處理機系統實驗\Lab5\Lab5-1\Debug
arm-none-eabi-as -mcpu=cortex-m4 -mthumb -mfloat-abi=hard -mfpu=fpv4-sp-d16 -g -o "src/assembly.o" "../src/assembly.s"
Finished building: ../src/assembly.s
 
Building target: Lab5-1.elf
Invoking: MCU GCC Linker
arm-none-eabi-gcc -mcpu=cortex-m4 -mthumb -mfloat-abi=hard -mfpu=fpv4-sp-d16 -T"D:/微處理機系統實驗/Lab5/Lab5-1/LinkerScript.ld" -Wl,-Map=output.map -Wl,--gc-sections -o "Lab5-1.elf" @"objects.list"   -lm
Finished building target: Lab5-1.elf
 
make --no-print-directory post-build
Generating binary and Printing size information:
arm-none-eabi-objcopy -O binary "Lab5-1.elf" "Lab5-1.bin"
arm-none-eabi-size "Lab5-1.elf"
   text	   data	    bss	    dec	    hex	filename
   1352	   1088	   1088	   3528	    dc8	Lab5-1.elf
 
23:28:43 **** Incremental Build of configuration Debug for project Lab5-1 ****
make -j8 all 
make: Nothing to be done for 'all'.
23:31:06 **** Incremental Build of configuration Debug for project Lab5-1 ****
make -j8 all 
Building file: ../src/assembly.s
Invoking: MCU GCC Assembler
D:\微處理機系統實驗\Lab5\Lab5-1\Debug
arm-none-eabi-as -mcpu=cortex-m4 -mthumb -mfloat-abi=hard -mfpu=fpv4-sp-d16 -g -o "src/assembly.o" "../src/assembly.s"
Finished building: ../src/assembly.s
 
Building target: Lab5-1.elf
Invoking: MCU GCC Linker
arm-none-eabi-gcc -mcpu=cortex-m4 -mthumb -mfloat-abi=hard -mfpu=fpv4-sp-d16 -T"D:/微處理機系統實驗/Lab5/Lab5-1/LinkerScript.ld" -Wl,-Map=output.map -Wl,--gc-sections -o "Lab5-1.elf" @"objects.list"   -lm
Finished building target: Lab5-1.elf
 
make --no-print-directory post-build
Generating binary and Printing size information:
arm-none-eabi-objcopy -O binary "Lab5-1.elf" "Lab5-1.bin"
arm-none-eabi-size "Lab5-1.elf"
   text	   data	    bss	    dec	    hex	filename
   1328	   1088	   1088	   3504	    db0	Lab5-1.elf
 
23:32:26 **** Incremental Build of configuration Debug for project Lab5-1 ****
make -j8 all 
Building file: ../src/assembly.s
Invoking: MCU GCC Assembler
D:\微處理機系統實驗\Lab5\Lab5-1\Debug
arm-none-eabi-as -mcpu=cortex-m4 -mthumb -mfloat-abi=hard -mfpu=fpv4-sp-d16 -g -o "src/assembly.o" "../src/assembly.s"
Finished building: ../src/assembly.s
 
Building target: Lab5-1.elf
Invoking: MCU GCC Linker
arm-none-eabi-gcc -mcpu=cortex-m4 -mthumb -mfloat-abi=hard -mfpu=fpv4-sp-d16 -T"D:/微處理機系統實驗/Lab5/Lab5-1/LinkerScript.ld" -Wl,-Map=output.map -Wl,--gc-sections -o "Lab5-1.elf" @"objects.list"   -lm
Finished building target: Lab5-1.elf
 
make --no-print-directory post-build
Generating binary and Printing size information:
arm-none-eabi-objcopy -O binary "Lab5-1.elf" "Lab5-1.bin"
arm-none-eabi-size "Lab5-1.elf"
   text	   data	    bss	    dec	    hex	filename
   1328	   1088	   1088	   3504	    db0	Lab5-1.elf
 
23:33:08 **** Incremental Build of configuration Debug for project Lab5-1 ****
make -j8 all 
Building file: ../src/main.c
Invoking: MCU GCC Compiler
D:\微處理機系統實驗\Lab5\Lab5-1\Debug
arm-none-eabi-gcc -mcpu=cortex-m4 -mthumb -mfloat-abi=hard -mfpu=fpv4-sp-d16 -DSTM32 -DSTM32L4 -DSTM32L476RGTx -DNUCLEO_L476RG -DDEBUG -I"D:/微處理機系統實驗/Lab5/Lab5-1/inc" -O0 -g3 -Wall -fmessage-length=0 -ffunction-sections -c -MMD -MP -MF"src/main.d" -MT"src/main.o" -o "src/main.o" "../src/main.c"
../src/main.c:47:6: warning: return type of 'main' is not 'int' [-Wmain]
 void main()
      ^~~~
Finished building: ../src/main.c
 
Building target: Lab5-1.elf
Invoking: MCU GCC Linker
arm-none-eabi-gcc -mcpu=cortex-m4 -mthumb -mfloat-abi=hard -mfpu=fpv4-sp-d16 -T"D:/微處理機系統實驗/Lab5/Lab5-1/LinkerScript.ld" -Wl,-Map=output.map -Wl,--gc-sections -o "Lab5-1.elf" @"objects.list"   -lm
Finished building target: Lab5-1.elf
 
make --no-print-directory post-build
Generating binary and Printing size information:
arm-none-eabi-objcopy -O binary "Lab5-1.elf" "Lab5-1.bin"
arm-none-eabi-size "Lab5-1.elf"
   text	   data	    bss	    dec	    hex	filename
   1328	   1088	   1088	   3504	    db0	Lab5-1.elf
 
23:33:49 **** Incremental Build of configuration Debug for project Lab5-1 ****
make -j8 all 
make: Nothing to be done for 'all'.
23:34:53 **** Incremental Build of configuration Debug for project Lab5-1 ****
make -j8 all 
Building file: ../src/assembly.s
Invoking: MCU GCC Assembler
D:\微處理機系統實驗\Lab5\Lab5-1\Debug
arm-none-eabi-as -mcpu=cortex-m4 -mthumb -mfloat-abi=hard -mfpu=fpv4-sp-d16 -g -o "src/assembly.o" "../src/assembly.s"
Finished building: ../src/assembly.s
 
Building target: Lab5-1.elf
Invoking: MCU GCC Linker
arm-none-eabi-gcc -mcpu=cortex-m4 -mthumb -mfloat-abi=hard -mfpu=fpv4-sp-d16 -T"D:/微處理機系統實驗/Lab5/Lab5-1/LinkerScript.ld" -Wl,-Map=output.map -Wl,--gc-sections -o "Lab5-1.elf" @"objects.list"   -lm
Finished building target: Lab5-1.elf
 
make --no-print-directory post-build
Generating binary and Printing size information:
arm-none-eabi-objcopy -O binary "Lab5-1.elf" "Lab5-1.bin"
arm-none-eabi-size "Lab5-1.elf"
   text	   data	    bss	    dec	    hex	filename
   1336	   1088	   1088	   3512	    db8	Lab5-1.elf
 
23:37:25 **** Incremental Build of configuration Debug for project Lab5-1 ****
make -j8 all 
Building file: ../src/assembly.s
Invoking: MCU GCC Assembler
D:\微處理機系統實驗\Lab5\Lab5-1\Debug
arm-none-eabi-as -mcpu=cortex-m4 -mthumb -mfloat-abi=hard -mfpu=fpv4-sp-d16 -g -o "src/assembly.o" "../src/assembly.s"
Finished building: ../src/assembly.s
 
Building target: Lab5-1.elf
Invoking: MCU GCC Linker
arm-none-eabi-gcc -mcpu=cortex-m4 -mthumb -mfloat-abi=hard -mfpu=fpv4-sp-d16 -T"D:/微處理機系統實驗/Lab5/Lab5-1/LinkerScript.ld" -Wl,-Map=output.map -Wl,--gc-sections -o "Lab5-1.elf" @"objects.list"   -lm
Finished building target: Lab5-1.elf
 
make --no-print-directory post-build
Generating binary and Printing size information:
arm-none-eabi-objcopy -O binary "Lab5-1.elf" "Lab5-1.bin"
arm-none-eabi-size "Lab5-1.elf"
   text	   data	    bss	    dec	    hex	filename
   1336	   1088	   1088	   3512	    db8	Lab5-1.elf
 
23:45:23 **** Incremental Build of configuration Debug for project Lab5-1 ****
make -j8 all 
Building file: ../src/assembly.s
Invoking: MCU GCC Assembler
D:\微處理機系統實驗\Lab5\Lab5-1\Debug
arm-none-eabi-as -mcpu=cortex-m4 -mthumb -mfloat-abi=hard -mfpu=fpv4-sp-d16 -g -o "src/assembly.o" "../src/assembly.s"
Finished building: ../src/assembly.s
 
Building target: Lab5-1.elf
Invoking: MCU GCC Linker
arm-none-eabi-gcc -mcpu=cortex-m4 -mthumb -mfloat-abi=hard -mfpu=fpv4-sp-d16 -T"D:/微處理機系統實驗/Lab5/Lab5-1/LinkerScript.ld" -Wl,-Map=output.map -Wl,--gc-sections -o "Lab5-1.elf" @"objects.list"   -lm
Finished building target: Lab5-1.elf
 
make --no-print-directory post-build
Generating binary and Printing size information:
arm-none-eabi-objcopy -O binary "Lab5-1.elf" "Lab5-1.bin"
arm-none-eabi-size "Lab5-1.elf"
   text	   data	    bss	    dec	    hex	filename
   1336	   1088	   1088	   3512	    db8	Lab5-1.elf
 
23:45:49 **** Incremental Build of configuration Debug for project Lab5-1 ****
make -j8 all 
Building file: ../src/assembly.s
Invoking: MCU GCC Assembler
D:\微處理機系統實驗\Lab5\Lab5-1\Debug
arm-none-eabi-as -mcpu=cortex-m4 -mthumb -mfloat-abi=hard -mfpu=fpv4-sp-d16 -g -o "src/assembly.o" "../src/assembly.s"
Finished building: ../src/assembly.s
 
Building target: Lab5-1.elf
Invoking: MCU GCC Linker
arm-none-eabi-gcc -mcpu=cortex-m4 -mthumb -mfloat-abi=hard -mfpu=fpv4-sp-d16 -T"D:/微處理機系統實驗/Lab5/Lab5-1/LinkerScript.ld" -Wl,-Map=output.map -Wl,--gc-sections -o "Lab5-1.elf" @"objects.list"   -lm
Finished building target: Lab5-1.elf
 
make --no-print-directory post-build
Generating binary and Printing size information:
arm-none-eabi-objcopy -O binary "Lab5-1.elf" "Lab5-1.bin"
arm-none-eabi-size "Lab5-1.elf"
   text	   data	    bss	    dec	    hex	filename
   1336	   1088	   1088	   3512	    db8	Lab5-1.elf
 
23:45:59 **** Incremental Build of configuration Debug for project Lab5-1 ****
make -j8 all 
make: Nothing to be done for 'all'.
23:46:17 **** Incremental Build of configuration Debug for project Lab5-1 ****
make -j8 all 
make: Nothing to be done for 'all'.
23:54:26 **** Incremental Build of configuration Debug for project Lab5-1 ****
make -j8 all 
make: Nothing to be done for 'all'.
23:55:06 **** Incremental Build of configuration Debug for project Lab5-1 ****
make -j8 all 
Building file: ../src/assembly.s
Invoking: MCU GCC Assembler
D:\微處理機系統實驗\Lab5\Lab5-1\Debug
arm-none-eabi-as -mcpu=cortex-m4 -mthumb -mfloat-abi=hard -mfpu=fpv4-sp-d16 -g -o "src/assembly.o" "../src/assembly.s"
Finished building: ../src/assembly.s
 
Building target: Lab5-1.elf
Invoking: MCU GCC Linker
arm-none-eabi-gcc -mcpu=cortex-m4 -mthumb -mfloat-abi=hard -mfpu=fpv4-sp-d16 -T"D:/微處理機系統實驗/Lab5/Lab5-1/LinkerScript.ld" -Wl,-Map=output.map -Wl,--gc-sections -o "Lab5-1.elf" @"objects.list"   -lm
Finished building target: Lab5-1.elf
 
make --no-print-directory post-build
Generating binary and Printing size information:
arm-none-eabi-objcopy -O binary "Lab5-1.elf" "Lab5-1.bin"
arm-none-eabi-size "Lab5-1.elf"
   text	   data	    bss	    dec	    hex	filename
   1336	   1088	   1088	   3512	    db8	Lab5-1.elf
 
23:55:42 **** Incremental Build of configuration Debug for project Lab5-1 ****
make -j8 all 
Building file: ../src/main.c
Invoking: MCU GCC Compiler
D:\微處理機系統實驗\Lab5\Lab5-1\Debug
arm-none-eabi-gcc -mcpu=cortex-m4 -mthumb -mfloat-abi=hard -mfpu=fpv4-sp-d16 -DSTM32 -DSTM32L4 -DSTM32L476RGTx -DNUCLEO_L476RG -DDEBUG -I"D:/微處理機系統實驗/Lab5/Lab5-1/inc" -O0 -g3 -Wall -fmessage-length=0 -ffunction-sections -c -MMD -MP -MF"src/main.d" -MT"src/main.o" -o "src/main.o" "../src/main.c"
../src/main.c:47:6: warning: return type of 'main' is not 'int' [-Wmain]
 void main()
      ^~~~
Finished building: ../src/main.c
 
Building target: Lab5-1.elf
Invoking: MCU GCC Linker
arm-none-eabi-gcc -mcpu=cortex-m4 -mthumb -mfloat-abi=hard -mfpu=fpv4-sp-d16 -T"D:/微處理機系統實驗/Lab5/Lab5-1/LinkerScript.ld" -Wl,-Map=output.map -Wl,--gc-sections -o "Lab5-1.elf" @"objects.list"   -lm
Finished building target: Lab5-1.elf
 
make --no-print-directory post-build
Generating binary and Printing size information:
arm-none-eabi-objcopy -O binary "Lab5-1.elf" "Lab5-1.bin"
arm-none-eabi-size "Lab5-1.elf"
   text	   data	    bss	    dec	    hex	filename
   1336	   1088	   1088	   3512	    db8	Lab5-1.elf
 
23:56:19 **** Incremental Build of configuration Debug for project Lab5-1 ****
make -j8 all 
Building file: ../src/main.c
Invoking: MCU GCC Compiler
D:\微處理機系統實驗\Lab5\Lab5-1\Debug
arm-none-eabi-gcc -mcpu=cortex-m4 -mthumb -mfloat-abi=hard -mfpu=fpv4-sp-d16 -DSTM32 -DSTM32L4 -DSTM32L476RGTx -DNUCLEO_L476RG -DDEBUG -I"D:/微處理機系統實驗/Lab5/Lab5-1/inc" -O0 -g3 -Wall -fmessage-length=0 -ffunction-sections -c -MMD -MP -MF"src/main.d" -MT"src/main.o" -o "src/main.o" "../src/main.c"
../src/main.c:47:6: warning: return type of 'main' is not 'int' [-Wmain]
 void main()
      ^~~~
Finished building: ../src/main.c
 
Building target: Lab5-1.elf
Invoking: MCU GCC Linker
arm-none-eabi-gcc -mcpu=cortex-m4 -mthumb -mfloat-abi=hard -mfpu=fpv4-sp-d16 -T"D:/微處理機系統實驗/Lab5/Lab5-1/LinkerScript.ld" -Wl,-Map=output.map -Wl,--gc-sections -o "Lab5-1.elf" @"objects.list"   -lm
Finished building target: Lab5-1.elf
 
make --no-print-directory post-build
Generating binary and Printing size information:
arm-none-eabi-objcopy -O binary "Lab5-1.elf" "Lab5-1.bin"
arm-none-eabi-size "Lab5-1.elf"
   text	   data	    bss	    dec	    hex	filename
   1336	   1088	   1088	   3512	    db8	Lab5-1.elf
 
00:03:13 **** Incremental Build of configuration Debug for project Lab5-1 ****
make -j8 all 
Building file: ../src/main.c
Invoking: MCU GCC Compiler
D:\微處理機系統實驗\Lab5\Lab5-1\Debug
arm-none-eabi-gcc -mcpu=cortex-m4 -mthumb -mfloat-abi=hard -mfpu=fpv4-sp-d16 -DSTM32 -DSTM32L4 -DSTM32L476RGTx -DNUCLEO_L476RG -DDEBUG -I"D:/微處理機系統實驗/Lab5/Lab5-1/inc" -O0 -g3 -Wall -fmessage-length=0 -ffunction-sections -c -MMD -MP -MF"src/main.d" -MT"src/main.o" -o "src/main.o" "../src/main.c"
../src/main.c:47:6: warning: return type of 'main' is not 'int' [-Wmain]
 void main()
      ^~~~
Finished building: ../src/main.c
 
Building target: Lab5-1.elf
Invoking: MCU GCC Linker
arm-none-eabi-gcc -mcpu=cortex-m4 -mthumb -mfloat-abi=hard -mfpu=fpv4-sp-d16 -T"D:/微處理機系統實驗/Lab5/Lab5-1/LinkerScript.ld" -Wl,-Map=output.map -Wl,--gc-sections -o "Lab5-1.elf" @"objects.list"   -lm
Finished building target: Lab5-1.elf
 
make --no-print-directory post-build
Generating binary and Printing size information:
arm-none-eabi-objcopy -O binary "Lab5-1.elf" "Lab5-1.bin"
arm-none-eabi-size "Lab5-1.elf"
   text	   data	    bss	    dec	    hex	filename
   1336	   1088	   1088	   3512	    db8	Lab5-1.elf
 
00:03:56 **** Incremental Build of configuration Debug for project Lab5-1 ****
make -j8 all 
Building file: ../src/main.c
Invoking: MCU GCC Compiler
D:\微處理機系統實驗\Lab5\Lab5-1\Debug
arm-none-eabi-gcc -mcpu=cortex-m4 -mthumb -mfloat-abi=hard -mfpu=fpv4-sp-d16 -DSTM32 -DSTM32L4 -DSTM32L476RGTx -DNUCLEO_L476RG -DDEBUG -I"D:/微處理機系統實驗/Lab5/Lab5-1/inc" -O0 -g3 -Wall -fmessage-length=0 -ffunction-sections -c -MMD -MP -MF"src/main.d" -MT"src/main.o" -o "src/main.o" "../src/main.c"
../src/main.c:47:6: warning: return type of 'main' is not 'int' [-Wmain]
 void main()
      ^~~~
Finished building: ../src/main.c
 
Building target: Lab5-1.elf
Invoking: MCU GCC Linker
arm-none-eabi-gcc -mcpu=cortex-m4 -mthumb -mfloat-abi=hard -mfpu=fpv4-sp-d16 -T"D:/微處理機系統實驗/Lab5/Lab5-1/LinkerScript.ld" -Wl,-Map=output.map -Wl,--gc-sections -o "Lab5-1.elf" @"objects.list"   -lm
Finished building target: Lab5-1.elf
 
make --no-print-directory post-build
Generating binary and Printing size information:
arm-none-eabi-objcopy -O binary "Lab5-1.elf" "Lab5-1.bin"
arm-none-eabi-size "Lab5-1.elf"
   text	   data	    bss	    dec	    hex	filename
   1336	   1088	   1088	   3512	    db8	Lab5-1.elf
 
13:40:29 **** Build of configuration Debug for project lab5-3 ****
make -j8 all 
Building file: ../startup/startup_stm32.s
Building file: ../startup/sysmem.c
Invoking: MCU GCC Assembler
Invoking: MCU GCC Compiler
D:\微處理機系統實驗\Lab5\lab5-3\Debug
arm-none-eabi-as -mcpu=cortex-m4 -mthumb -mfloat-abi=hard -mfpu=fpv4-sp-d16 -g -o "startup/startup_stm32.o" "../startup/startup_stm32.s"
D:\微處理機系統實驗\Lab5\lab5-3\Debug
arm-none-eabi-gcc -mcpu=cortex-m4 -mthumb -mfloat-abi=hard -mfpu=fpv4-sp-d16 -DSTM32 -DSTM32L4 -DSTM32L476RGTx -DNUCLEO_L476RG -DDEBUG -I"D:/微處理機系統實驗/Lab5/lab5-3/inc" -O0 -g3 -Wall -fmessage-length=0 -ffunction-sections -c -MMD -MP -MF"startup/sysmem.d" -MT"startup/sysmem.o" -o "startup/sysmem.o" "../startup/sysmem.c"
Building file: ../src/assembly.s
Building file: ../src/main.c
Invoking: MCU GCC Assembler
Invoking: MCU GCC Compiler
D:\微處理機系統實驗\Lab5\lab5-3\Debug
arm-none-eabi-as -mcpu=cortex-m4 -mthumb -mfloat-abi=hard -mfpu=fpv4-sp-d16 -g -o "src/assembly.o" "../src/assembly.s"
D:\微處理機系統實驗\Lab5\lab5-3\Debug
arm-none-eabi-gcc -mcpu=cortex-m4 -mthumb -mfloat-abi=hard -mfpu=fpv4-sp-d16 -DSTM32 -DSTM32L4 -DSTM32L476RGTx -DNUCLEO_L476RG -DDEBUG -I"D:/微處理機系統實驗/Lab5/lab5-3/inc" -O0 -g3 -Wall -fmessage-length=0 -ffunction-sections -c -MMD -MP -MF"src/main.d" -MT"src/main.o" -o "src/main.o" "../src/main.c"
Finished building: ../startup/startup_stm32.s
 
Finished building: ../src/assembly.s
 
../src/main.c:47:6: warning: return type of 'main' is not 'int' [-Wmain]
 void main()
      ^~~~
Finished building: ../startup/sysmem.c
Finished building: ../src/main.c
 
 
Building target: lab5-3.elf
Invoking: MCU GCC Linker
arm-none-eabi-gcc -mcpu=cortex-m4 -mthumb -mfloat-abi=hard -mfpu=fpv4-sp-d16 -T"D:/微處理機系統實驗/Lab5/lab5-3/LinkerScript.ld" -Wl,-Map=output.map -Wl,--gc-sections -o "lab5-3.elf" @"objects.list"   -lm
Finished building target: lab5-3.elf
 
make --no-print-directory post-build
Generating binary and Printing size information:
arm-none-eabi-objcopy -O binary "lab5-3.elf" "lab5-3.bin"
arm-none-eabi-size "lab5-3.elf"
   text	   data	    bss	    dec	    hex	filename
   1336	   1088	   1088	   3512	    db8	lab5-3.elf
 
13:40:41 **** Incremental Build of configuration Debug for project lab5-3 ****
make -j8 all 
make: Nothing to be done for 'all'.
13:41:13 **** Incremental Build of configuration Debug for project lab5-3 ****
make -j8 all 
make: Nothing to be done for 'all'.
13:41:16 **** Incremental Build of configuration Debug for project lab5-3 ****
make -j8 all 
make: Nothing to be done for 'all'.
13:41:18 **** Incremental Build of configuration Debug for project lab5-3 ****
make -j8 all 
make: Nothing to be done for 'all'.
13:41:18 **** Incremental Build of configuration Debug for project lab5-3 ****
make -j8 all 
make: Nothing to be done for 'all'.
13:41:54 **** Incremental Build of configuration Debug for project lab5-3 ****
make -j8 all 
make: Nothing to be done for 'all'.
13:42:31 **** Incremental Build of configuration Debug for project lab5-3 ****
make -j8 all 
make: Nothing to be done for 'all'.
19:58:53 **** Incremental Build of configuration Debug for project lab5-3 ****
make -j8 all 
Building file: ../src/assembly.s
Invoking: MCU GCC Assembler
D:\微處理機系統實驗\Lab5\lab5-3\Debug
arm-none-eabi-as -mcpu=cortex-m4 -mthumb -mfloat-abi=hard -mfpu=fpv4-sp-d16 -g -o "src/assembly.o" "../src/assembly.s"
../src/assembly.s: Assembler messages:
../src/assembly.s:62: Error: invalid constant (fffc0003) after fixup
../src/assembly.s:57: Error: invalid constant (15554) after fixup
../src/assembly.s:66: Error: invalid constant (2aaa8) after fixup
make: *** [src/assembly.o] Error 1
src/subdir.mk:22: recipe for target 'src/assembly.o' failed
20:00:09 **** Incremental Build of configuration Debug for project lab5-3 ****
make -j8 all 
Building file: ../src/assembly.s
Invoking: MCU GCC Assembler
D:\微處理機系統實驗\Lab5\lab5-3\Debug
arm-none-eabi-as -mcpu=cortex-m4 -mthumb -mfloat-abi=hard -mfpu=fpv4-sp-d16 -g -o "src/assembly.o" "../src/assembly.s"
../src/assembly.s: Assembler messages:
../src/assembly.s:62: Error: invalid constant (fffc0003) after fixup
../src/assembly.s:57: Error: invalid constant (15554) after fixup
../src/assembly.s:66: Error: invalid constant (2aaa8) after fixup
src/subdir.mk:22: recipe for target 'src/assembly.o' failed
make: *** [src/assembly.o] Error 1
20:00:17 **** Incremental Build of configuration Debug for project lab5-3 ****
make -j8 all 
Building file: ../src/assembly.s
Invoking: MCU GCC Assembler
D:\微處理機系統實驗\Lab5\lab5-3\Debug
arm-none-eabi-as -mcpu=cortex-m4 -mthumb -mfloat-abi=hard -mfpu=fpv4-sp-d16 -g -o "src/assembly.o" "../src/assembly.s"
../src/assembly.s: Assembler messages:
../src/assembly.s:62: Error: invalid constant (fffc0003) after fixup
../src/assembly.s:57: Error: invalid constant (15554) after fixup
../src/assembly.s:66: Error: invalid constant (2aaa8) after fixup
src/subdir.mk:22: recipe for target 'src/assembly.o' failed
make: *** [src/assembly.o] Error 1
20:00:34 **** Incremental Build of configuration Debug for project lab5-3 ****
make -j8 all 
Building file: ../src/assembly.s
Invoking: MCU GCC Assembler
D:\微處理機系統實驗\Lab5\lab5-3\Debug
arm-none-eabi-as -mcpu=cortex-m4 -mthumb -mfloat-abi=hard -mfpu=fpv4-sp-d16 -g -o "src/assembly.o" "../src/assembly.s"
../src/assembly.s: Assembler messages:
../src/assembly.s:62: Error: invalid constant (fffc0003) after fixup
../src/assembly.s:57: Error: invalid constant (15554) after fixup
../src/assembly.s:66: Error: invalid constant (2aaa8) after fixup
make: *** [src/assembly.o] Error 1
src/subdir.mk:22: recipe for target 'src/assembly.o' failed
20:00:53 **** Incremental Build of configuration Debug for project lab5-3 ****
make -j8 all 
Building file: ../src/assembly.s
Invoking: MCU GCC Assembler
D:\微處理機系統實驗\Lab5\lab5-3\Debug
arm-none-eabi-as -mcpu=cortex-m4 -mthumb -mfloat-abi=hard -mfpu=fpv4-sp-d16 -g -o "src/assembly.o" "../src/assembly.s"
../src/assembly.s: Assembler messages:
../src/assembly.s:57: Error: invalid constant (15554) after fixup
../src/assembly.s:66: Error: invalid constant (2aaa8) after fixup
make: *** [src/assembly.o] Error 1
src/subdir.mk:22: recipe for target 'src/assembly.o' failed
20:01:33 **** Incremental Build of configuration Debug for project lab5-3 ****
make -j8 all 
Building file: ../src/assembly.s
Invoking: MCU GCC Assembler
D:\微處理機系統實驗\Lab5\lab5-3\Debug
arm-none-eabi-as -mcpu=cortex-m4 -mthumb -mfloat-abi=hard -mfpu=fpv4-sp-d16 -g -o "src/assembly.o" "../src/assembly.s"
../src/assembly.s: Assembler messages:
../src/assembly.s:62: Error: invalid constant (fffc0003) after fixup
../src/assembly.s:57: Error: invalid constant (15554) after fixup
../src/assembly.s:66: Error: invalid constant (2aaa8) after fixup
src/subdir.mk:22: recipe for target 'src/assembly.o' failed
make: *** [src/assembly.o] Error 1
20:02:00 **** Incremental Build of configuration Debug for project lab5-3 ****
make -j8 all 
Building file: ../src/assembly.s
Invoking: MCU GCC Assembler
D:\微處理機系統實驗\Lab5\lab5-3\Debug
arm-none-eabi-as -mcpu=cortex-m4 -mthumb -mfloat-abi=hard -mfpu=fpv4-sp-d16 -g -o "src/assembly.o" "../src/assembly.s"
../src/assembly.s: Assembler messages:
../src/assembly.s:62: Error: invalid constant (fffc0003) after fixup
../src/assembly.s:41: Error: invalid constant (45400) after fixup
../src/assembly.s:57: Error: invalid constant (15554) after fixup
../src/assembly.s:66: Error: invalid constant (2aaa8) after fixup
src/subdir.mk:22: recipe for target 'src/assembly.o' failed
make: *** [src/assembly.o] Error 1
20:02:06 **** Incremental Build of configuration Debug for project lab5-3 ****
make -j8 all 
Building file: ../src/assembly.s
Invoking: MCU GCC Assembler
D:\微處理機系統實驗\Lab5\lab5-3\Debug
arm-none-eabi-as -mcpu=cortex-m4 -mthumb -mfloat-abi=hard -mfpu=fpv4-sp-d16 -g -o "src/assembly.o" "../src/assembly.s"
../src/assembly.s: Assembler messages:
../src/assembly.s:62: Error: invalid constant (fffc0003) after fixup
../src/assembly.s:57: Error: invalid constant (15554) after fixup
../src/assembly.s:66: Error: invalid constant (2aaa8) after fixup
src/subdir.mk:22: recipe for target 'src/assembly.o' failed
make: *** [src/assembly.o] Error 1
20:03:30 **** Incremental Build of configuration Debug for project lab5-3 ****
make -j8 all 
Building file: ../src/assembly.s
Invoking: MCU GCC Assembler
D:\微處理機系統實驗\Lab5\lab5-3\Debug
arm-none-eabi-as -mcpu=cortex-m4 -mthumb -mfloat-abi=hard -mfpu=fpv4-sp-d16 -g -o "src/assembly.o" "../src/assembly.s"
../src/assembly.s: Assembler messages:
../src/assembly.s:63: Error: invalid constant (ffff0000) after fixup
../src/assembly.s:57: Error: invalid constant (5555) after fixup
../src/assembly.s:68: Error: invalid constant (aaaa) after fixup
src/subdir.mk:22: recipe for target 'src/assembly.o' failed
make: *** [src/assembly.o] Error 1
20:05:50 **** Incremental Build of configuration Debug for project lab5-3 ****
make -j8 all 
Building file: ../src/assembly.s
Invoking: MCU GCC Assembler
D:\微處理機系統實驗\Lab5\lab5-3\Debug
arm-none-eabi-as -mcpu=cortex-m4 -mthumb -mfloat-abi=hard -mfpu=fpv4-sp-d16 -g -o "src/assembly.o" "../src/assembly.s"
../src/assembly.s: Assembler messages:
../src/assembly.s:64: Error: invalid constant (ffff0000) after fixup
../src/assembly.s:51: Error: invalid constant (5555) after fixup
../src/assembly.s:58: Error: invalid constant (5555) after fixup
../src/assembly.s:69: Error: invalid constant (aaaa) after fixup
src/subdir.mk:22: recipe for target 'src/assembly.o' failed
make: *** [src/assembly.o] Error 1
20:06:29 **** Incremental Build of configuration Debug for project lab5-3 ****
make -j8 all 
Building file: ../src/assembly.s
Invoking: MCU GCC Assembler
D:\微處理機系統實驗\Lab5\lab5-3\Debug
arm-none-eabi-as -mcpu=cortex-m4 -mthumb -mfloat-abi=hard -mfpu=fpv4-sp-d16 -g -o "src/assembly.o" "../src/assembly.s"
../src/assembly.s: Assembler messages:
../src/assembly.s:63: Error: invalid constant (ffff0000) after fixup
../src/assembly.s:68: Error: invalid constant (aaaa) after fixup
src/subdir.mk:22: recipe for target 'src/assembly.o' failed
make: *** [src/assembly.o] Error 1
20:06:48 **** Incremental Build of configuration Debug for project lab5-3 ****
make -j8 all 
Building file: ../src/assembly.s
Invoking: MCU GCC Assembler
D:\微處理機系統實驗\Lab5\lab5-3\Debug
arm-none-eabi-as -mcpu=cortex-m4 -mthumb -mfloat-abi=hard -mfpu=fpv4-sp-d16 -g -o "src/assembly.o" "../src/assembly.s"
../src/assembly.s: Assembler messages:
../src/assembly.s:63: Error: immediate value out of range -- `movw r2,#0xFFFF0000'
src/subdir.mk:22: recipe for target 'src/assembly.o' failed
make: *** [src/assembly.o] Error 1
20:07:03 **** Incremental Build of configuration Debug for project lab5-3 ****
make -j8 all 
Building file: ../src/assembly.s
Invoking: MCU GCC Assembler
D:\微處理機系統實驗\Lab5\lab5-3\Debug
arm-none-eabi-as -mcpu=cortex-m4 -mthumb -mfloat-abi=hard -mfpu=fpv4-sp-d16 -g -o "src/assembly.o" "../src/assembly.s"
../src/assembly.s: Assembler messages:
../src/assembly.s:63: Error: invalid constant (ffff0000) after fixup
src/subdir.mk:22: recipe for target 'src/assembly.o' failed
make: *** [src/assembly.o] Error 1
20:19:14 **** Incremental Build of configuration Debug for project lab5-3 ****
make -j8 all 
Building file: ../src/assembly.s
Invoking: MCU GCC Assembler
D:\微處理機系統實驗\Lab5\lab5-3\Debug
arm-none-eabi-as -mcpu=cortex-m4 -mthumb -mfloat-abi=hard -mfpu=fpv4-sp-d16 -g -o "src/assembly.o" "../src/assembly.s"
../src/assembly.s: Assembler messages:
../src/assembly.s:62: Error: invalid constant (ffff) after fixup
src/subdir.mk:22: recipe for target 'src/assembly.o' failed
make: *** [src/assembly.o] Error 1
20:19:37 **** Incremental Build of configuration Debug for project lab5-3 ****
make -j8 all 
Building file: ../src/assembly.s
Invoking: MCU GCC Assembler
D:\微處理機系統實驗\Lab5\lab5-3\Debug
arm-none-eabi-as -mcpu=cortex-m4 -mthumb -mfloat-abi=hard -mfpu=fpv4-sp-d16 -g -o "src/assembly.o" "../src/assembly.s"
Finished building: ../src/assembly.s
 
Building target: lab5-3.elf
Invoking: MCU GCC Linker
arm-none-eabi-gcc -mcpu=cortex-m4 -mthumb -mfloat-abi=hard -mfpu=fpv4-sp-d16 -T"D:/微處理機系統實驗/Lab5/lab5-3/LinkerScript.ld" -Wl,-Map=output.map -Wl,--gc-sections -o "lab5-3.elf" @"objects.list"   -lm
Finished building target: lab5-3.elf
 
make --no-print-directory post-build
Generating binary and Printing size information:
arm-none-eabi-objcopy -O binary "lab5-3.elf" "lab5-3.bin"
arm-none-eabi-size "lab5-3.elf"
   text	   data	    bss	    dec	    hex	filename
   1376	   1088	   1088	   3552	    de0	lab5-3.elf
 
20:20:30 **** Incremental Build of configuration Debug for project lab5-3 ****
make -j8 all 
Building file: ../src/assembly.s
Invoking: MCU GCC Assembler
D:\微處理機系統實驗\Lab5\lab5-3\Debug
arm-none-eabi-as -mcpu=cortex-m4 -mthumb -mfloat-abi=hard -mfpu=fpv4-sp-d16 -g -o "src/assembly.o" "../src/assembly.s"
Finished building: ../src/assembly.s
 
Building target: lab5-3.elf
Invoking: MCU GCC Linker
arm-none-eabi-gcc -mcpu=cortex-m4 -mthumb -mfloat-abi=hard -mfpu=fpv4-sp-d16 -T"D:/微處理機系統實驗/Lab5/lab5-3/LinkerScript.ld" -Wl,-Map=output.map -Wl,--gc-sections -o "lab5-3.elf" @"objects.list"   -lm
Finished building target: lab5-3.elf
 
make --no-print-directory post-build
Generating binary and Printing size information:
arm-none-eabi-objcopy -O binary "lab5-3.elf" "lab5-3.bin"
arm-none-eabi-size "lab5-3.elf"
   text	   data	    bss	    dec	    hex	filename
   1384	   1088	   1088	   3560	    de8	lab5-3.elf
 
20:22:23 **** Incremental Build of configuration Debug for project lab5-3 ****
make -j8 all 
Building file: ../src/assembly.s
Building file: ../src/main.c
Invoking: MCU GCC Assembler
Invoking: MCU GCC Compiler
D:\微處理機系統實驗\Lab5\lab5-3\Debug
arm-none-eabi-as -mcpu=cortex-m4 -mthumb -mfloat-abi=hard -mfpu=fpv4-sp-d16 -g -o "src/assembly.o" "../src/assembly.s"
D:\微處理機系統實驗\Lab5\lab5-3\Debug
arm-none-eabi-gcc -mcpu=cortex-m4 -mthumb -mfloat-abi=hard -mfpu=fpv4-sp-d16 -DSTM32 -DSTM32L4 -DSTM32L476RGTx -DNUCLEO_L476RG -DDEBUG -I"D:/微處理機系統實驗/Lab5/lab5-3/inc" -O0 -g3 -Wall -fmessage-length=0 -ffunction-sections -c -MMD -MP -MF"src/main.d" -MT"src/main.o" -o "src/main.o" "../src/main.c"
Finished building: ../src/assembly.s
 
../src/main.c:47:6: warning: return type of 'main' is not 'int' [-Wmain]
 void main()
      ^~~~
Finished building: ../src/main.c
 
Building target: lab5-3.elf
Invoking: MCU GCC Linker
arm-none-eabi-gcc -mcpu=cortex-m4 -mthumb -mfloat-abi=hard -mfpu=fpv4-sp-d16 -T"D:/微處理機系統實驗/Lab5/lab5-3/LinkerScript.ld" -Wl,-Map=output.map -Wl,--gc-sections -o "lab5-3.elf" @"objects.list"   -lm
Finished building target: lab5-3.elf
 
make --no-print-directory post-build
Generating binary and Printing size information:
arm-none-eabi-objcopy -O binary "lab5-3.elf" "lab5-3.bin"
arm-none-eabi-size "lab5-3.elf"
   text	   data	    bss	    dec	    hex	filename
   1384	   1088	   1088	   3560	    de8	lab5-3.elf
 
20:23:36 **** Incremental Build of configuration Debug for project lab5-3 ****
make -j8 all 
Building file: ../src/assembly.s
Invoking: MCU GCC Assembler
D:\微處理機系統實驗\Lab5\lab5-3\Debug
arm-none-eabi-as -mcpu=cortex-m4 -mthumb -mfloat-abi=hard -mfpu=fpv4-sp-d16 -g -o "src/assembly.o" "../src/assembly.s"
Finished building: ../src/assembly.s
 
Building target: lab5-3.elf
Invoking: MCU GCC Linker
arm-none-eabi-gcc -mcpu=cortex-m4 -mthumb -mfloat-abi=hard -mfpu=fpv4-sp-d16 -T"D:/微處理機系統實驗/Lab5/lab5-3/LinkerScript.ld" -Wl,-Map=output.map -Wl,--gc-sections -o "lab5-3.elf" @"objects.list"   -lm
Finished building target: lab5-3.elf
 
make --no-print-directory post-build
Generating binary and Printing size information:
arm-none-eabi-objcopy -O binary "lab5-3.elf" "lab5-3.bin"
arm-none-eabi-size "lab5-3.elf"
   text	   data	    bss	    dec	    hex	filename
   1384	   1088	   1088	   3560	    de8	lab5-3.elf
 
20:23:44 **** Incremental Build of configuration Debug for project lab5-3 ****
make -j8 all 
make: Nothing to be done for 'all'.
20:24:58 **** Incremental Build of configuration Debug for project lab5-3 ****
make -j8 all 
Building file: ../src/assembly.s
Invoking: MCU GCC Assembler
D:\微處理機系統實驗\Lab5\lab5-3\Debug
arm-none-eabi-as -mcpu=cortex-m4 -mthumb -mfloat-abi=hard -mfpu=fpv4-sp-d16 -g -o "src/assembly.o" "../src/assembly.s"
Finished building: ../src/assembly.s
 
Building target: lab5-3.elf
Invoking: MCU GCC Linker
arm-none-eabi-gcc -mcpu=cortex-m4 -mthumb -mfloat-abi=hard -mfpu=fpv4-sp-d16 -T"D:/微處理機系統實驗/Lab5/lab5-3/LinkerScript.ld" -Wl,-Map=output.map -Wl,--gc-sections -o "lab5-3.elf" @"objects.list"   -lm
Finished building target: lab5-3.elf
 
make --no-print-directory post-build
Generating binary and Printing size information:
arm-none-eabi-objcopy -O binary "lab5-3.elf" "lab5-3.bin"
arm-none-eabi-size "lab5-3.elf"
   text	   data	    bss	    dec	    hex	filename
   1384	   1088	   1088	   3560	    de8	lab5-3.elf
 
20:25:13 **** Incremental Build of configuration Debug for project lab5-3 ****
make -j8 all 
make: Nothing to be done for 'all'.
20:26:15 **** Incremental Build of configuration Debug for project lab5-3 ****
make -j8 all 
make: Nothing to be done for 'all'.
20:32:37 **** Incremental Build of configuration Debug for project lab5-3 ****
make -j8 all 
make: Nothing to be done for 'all'.
21:35:32 **** Incremental Build of configuration Debug for project lab5-3 ****
make -j8 all 
Building file: ../src/main.c
Invoking: MCU GCC Compiler
D:\微處理機系統實驗\Lab5\lab5-3\Debug
arm-none-eabi-gcc -mcpu=cortex-m4 -mthumb -mfloat-abi=hard -mfpu=fpv4-sp-d16 -DSTM32 -DSTM32L4 -DSTM32L476RGTx -DNUCLEO_L476RG -DDEBUG -I"D:/微處理機系統實驗/Lab5/lab5-3/inc" -O0 -g3 -Wall -fmessage-length=0 -ffunction-sections -c -MMD -MP -MF"src/main.d" -MT"src/main.o" -o "src/main.o" "../src/main.c"
../src/main.c:27:28: error: expected expression before ',' token
 unsigned int x_pin[4] = {X0, X1, X2, X3};
                            ^
../src/main.c:28:28: error: expected expression before ',' token
 unsigned int y_pin[4] = {Y0, Y1, Y2, Y3};
                            ^
../src/main.c: In function 'main':
../src/main.c:86:5: error: 'position_c' undeclared (first use in this function)
     position_c=i+8;
     ^~~~~~~~~~
../src/main.c:86:5: note: each undeclared identifier is reported only once for each function it appears in
../src/main.c:91:6: error: 'position_r' undeclared (first use in this function); did you mean 'position_c'?
      position_r=j+5;
      ^~~~~~~~~~
      position_c
../src/main.c:93:6: error: 'flag_keypad_r' undeclared (first use in this function); did you mean 'flag_keypad'?
      flag_keypad_r=GPIOB->IDR&1<<position_r;
      ^~~~~~~~~~~~~
      flag_keypad
../src/main.c:94:34: error: 'Table' undeclared (first use in this function); did you mean 'double'?
      if(flag_keypad_r!=0)display(Table[j][i]);
                                  ^~~~~
                                  double
../src/main.c:94:26: error: too few arguments to function 'display'
      if(flag_keypad_r!=0)display(Table[j][i]);
                          ^~~~~~~
../src/main.c:31:5: note: declared here
 int display(int data, int num_digs)
     ^~~~~~~
../src/main.c: In function 'keypad_scan':
../src/main.c:66:1: warning: control reaches end of non-void function [-Wreturn-type]
 }
 ^
src/subdir.mk:30: recipe for target 'src/main.o' failed
make: *** [src/main.o] Error 1
22:09:54 **** Incremental Build of configuration Debug for project lab5-3 ****
make -j8 all 
Building file: ../src/assembly.s
Building file: ../src/main.c
Invoking: MCU GCC Assembler
Invoking: MCU GCC Compiler
D:\微處理機系統實驗\Lab5\lab5-3\Debug
arm-none-eabi-as -mcpu=cortex-m4 -mthumb -mfloat-abi=hard -mfpu=fpv4-sp-d16 -g -o "src/assembly.o" "../src/assembly.s"
D:\微處理機系統實驗\Lab5\lab5-3\Debug
arm-none-eabi-gcc -mcpu=cortex-m4 -mthumb -mfloat-abi=hard -mfpu=fpv4-sp-d16 -DSTM32 -DSTM32L4 -DSTM32L476RGTx -DNUCLEO_L476RG -DDEBUG -I"D:/微處理機系統實驗/Lab5/lab5-3/inc" -O0 -g3 -Wall -fmessage-length=0 -ffunction-sections -c -MMD -MP -MF"src/main.d" -MT"src/main.o" -o "src/main.o" "../src/main.c"
Finished building: ../src/assembly.s
 
../src/main.c:27:28: error: expected expression before ',' token
 unsigned int x_pin[4] = {X0, X1, X2, X3};
                            ^
../src/main.c:28:28: error: expected expression before ',' token
 unsigned int y_pin[4] = {Y0, Y1, Y2, Y3};
                            ^
../src/main.c: In function 'main':
../src/main.c:98:34: error: 'Table' undeclared (first use in this function); did you mean 'double'?
      if(flag_keypad_r!=0)display(Table[j][i]);
                                  ^~~~~
                                  double
../src/main.c:98:34: note: each undeclared identifier is reported only once for each function it appears in
../src/main.c:98:26: error: too few arguments to function 'display'
      if(flag_keypad_r!=0)display(Table[j][i]);
                          ^~~~~~~
../src/main.c:31:5: note: declared here
 int display(int data, int num_digs)
     ^~~~~~~
../src/main.c: In function 'keypad_scan':
../src/main.c:66:1: warning: control reaches end of non-void function [-Wreturn-type]
 }
 ^
make: *** [src/main.o] Error 1
src/subdir.mk:30: recipe for target 'src/main.o' failed
22:44:09 **** Incremental Build of configuration Debug for project lab5-3 ****
make -j8 all 
Building file: ../src/main.c
Invoking: MCU GCC Compiler
D:\微處理機系統實驗\Lab5\lab5-3\Debug
arm-none-eabi-gcc -mcpu=cortex-m4 -mthumb -mfloat-abi=hard -mfpu=fpv4-sp-d16 -DSTM32 -DSTM32L4 -DSTM32L476RGTx -DNUCLEO_L476RG -DDEBUG -I"D:/微處理機系統實驗/Lab5/lab5-3/inc" -O0 -g3 -Wall -fmessage-length=0 -ffunction-sections -c -MMD -MP -MF"src/main.d" -MT"src/main.o" -o "src/main.o" "../src/main.c"
../src/main.c:27:28: error: expected expression before ',' token
 unsigned int x_pin[4] = {X0, X1, X2, X3};
                            ^
../src/main.c:28:28: error: expected expression before ',' token
 unsigned int y_pin[4] = {Y0, Y1, Y2, Y3};
                            ^
../src/main.c: In function 'main':
../src/main.c:78:2: error: expected '=', ',', ';', 'asm' or '__attribute__' before 'int'
  int Table[4][4]={
  ^~~
../src/main.c:78:18: warning: missing braces around initializer [-Wmissing-braces]
  int Table[4][4]={
                  ^
    1,2,3,10,
    {       }
    4,5,6,11,
    {       }
    7,8,9,12,
    {       }
    15,0,14,13
    {
  };
  }
../src/main.c:104:6: error: 'flag_keypad_r' undeclared (first use in this function); did you mean 'flag_keypad'?
      flag_keypad_r=GPIOB->IDR&1<<position_r;
      ^~~~~~~~~~~~~
      flag_keypad
../src/main.c:104:6: note: each undeclared identifier is reported only once for each function it appears in
../src/main.c:105:26: error: too few arguments to function 'display'
      if(flag_keypad_r!=0)display(Table[j][i]);
                          ^~~~~~~
../src/main.c:31:5: note: declared here
 int display(int data, int num_digs)
     ^~~~~~~
../src/main.c: In function 'keypad_scan':
../src/main.c:67:1: warning: control reaches end of non-void function [-Wreturn-type]
 }
 ^
make: *** [src/main.o] Error 1
src/subdir.mk:30: recipe for target 'src/main.o' failed
22:45:13 **** Incremental Build of configuration Debug for project lab5-3 ****
make -j8 all 
Building file: ../src/main.c
Invoking: MCU GCC Compiler
D:\微處理機系統實驗\Lab5\lab5-3\Debug
arm-none-eabi-gcc -mcpu=cortex-m4 -mthumb -mfloat-abi=hard -mfpu=fpv4-sp-d16 -DSTM32 -DSTM32L4 -DSTM32L476RGTx -DNUCLEO_L476RG -DDEBUG -I"D:/微處理機系統實驗/Lab5/lab5-3/inc" -O0 -g3 -Wall -fmessage-length=0 -ffunction-sections -c -MMD -MP -MF"src/main.d" -MT"src/main.o" -o "src/main.o" "../src/main.c"
../src/main.c:27:28: error: expected expression before ',' token
 unsigned int x_pin[4] = {X0, X1, X2, X3};
                            ^
../src/main.c:28:28: error: expected expression before ',' token
 unsigned int y_pin[4] = {Y0, Y1, Y2, Y3};
                            ^
../src/main.c: In function 'main':
../src/main.c:78:20: warning: missing braces around initializer [-Wmissing-braces]
  int Table[4][4] = {
                    ^
    1,2,3,10,
    {       }
    4,5,6,11,
    {       }
    7,8,9,12,
    {       }
    15,0,14,13
    {
  };
  }
../src/main.c:105:26: error: too few arguments to function 'display'
      if(flag_keypad_r!=0)display(Table[j][i]);
                          ^~~~~~~
../src/main.c:31:5: note: declared here
 int display(int data, int num_digs)
     ^~~~~~~
../src/main.c: In function 'keypad_scan':
../src/main.c:67:1: warning: control reaches end of non-void function [-Wreturn-type]
 }
 ^
src/subdir.mk:30: recipe for target 'src/main.o' failed
make: *** [src/main.o] Error 1
22:45:37 **** Incremental Build of configuration Debug for project lab5-3 ****
make -j8 all 
Building file: ../src/main.c
Invoking: MCU GCC Compiler
D:\微處理機系統實驗\Lab5\lab5-3\Debug
arm-none-eabi-gcc -mcpu=cortex-m4 -mthumb -mfloat-abi=hard -mfpu=fpv4-sp-d16 -DSTM32 -DSTM32L4 -DSTM32L476RGTx -DNUCLEO_L476RG -DDEBUG -I"D:/微處理機系統實驗/Lab5/lab5-3/inc" -O0 -g3 -Wall -fmessage-length=0 -ffunction-sections -c -MMD -MP -MF"src/main.d" -MT"src/main.o" -o "src/main.o" "../src/main.c"
../src/main.c:27:28: error: expected expression before ',' token
 unsigned int x_pin[4] = {X0, X1, X2, X3};
                            ^
../src/main.c:28:28: error: expected expression before ',' token
 unsigned int y_pin[4] = {Y0, Y1, Y2, Y3};
                            ^
../src/main.c: In function 'main':
../src/main.c:78:20: warning: missing braces around initializer [-Wmissing-braces]
  int Table[4][4] = {1,2,3,10,4,5,6,11,7,8,9,12,15,0,14,13};
                    ^
                     {       }{       }{       }{         }
../src/main.c:100:26: error: too few arguments to function 'display'
      if(flag_keypad_r!=0)display(Table[j][i]);
                          ^~~~~~~
../src/main.c:31:5: note: declared here
 int display(int data, int num_digs)
     ^~~~~~~
../src/main.c: In function 'keypad_scan':
../src/main.c:67:1: warning: control reaches end of non-void function [-Wreturn-type]
 }
 ^
make: *** [src/main.o] Error 1
src/subdir.mk:30: recipe for target 'src/main.o' failed
22:46:47 **** Incremental Build of configuration Debug for project lab5-3 ****
make -j8 all 
Building file: ../src/main.c
Invoking: MCU GCC Compiler
D:\微處理機系統實驗\Lab5\lab5-3\Debug
arm-none-eabi-gcc -mcpu=cortex-m4 -mthumb -mfloat-abi=hard -mfpu=fpv4-sp-d16 -DSTM32 -DSTM32L4 -DSTM32L476RGTx -DNUCLEO_L476RG -DDEBUG -I"D:/微處理機系統實驗/Lab5/lab5-3/inc" -O0 -g3 -Wall -fmessage-length=0 -ffunction-sections -c -MMD -MP -MF"src/main.d" -MT"src/main.o" -o "src/main.o" "../src/main.c"
../src/main.c:27:28: error: expected expression before ',' token
 unsigned int x_pin[4] = {X0, X1, X2, X3};
                            ^
../src/main.c:28:28: error: expected expression before ',' token
 unsigned int y_pin[4] = {Y0, Y1, Y2, Y3};
                            ^
../src/main.c: In function 'main':
../src/main.c:105:26: error: too few arguments to function 'display'
      if(flag_keypad_r!=0)display(Table[j][i]);
                          ^~~~~~~
../src/main.c:31:5: note: declared here
 int display(int data, int num_digs)
     ^~~~~~~
../src/main.c: In function 'keypad_scan':
../src/main.c:67:1: warning: control reaches end of non-void function [-Wreturn-type]
 }
 ^
make: *** [src/main.o] Error 1
src/subdir.mk:30: recipe for target 'src/main.o' failed
22:55:19 **** Incremental Build of configuration Debug for project lab5-3 ****
make -j8 all 
Building file: ../src/main.c
Invoking: MCU GCC Compiler
D:\微處理機系統實驗\Lab5\lab5-3\Debug
arm-none-eabi-gcc -mcpu=cortex-m4 -mthumb -mfloat-abi=hard -mfpu=fpv4-sp-d16 -DSTM32 -DSTM32L4 -DSTM32L476RGTx -DNUCLEO_L476RG -DDEBUG -I"D:/微處理機系統實驗/Lab5/lab5-3/inc" -O0 -g3 -Wall -fmessage-length=0 -ffunction-sections -c -MMD -MP -MF"src/main.d" -MT"src/main.o" -o "src/main.o" "../src/main.c"
../src/main.c:27:28: error: expected expression before ',' token
 unsigned int x_pin[4] = {X0, X1, X2, X3};
                            ^
../src/main.c:28:28: error: expected expression before ',' token
 unsigned int y_pin[4] = {Y0, Y1, Y2, Y3};
                            ^
../src/main.c: In function 'keypad_scan':
../src/main.c:89:1: warning: control reaches end of non-void function [-Wreturn-type]
 }
 ^
src/subdir.mk:30: recipe for target 'src/main.o' failed
make: *** [src/main.o] Error 1
00:08:05 **** Incremental Build of configuration Debug for project lab5-3 ****
make -j8 all 
Building file: ../src/main.c
Invoking: MCU GCC Compiler
D:\微處理機系統實驗\Lab5\lab5-3\Debug
arm-none-eabi-gcc -mcpu=cortex-m4 -mthumb -mfloat-abi=hard -mfpu=fpv4-sp-d16 -DSTM32 -DSTM32L4 -DSTM32L476RGTx -DNUCLEO_L476RG -DDEBUG -I"D:/微處理機系統實驗/Lab5/lab5-3/inc" -O0 -g3 -Wall -fmessage-length=0 -ffunction-sections -c -MMD -MP -MF"src/main.d" -MT"src/main.o" -o "src/main.o" "../src/main.c"
../src/main.c: In function 'keypad_scan':
../src/main.c:91:1: warning: control reaches end of non-void function [-Wreturn-type]
 }
 ^
Finished building: ../src/main.c
 
Building target: lab5-3.elf
Invoking: MCU GCC Linker
arm-none-eabi-gcc -mcpu=cortex-m4 -mthumb -mfloat-abi=hard -mfpu=fpv4-sp-d16 -T"D:/微處理機系統實驗/Lab5/lab5-3/LinkerScript.ld" -Wl,-Map=output.map -Wl,--gc-sections -o "lab5-3.elf" @"objects.list"   -lm
Finished building target: lab5-3.elf
 
make --no-print-directory post-build
Generating binary and Printing size information:
arm-none-eabi-objcopy -O binary "lab5-3.elf" "lab5-3.bin"
arm-none-eabi-size "lab5-3.elf"
   text	   data	    bss	    dec	    hex	filename
   1720	   1088	   1088	   3896	    f38	lab5-3.elf
 
00:08:42 **** Incremental Build of configuration Debug for project lab5-3 ****
make -j8 all 
make: Nothing to be done for 'all'.
00:09:24 **** Incremental Build of configuration Debug for project lab5-3 ****
make -j8 all 
make: Nothing to be done for 'all'.
00:09:47 **** Incremental Build of configuration Debug for project lab5-3 ****
make -j8 all 
make: Nothing to be done for 'all'.
00:10:38 **** Incremental Build of configuration Debug for project lab5-3 ****
make -j8 all 
Building file: ../src/main.c
Invoking: MCU GCC Compiler
D:\微處理機系統實驗\Lab5\lab5-3\Debug
arm-none-eabi-gcc -mcpu=cortex-m4 -mthumb -mfloat-abi=hard -mfpu=fpv4-sp-d16 -DSTM32 -DSTM32L4 -DSTM32L476RGTx -DNUCLEO_L476RG -DDEBUG -I"D:/微處理機系統實驗/Lab5/lab5-3/inc" -O0 -g3 -Wall -fmessage-length=0 -ffunction-sections -c -MMD -MP -MF"src/main.d" -MT"src/main.o" -o "src/main.o" "../src/main.c"
../src/main.c: In function 'main':
../src/main.c:108:6: warning: variable 'tmp' set but not used [-Wunused-but-set-variable]
  int tmp;
      ^~~
../src/main.c: In function 'keypad_scan':
../src/main.c:91:1: warning: control reaches end of non-void function [-Wreturn-type]
 }
 ^
Finished building: ../src/main.c
 
Building target: lab5-3.elf
Invoking: MCU GCC Linker
arm-none-eabi-gcc -mcpu=cortex-m4 -mthumb -mfloat-abi=hard -mfpu=fpv4-sp-d16 -T"D:/微處理機系統實驗/Lab5/lab5-3/LinkerScript.ld" -Wl,-Map=output.map -Wl,--gc-sections -o "lab5-3.elf" @"objects.list"   -lm
Finished building target: lab5-3.elf
 
make --no-print-directory post-build
Generating binary and Printing size information:
arm-none-eabi-objcopy -O binary "lab5-3.elf" "lab5-3.bin"
arm-none-eabi-size "lab5-3.elf"
   text	   data	    bss	    dec	    hex	filename
   1720	   1088	   1088	   3896	    f38	lab5-3.elf
 
00:11:59 **** Incremental Build of configuration Debug for project lab5-3 ****
make -j8 all 
Building file: ../src/main.c
Invoking: MCU GCC Compiler
D:\微處理機系統實驗\Lab5\lab5-3\Debug
arm-none-eabi-gcc -mcpu=cortex-m4 -mthumb -mfloat-abi=hard -mfpu=fpv4-sp-d16 -DSTM32 -DSTM32L4 -DSTM32L476RGTx -DNUCLEO_L476RG -DDEBUG -I"D:/微處理機系統實驗/Lab5/lab5-3/inc" -O0 -g3 -Wall -fmessage-length=0 -ffunction-sections -c -MMD -MP -MF"src/main.d" -MT"src/main.o" -o "src/main.o" "../src/main.c"
../src/main.c: In function 'main':
../src/main.c:108:6: warning: variable 'tmp' set but not used [-Wunused-but-set-variable]
  int tmp;
      ^~~
../src/main.c: In function 'keypad_scan':
../src/main.c:91:1: warning: control reaches end of non-void function [-Wreturn-type]
 }
 ^
Finished building: ../src/main.c
 
Building target: lab5-3.elf
Invoking: MCU GCC Linker
arm-none-eabi-gcc -mcpu=cortex-m4 -mthumb -mfloat-abi=hard -mfpu=fpv4-sp-d16 -T"D:/微處理機系統實驗/Lab5/lab5-3/LinkerScript.ld" -Wl,-Map=output.map -Wl,--gc-sections -o "lab5-3.elf" @"objects.list"   -lm
Finished building target: lab5-3.elf
 
make --no-print-directory post-build
Generating binary and Printing size information:
arm-none-eabi-objcopy -O binary "lab5-3.elf" "lab5-3.bin"
arm-none-eabi-size "lab5-3.elf"
   text	   data	    bss	    dec	    hex	filename
   1720	   1088	   1088	   3896	    f38	lab5-3.elf
 
00:12:44 **** Incremental Build of configuration Debug for project lab5-3 ****
make -j8 all 
make: Nothing to be done for 'all'.
00:18:44 **** Incremental Build of configuration Debug for project lab5-3 ****
make -j8 all 
Building file: ../src/main.c
Invoking: MCU GCC Compiler
D:\微處理機系統實驗\Lab5\lab5-3\Debug
arm-none-eabi-gcc -mcpu=cortex-m4 -mthumb -mfloat-abi=hard -mfpu=fpv4-sp-d16 -DSTM32 -DSTM32L4 -DSTM32L476RGTx -DNUCLEO_L476RG -DDEBUG -I"D:/微處理機系統實驗/Lab5/lab5-3/inc" -O0 -g3 -Wall -fmessage-length=0 -ffunction-sections -c -MMD -MP -MF"src/main.d" -MT"src/main.o" -o "src/main.o" "../src/main.c"
../src/main.c: In function 'main':
../src/main.c:108:6: warning: variable 'tmp' set but not used [-Wunused-but-set-variable]
  int tmp;
      ^~~
../src/main.c: In function 'keypad_scan':
../src/main.c:91:1: warning: control reaches end of non-void function [-Wreturn-type]
 }
 ^
Finished building: ../src/main.c
 
Building target: lab5-3.elf
Invoking: MCU GCC Linker
arm-none-eabi-gcc -mcpu=cortex-m4 -mthumb -mfloat-abi=hard -mfpu=fpv4-sp-d16 -T"D:/微處理機系統實驗/Lab5/lab5-3/LinkerScript.ld" -Wl,-Map=output.map -Wl,--gc-sections -o "lab5-3.elf" @"objects.list"   -lm
Finished building target: lab5-3.elf
 
make --no-print-directory post-build
Generating binary and Printing size information:
arm-none-eabi-objcopy -O binary "lab5-3.elf" "lab5-3.bin"
arm-none-eabi-size "lab5-3.elf"
   text	   data	    bss	    dec	    hex	filename
   1728	   1088	   1088	   3904	    f40	lab5-3.elf
 
00:18:52 **** Incremental Build of configuration Debug for project lab5-3 ****
make -j8 all 
make: Nothing to be done for 'all'.
00:20:59 **** Incremental Build of configuration Debug for project lab5-3 ****
make -j8 all 
make: Nothing to be done for 'all'.
00:21:28 **** Incremental Build of configuration Debug for project lab5-3 ****
make -j8 all 
make: Nothing to be done for 'all'.
00:21:55 **** Incremental Build of configuration Debug for project lab5-3 ****
make -j8 all 
Building file: ../src/main.c
Invoking: MCU GCC Compiler
D:\微處理機系統實驗\Lab5\lab5-3\Debug
arm-none-eabi-gcc -mcpu=cortex-m4 -mthumb -mfloat-abi=hard -mfpu=fpv4-sp-d16 -DSTM32 -DSTM32L4 -DSTM32L476RGTx -DNUCLEO_L476RG -DDEBUG -I"D:/微處理機系統實驗/Lab5/lab5-3/inc" -O0 -g3 -Wall -fmessage-length=0 -ffunction-sections -c -MMD -MP -MF"src/main.d" -MT"src/main.o" -o "src/main.o" "../src/main.c"
../src/main.c: In function 'main':
../src/main.c:108:6: warning: variable 'tmp' set but not used [-Wunused-but-set-variable]
  int tmp;
      ^~~
../src/main.c: In function 'keypad_scan':
../src/main.c:91:1: warning: control reaches end of non-void function [-Wreturn-type]
 }
 ^
Finished building: ../src/main.c
 
Building target: lab5-3.elf
Invoking: MCU GCC Linker
arm-none-eabi-gcc -mcpu=cortex-m4 -mthumb -mfloat-abi=hard -mfpu=fpv4-sp-d16 -T"D:/微處理機系統實驗/Lab5/lab5-3/LinkerScript.ld" -Wl,-Map=output.map -Wl,--gc-sections -o "lab5-3.elf" @"objects.list"   -lm
Finished building target: lab5-3.elf
 
make --no-print-directory post-build
Generating binary and Printing size information:
arm-none-eabi-objcopy -O binary "lab5-3.elf" "lab5-3.bin"
arm-none-eabi-size "lab5-3.elf"
   text	   data	    bss	    dec	    hex	filename
   1728	   1088	   1088	   3904	    f40	lab5-3.elf
 
00:24:21 **** Incremental Build of configuration Debug for project lab5-3 ****
make -j8 all 
Building file: ../src/main.c
Invoking: MCU GCC Compiler
D:\微處理機系統實驗\Lab5\lab5-3\Debug
arm-none-eabi-gcc -mcpu=cortex-m4 -mthumb -mfloat-abi=hard -mfpu=fpv4-sp-d16 -DSTM32 -DSTM32L4 -DSTM32L476RGTx -DNUCLEO_L476RG -DDEBUG -I"D:/微處理機系統實驗/Lab5/lab5-3/inc" -O0 -g3 -Wall -fmessage-length=0 -ffunction-sections -c -MMD -MP -MF"src/main.d" -MT"src/main.o" -o "src/main.o" "../src/main.c"
../src/main.c: In function 'main':
../src/main.c:108:6: warning: variable 'tmp' set but not used [-Wunused-but-set-variable]
  int tmp;
      ^~~
../src/main.c: In function 'keypad_scan':
../src/main.c:91:1: warning: control reaches end of non-void function [-Wreturn-type]
 }
 ^
Finished building: ../src/main.c
 
Building target: lab5-3.elf
Invoking: MCU GCC Linker
arm-none-eabi-gcc -mcpu=cortex-m4 -mthumb -mfloat-abi=hard -mfpu=fpv4-sp-d16 -T"D:/微處理機系統實驗/Lab5/lab5-3/LinkerScript.ld" -Wl,-Map=output.map -Wl,--gc-sections -o "lab5-3.elf" @"objects.list"   -lm
Finished building target: lab5-3.elf
 
make --no-print-directory post-build
Generating binary and Printing size information:
arm-none-eabi-objcopy -O binary "lab5-3.elf" "lab5-3.bin"
arm-none-eabi-size "lab5-3.elf"
   text	   data	    bss	    dec	    hex	filename
   1728	   1088	   1088	   3904	    f40	lab5-3.elf
 
00:26:19 **** Incremental Build of configuration Debug for project lab5-3 ****
make -j8 all 
Building file: ../src/main.c
Invoking: MCU GCC Compiler
D:\微處理機系統實驗\Lab5\lab5-3\Debug
arm-none-eabi-gcc -mcpu=cortex-m4 -mthumb -mfloat-abi=hard -mfpu=fpv4-sp-d16 -DSTM32 -DSTM32L4 -DSTM32L476RGTx -DNUCLEO_L476RG -DDEBUG -I"D:/微處理機系統實驗/Lab5/lab5-3/inc" -O0 -g3 -Wall -fmessage-length=0 -ffunction-sections -c -MMD -MP -MF"src/main.d" -MT"src/main.o" -o "src/main.o" "../src/main.c"
../src/main.c: In function 'main':
../src/main.c:108:6: warning: variable 'tmp' set but not used [-Wunused-but-set-variable]
  int tmp;
      ^~~
../src/main.c: In function 'keypad_scan':
../src/main.c:91:1: warning: control reaches end of non-void function [-Wreturn-type]
 }
 ^
Finished building: ../src/main.c
 
Building target: lab5-3.elf
Invoking: MCU GCC Linker
arm-none-eabi-gcc -mcpu=cortex-m4 -mthumb -mfloat-abi=hard -mfpu=fpv4-sp-d16 -T"D:/微處理機系統實驗/Lab5/lab5-3/LinkerScript.ld" -Wl,-Map=output.map -Wl,--gc-sections -o "lab5-3.elf" @"objects.list"   -lm
Finished building target: lab5-3.elf
 
make --no-print-directory post-build
Generating binary and Printing size information:
arm-none-eabi-objcopy -O binary "lab5-3.elf" "lab5-3.bin"
arm-none-eabi-size "lab5-3.elf"
   text	   data	    bss	    dec	    hex	filename
   1728	   1088	   1088	   3904	    f40	lab5-3.elf
 
00:29:38 **** Incremental Build of configuration Debug for project lab5-3 ****
make -j8 all 
Building file: ../src/main.c
Invoking: MCU GCC Compiler
D:\微處理機系統實驗\Lab5\lab5-3\Debug
arm-none-eabi-gcc -mcpu=cortex-m4 -mthumb -mfloat-abi=hard -mfpu=fpv4-sp-d16 -DSTM32 -DSTM32L4 -DSTM32L476RGTx -DNUCLEO_L476RG -DDEBUG -I"D:/微處理機系統實驗/Lab5/lab5-3/inc" -O0 -g3 -Wall -fmessage-length=0 -ffunction-sections -c -MMD -MP -MF"src/main.d" -MT"src/main.o" -o "src/main.o" "../src/main.c"
../src/main.c: In function 'main':
../src/main.c:108:6: warning: variable 'tmp' set but not used [-Wunused-but-set-variable]
  int tmp;
      ^~~
../src/main.c: In function 'keypad_scan':
../src/main.c:91:1: warning: control reaches end of non-void function [-Wreturn-type]
 }
 ^
Finished building: ../src/main.c
 
Building target: lab5-3.elf
Invoking: MCU GCC Linker
arm-none-eabi-gcc -mcpu=cortex-m4 -mthumb -mfloat-abi=hard -mfpu=fpv4-sp-d16 -T"D:/微處理機系統實驗/Lab5/lab5-3/LinkerScript.ld" -Wl,-Map=output.map -Wl,--gc-sections -o "lab5-3.elf" @"objects.list"   -lm
Finished building target: lab5-3.elf
 
make --no-print-directory post-build
Generating binary and Printing size information:
arm-none-eabi-objcopy -O binary "lab5-3.elf" "lab5-3.bin"
arm-none-eabi-size "lab5-3.elf"
   text	   data	    bss	    dec	    hex	filename
   1728	   1088	   1088	   3904	    f40	lab5-3.elf
 
00:31:05 **** Incremental Build of configuration Debug for project lab5-3 ****
make -j8 all 
Building file: ../src/main.c
Invoking: MCU GCC Compiler
D:\微處理機系統實驗\Lab5\lab5-3\Debug
arm-none-eabi-gcc -mcpu=cortex-m4 -mthumb -mfloat-abi=hard -mfpu=fpv4-sp-d16 -DSTM32 -DSTM32L4 -DSTM32L476RGTx -DNUCLEO_L476RG -DDEBUG -I"D:/微處理機系統實驗/Lab5/lab5-3/inc" -O0 -g3 -Wall -fmessage-length=0 -ffunction-sections -c -MMD -MP -MF"src/main.d" -MT"src/main.o" -o "src/main.o" "../src/main.c"
../src/main.c: In function 'main':
../src/main.c:104:6: warning: variable 'tmp' set but not used [-Wunused-but-set-variable]
  int tmp;
      ^~~
../src/main.c: In function 'keypad_scan':
../src/main.c:87:1: warning: control reaches end of non-void function [-Wreturn-type]
 }
 ^
Finished building: ../src/main.c
 
Building target: lab5-3.elf
Invoking: MCU GCC Linker
arm-none-eabi-gcc -mcpu=cortex-m4 -mthumb -mfloat-abi=hard -mfpu=fpv4-sp-d16 -T"D:/微處理機系統實驗/Lab5/lab5-3/LinkerScript.ld" -Wl,-Map=output.map -Wl,--gc-sections -o "lab5-3.elf" @"objects.list"   -lm
Finished building target: lab5-3.elf
 
make --no-print-directory post-build
Generating binary and Printing size information:
arm-none-eabi-objcopy -O binary "lab5-3.elf" "lab5-3.bin"
[...]
Finished building target: lab5-3.elf
 
make --no-print-directory post-build
Generating binary and Printing size information:
arm-none-eabi-objcopy -O binary "lab5-3.elf" "lab5-3.bin"
arm-none-eabi-size "lab5-3.elf"
   text	   data	    bss	    dec	    hex	filename
   2016	   1088	   1088	   4192	   1060	lab5-3.elf
 
09:03:20 **** Incremental Build of configuration Debug for project lab5-3 ****
make -j8 all 
Building file: ../src/main.c
Invoking: MCU GCC Compiler
D:\微處理機系統實驗\Lab5\lab5-3\Debug
arm-none-eabi-gcc -mcpu=cortex-m4 -mthumb -mfloat-abi=hard -mfpu=fpv4-sp-d16 -DSTM32 -DSTM32L4 -DSTM32L476RGTx -DNUCLEO_L476RG -DDEBUG -I"D:/微處理機系統實驗/Lab5/lab5-3/inc" -O0 -g3 -Wall -fmessage-length=0 -ffunction-sections -c -MMD -MP -MF"src/main.d" -MT"src/main.o" -o "src/main.o" "../src/main.c"
../src/main.c: In function 'main':
../src/main.c:125:6: warning: variable 'tmp' set but not used [-Wunused-but-set-variable]
  int tmp;
      ^~~
../src/main.c: In function 'keypad_scan':
../src/main.c:118:1: warning: control reaches end of non-void function [-Wreturn-type]
 }
 ^
Finished building: ../src/main.c
 
Building target: lab5-3.elf
Invoking: MCU GCC Linker
arm-none-eabi-gcc -mcpu=cortex-m4 -mthumb -mfloat-abi=hard -mfpu=fpv4-sp-d16 -T"D:/微處理機系統實驗/Lab5/lab5-3/LinkerScript.ld" -Wl,-Map=output.map -Wl,--gc-sections -o "lab5-3.elf" @"objects.list"   -lm
Finished building target: lab5-3.elf
 
make --no-print-directory post-build
Generating binary and Printing size information:
arm-none-eabi-objcopy -O binary "lab5-3.elf" "lab5-3.bin"
arm-none-eabi-size "lab5-3.elf"
   text	   data	    bss	    dec	    hex	filename
   2016	   1088	   1088	   4192	   1060	lab5-3.elf
 
09:03:30 **** Incremental Build of configuration Debug for project lab5-3 ****
make -j8 all 
make: Nothing to be done for 'all'.
09:18:50 **** Incremental Build of configuration Debug for project lab5-3 ****
make -j8 all 
make: Nothing to be done for 'all'.
09:20:45 **** Incremental Build of configuration Debug for project lab5-3 ****
make -j8 all 
Building file: ../src/main.c
Invoking: MCU GCC Compiler
D:\微處理機系統實驗\Lab5\lab5-3\Debug
arm-none-eabi-gcc -mcpu=cortex-m4 -mthumb -mfloat-abi=hard -mfpu=fpv4-sp-d16 -DSTM32 -DSTM32L4 -DSTM32L476RGTx -DNUCLEO_L476RG -DDEBUG -I"D:/微處理機系統實驗/Lab5/lab5-3/inc" -O0 -g3 -Wall -fmessage-length=0 -ffunction-sections -c -MMD -MP -MF"src/main.d" -MT"src/main.o" -o "src/main.o" "../src/main.c"
../src/main.c: In function 'main':
../src/main.c:125:6: warning: variable 'tmp' set but not used [-Wunused-but-set-variable]
  int tmp;
      ^~~
../src/main.c: In function 'keypad_scan':
../src/main.c:118:1: warning: control reaches end of non-void function [-Wreturn-type]
 }
 ^
Finished building: ../src/main.c
 
Building target: lab5-3.elf
Invoking: MCU GCC Linker
arm-none-eabi-gcc -mcpu=cortex-m4 -mthumb -mfloat-abi=hard -mfpu=fpv4-sp-d16 -T"D:/微處理機系統實驗/Lab5/lab5-3/LinkerScript.ld" -Wl,-Map=output.map -Wl,--gc-sections -o "lab5-3.elf" @"objects.list"   -lm
Finished building target: lab5-3.elf
 
make --no-print-directory post-build
Generating binary and Printing size information:
arm-none-eabi-objcopy -O binary "lab5-3.elf" "lab5-3.bin"
arm-none-eabi-size "lab5-3.elf"
   text	   data	    bss	    dec	    hex	filename
   2008	   1088	   1088	   4184	   1058	lab5-3.elf
 
09:22:24 **** Incremental Build of configuration Debug for project lab5-3 ****
make -j8 all 
make: Nothing to be done for 'all'.
09:39:39 **** Incremental Build of configuration Debug for project lab5-3 ****
make -j8 all 
Building file: ../src/main.c
Invoking: MCU GCC Compiler
D:\微處理機系統實驗\Lab5\lab5-3\Debug
arm-none-eabi-gcc -mcpu=cortex-m4 -mthumb -mfloat-abi=hard -mfpu=fpv4-sp-d16 -DSTM32 -DSTM32L4 -DSTM32L476RGTx -DNUCLEO_L476RG -DDEBUG -I"D:/微處理機系統實驗/Lab5/lab5-3/inc" -O0 -g3 -Wall -fmessage-length=0 -ffunction-sections -c -MMD -MP -MF"src/main.d" -MT"src/main.o" -o "src/main.o" "../src/main.c"
../src/main.c: In function 'main':
../src/main.c:124:6: warning: variable 'tmp' set but not used [-Wunused-but-set-variable]
  int tmp;
      ^~~
../src/main.c: In function 'keypad_scan':
../src/main.c:117:1: warning: control reaches end of non-void function [-Wreturn-type]
 }
 ^
Finished building: ../src/main.c
 
Building target: lab5-3.elf
Invoking: MCU GCC Linker
arm-none-eabi-gcc -mcpu=cortex-m4 -mthumb -mfloat-abi=hard -mfpu=fpv4-sp-d16 -T"D:/微處理機系統實驗/Lab5/lab5-3/LinkerScript.ld" -Wl,-Map=output.map -Wl,--gc-sections -o "lab5-3.elf" @"objects.list"   -lm
Finished building target: lab5-3.elf
 
make --no-print-directory post-build
Generating binary and Printing size information:
arm-none-eabi-objcopy -O binary "lab5-3.elf" "lab5-3.bin"
arm-none-eabi-size "lab5-3.elf"
   text	   data	    bss	    dec	    hex	filename
   2048	   1088	   1088	   4224	   1080	lab5-3.elf
 
09:39:43 **** Incremental Build of configuration Debug for project lab5-3 ****
make -j8 all 
make: Nothing to be done for 'all'.
09:42:40 **** Incremental Build of configuration Debug for project lab5-3 ****
make -j8 all 
Building file: ../src/main.c
Invoking: MCU GCC Compiler
D:\微處理機系統實驗\Lab5\lab5-3\Debug
arm-none-eabi-gcc -mcpu=cortex-m4 -mthumb -mfloat-abi=hard -mfpu=fpv4-sp-d16 -DSTM32 -DSTM32L4 -DSTM32L476RGTx -DNUCLEO_L476RG -DDEBUG -I"D:/微處理機系統實驗/Lab5/lab5-3/inc" -O0 -g3 -Wall -fmessage-length=0 -ffunction-sections -c -MMD -MP -MF"src/main.d" -MT"src/main.o" -o "src/main.o" "../src/main.c"
../src/main.c: In function 'main':
../src/main.c:124:6: warning: variable 'tmp' set but not used [-Wunused-but-set-variable]
  int tmp;
      ^~~
../src/main.c: In function 'keypad_scan':
../src/main.c:117:1: warning: control reaches end of non-void function [-Wreturn-type]
 }
 ^
Finished building: ../src/main.c
 
Building target: lab5-3.elf
Invoking: MCU GCC Linker
arm-none-eabi-gcc -mcpu=cortex-m4 -mthumb -mfloat-abi=hard -mfpu=fpv4-sp-d16 -T"D:/微處理機系統實驗/Lab5/lab5-3/LinkerScript.ld" -Wl,-Map=output.map -Wl,--gc-sections -o "lab5-3.elf" @"objects.list"   -lm
Finished building target: lab5-3.elf
 
make --no-print-directory post-build
Generating binary and Printing size information:
arm-none-eabi-objcopy -O binary "lab5-3.elf" "lab5-3.bin"
arm-none-eabi-size "lab5-3.elf"
   text	   data	    bss	    dec	    hex	filename
   2176	   1088	   1088	   4352	   1100	lab5-3.elf
 
09:44:28 **** Incremental Build of configuration Debug for project lab5-3 ****
make -j8 all 
make: Nothing to be done for 'all'.
09:46:15 **** Incremental Build of configuration Debug for project lab5-3 ****
make -j8 all 
Building file: ../src/main.c
Invoking: MCU GCC Compiler
D:\微處理機系統實驗\Lab5\lab5-3\Debug
arm-none-eabi-gcc -mcpu=cortex-m4 -mthumb -mfloat-abi=hard -mfpu=fpv4-sp-d16 -DSTM32 -DSTM32L4 -DSTM32L476RGTx -DNUCLEO_L476RG -DDEBUG -I"D:/微處理機系統實驗/Lab5/lab5-3/inc" -O0 -g3 -Wall -fmessage-length=0 -ffunction-sections -c -MMD -MP -MF"src/main.d" -MT"src/main.o" -o "src/main.o" "../src/main.c"
../src/main.c: In function 'main':
../src/main.c:202:15: warning: statement with no effect [-Wunused-value]
       Press[i][j]] = true;//invert
       ~~~~~~~~^~~
../src/main.c:202:18: error: expected ';' before ']' token
       Press[i][j]] = true;//invert
                  ^
../src/main.c:202:18: error: expected statement before ']' token
../src/main.c:202:20: error: expected expression before '=' token
       Press[i][j]] = true;//invert
                    ^
../src/main.c:124:6: warning: variable 'tmp' set but not used [-Wunused-but-set-variable]
  int tmp;
      ^~~
../src/main.c: In function 'keypad_scan':
../src/main.c:117:1: warning: control reaches end of non-void function [-Wreturn-type]
 }
 ^
src/subdir.mk:30: recipe for target 'src/main.o' failed
make: *** [src/main.o] Error 1
09:46:21 **** Incremental Build of configuration Debug for project lab5-3 ****
make -j8 all 
Building file: ../src/main.c
Invoking: MCU GCC Compiler
D:\微處理機系統實驗\Lab5\lab5-3\Debug
arm-none-eabi-gcc -mcpu=cortex-m4 -mthumb -mfloat-abi=hard -mfpu=fpv4-sp-d16 -DSTM32 -DSTM32L4 -DSTM32L476RGTx -DNUCLEO_L476RG -DDEBUG -I"D:/微處理機系統實驗/Lab5/lab5-3/inc" -O0 -g3 -Wall -fmessage-length=0 -ffunction-sections -c -MMD -MP -MF"src/main.d" -MT"src/main.o" -o "src/main.o" "../src/main.c"
../src/main.c: In function 'main':
../src/main.c:124:6: warning: variable 'tmp' set but not used [-Wunused-but-set-variable]
  int tmp;
      ^~~
../src/main.c: In function 'keypad_scan':
../src/main.c:117:1: warning: control reaches end of non-void function [-Wreturn-type]
 }
 ^
Finished building: ../src/main.c
 
Building target: lab5-3.elf
Invoking: MCU GCC Linker
arm-none-eabi-gcc -mcpu=cortex-m4 -mthumb -mfloat-abi=hard -mfpu=fpv4-sp-d16 -T"D:/微處理機系統實驗/Lab5/lab5-3/LinkerScript.ld" -Wl,-Map=output.map -Wl,--gc-sections -o "lab5-3.elf" @"objects.list"   -lm
Finished building target: lab5-3.elf
 
make --no-print-directory post-build
Generating binary and Printing size information:
arm-none-eabi-objcopy -O binary "lab5-3.elf" "lab5-3.bin"
arm-none-eabi-size "lab5-3.elf"
   text	   data	    bss	    dec	    hex	filename
   2176	   1088	   1088	   4352	   1100	lab5-3.elf
 
17:54:07 **** Incremental Build of configuration Debug for project lab5-3 ****
make -j8 all 
Building file: ../src/main.c
Invoking: MCU GCC Compiler
D:\微處理機系統實驗\Lab5\lab5-3\Debug
arm-none-eabi-gcc -mcpu=cortex-m4 -mthumb -mfloat-abi=hard -mfpu=fpv4-sp-d16 -DSTM32 -DSTM32L4 -DSTM32L476RGTx -DNUCLEO_L476RG -DDEBUG -I"D:/微處理機系統實驗/Lab5/lab5-3/inc" -O0 -g3 -Wall -fmessage-length=0 -ffunction-sections -c -MMD -MP -MF"src/main.d" -MT"src/main.o" -o "src/main.o" "../src/main.c"
../src/main.c: In function 'main':
../src/main.c:124:6: warning: variable 'tmp' set but not used [-Wunused-but-set-variable]
  int tmp;
      ^~~
../src/main.c: In function 'keypad_scan':
../src/main.c:117:1: warning: control reaches end of non-void function [-Wreturn-type]
 }
 ^
Finished building: ../src/main.c
 
Building target: lab5-3.elf
Invoking: MCU GCC Linker
arm-none-eabi-gcc -mcpu=cortex-m4 -mthumb -mfloat-abi=hard -mfpu=fpv4-sp-d16 -T"D:/微處理機系統實驗/Lab5/lab5-3/LinkerScript.ld" -Wl,-Map=output.map -Wl,--gc-sections -o "lab5-3.elf" @"objects.list"   -lm
Finished building target: lab5-3.elf
 
make --no-print-directory post-build
Generating binary and Printing size information:
arm-none-eabi-objcopy -O binary "lab5-3.elf" "lab5-3.bin"
arm-none-eabi-size "lab5-3.elf"
   text	   data	    bss	    dec	    hex	filename
   2176	   1088	   1088	   4352	   1100	lab5-3.elf
 
17:54:17 **** Incremental Build of configuration Debug for project lab5-3 ****
make -j8 all 
make: Nothing to be done for 'all'.
17:54:37 **** Incremental Build of configuration Debug for project lab5-3 ****
make -j8 all 
make: Nothing to be done for 'all'.
17:54:42 **** Incremental Build of configuration Debug for project lab5-3 ****
make -j8 all 
make: Nothing to be done for 'all'.
19:23:47 **** Incremental Build of configuration Debug for project Lab5-1 ****
make -j8 all 
make: Nothing to be done for 'all'.
19:24:38 **** Incremental Build of configuration Debug for project Lab5-1 ****
make -j8 all 
make: Nothing to be done for 'all'.
19:25:32 **** Incremental Build of configuration Debug for project lab5-3 ****
make -j8 all 
make: Nothing to be done for 'all'.
19:37:04 **** Incremental Build of configuration Debug for project lab5-3 ****
make -j8 all 
Building file: ../src/main.c
Invoking: MCU GCC Compiler
D:\微處理機系統實驗\Lab5\lab5-3\Debug
arm-none-eabi-gcc -mcpu=cortex-m4 -mthumb -mfloat-abi=hard -mfpu=fpv4-sp-d16 -DSTM32 -DSTM32L4 -DSTM32L476RGTx -DNUCLEO_L476RG -DDEBUG -I"D:/微處理機系統實驗/Lab5/lab5-3/inc" -O0 -g3 -Wall -fmessage-length=0 -ffunction-sections -c -MMD -MP -MF"src/main.d" -MT"src/main.o" -o "src/main.o" "../src/main.c"
../src/main.c: In function 'keypad_scan':
../src/main.c:117:1: warning: control reaches end of non-void function [-Wreturn-type]
 }
 ^
Finished building: ../src/main.c
 
Building target: lab5-3.elf
Invoking: MCU GCC Linker
arm-none-eabi-gcc -mcpu=cortex-m4 -mthumb -mfloat-abi=hard -mfpu=fpv4-sp-d16 -T"D:/微處理機系統實驗/Lab5/lab5-3/LinkerScript.ld" -Wl,-Map=output.map -Wl,--gc-sections -o "lab5-3.elf" @"objects.list"   -lm
Finished building target: lab5-3.elf
 
make --no-print-directory post-build
Generating binary and Printing size information:
arm-none-eabi-objcopy -O binary "lab5-3.elf" "lab5-3.bin"
arm-none-eabi-size "lab5-3.elf"
   text	   data	    bss	    dec	    hex	filename
   2272	   1088	   1088	   4448	   1160	lab5-3.elf
 
19:37:43 **** Incremental Build of configuration Debug for project lab5-3 ****
make -j8 all 
Building file: ../src/main.c
Invoking: MCU GCC Compiler
D:\微處理機系統實驗\Lab5\lab5-3\Debug
arm-none-eabi-gcc -mcpu=cortex-m4 -mthumb -mfloat-abi=hard -mfpu=fpv4-sp-d16 -DSTM32 -DSTM32L4 -DSTM32L476RGTx -DNUCLEO_L476RG -DDEBUG -I"D:/微處理機系統實驗/Lab5/lab5-3/inc" -O0 -g3 -Wall -fmessage-length=0 -ffunction-sections -c -MMD -MP -MF"src/main.d" -MT"src/main.o" -o "src/main.o" "../src/main.c"
../src/main.c: In function 'keypad_scan':
../src/main.c:117:1: warning: control reaches end of non-void function [-Wreturn-type]
 }
 ^
Finished building: ../src/main.c
 
Building target: lab5-3.elf
Invoking: MCU GCC Linker
arm-none-eabi-gcc -mcpu=cortex-m4 -mthumb -mfloat-abi=hard -mfpu=fpv4-sp-d16 -T"D:/微處理機系統實驗/Lab5/lab5-3/LinkerScript.ld" -Wl,-Map=output.map -Wl,--gc-sections -o "lab5-3.elf" @"objects.list"   -lm
Finished building target: lab5-3.elf
 
make --no-print-directory post-build
Generating binary and Printing size information:
arm-none-eabi-objcopy -O binary "lab5-3.elf" "lab5-3.bin"
arm-none-eabi-size "lab5-3.elf"
   text	   data	    bss	    dec	    hex	filename
   2272	   1088	   1088	   4448	   1160	lab5-3.elf
 
19:43:54 **** Incremental Build of configuration Debug for project lab5-3 ****
make -j8 all 
Building file: ../src/main.c
Invoking: MCU GCC Compiler
D:\微處理機系統實驗\Lab5\lab5-3\Debug
arm-none-eabi-gcc -mcpu=cortex-m4 -mthumb -mfloat-abi=hard -mfpu=fpv4-sp-d16 -DSTM32 -DSTM32L4 -DSTM32L476RGTx -DNUCLEO_L476RG -DDEBUG -I"D:/微處理機系統實驗/Lab5/lab5-3/inc" -O0 -g3 -Wall -fmessage-length=0 -ffunction-sections -c -MMD -MP -MF"src/main.d" -MT"src/main.o" -o "src/main.o" "../src/main.c"
../src/main.c: In function 'keypad_scan':
../src/main.c:117:1: warning: control reaches end of non-void function [-Wreturn-type]
 }
 ^
Finished building: ../src/main.c
 
Building target: lab5-3.elf
Invoking: MCU GCC Linker
arm-none-eabi-gcc -mcpu=cortex-m4 -mthumb -mfloat-abi=hard -mfpu=fpv4-sp-d16 -T"D:/微處理機系統實驗/Lab5/lab5-3/LinkerScript.ld" -Wl,-Map=output.map -Wl,--gc-sections -o "lab5-3.elf" @"objects.list"   -lm
Finished building target: lab5-3.elf
 
make --no-print-directory post-build
Generating binary and Printing size information:
arm-none-eabi-objcopy -O binary "lab5-3.elf" "lab5-3.bin"
arm-none-eabi-size "lab5-3.elf"
   text	   data	    bss	    dec	    hex	filename
   2344	   1088	   1088	   4520	   11a8	lab5-3.elf
 
19:45:40 **** Incremental Build of configuration Debug for project lab5-3 ****
make -j8 all 
Building file: ../src/main.c
Invoking: MCU GCC Compiler
D:\微處理機系統實驗\Lab5\lab5-3\Debug
arm-none-eabi-gcc -mcpu=cortex-m4 -mthumb -mfloat-abi=hard -mfpu=fpv4-sp-d16 -DSTM32 -DSTM32L4 -DSTM32L476RGTx -DNUCLEO_L476RG -DDEBUG -I"D:/微處理機系統實驗/Lab5/lab5-3/inc" -O0 -g3 -Wall -fmessage-length=0 -ffunction-sections -c -MMD -MP -MF"src/main.d" -MT"src/main.o" -o "src/main.o" "../src/main.c"
../src/main.c: In function 'keypad_scan':
../src/main.c:117:1: warning: control reaches end of non-void function [-Wreturn-type]
 }
 ^
Finished building: ../src/main.c
 
Building target: lab5-3.elf
Invoking: MCU GCC Linker
arm-none-eabi-gcc -mcpu=cortex-m4 -mthumb -mfloat-abi=hard -mfpu=fpv4-sp-d16 -T"D:/微處理機系統實驗/Lab5/lab5-3/LinkerScript.ld" -Wl,-Map=output.map -Wl,--gc-sections -o "lab5-3.elf" @"objects.list"   -lm
Finished building target: lab5-3.elf
 
make --no-print-directory post-build
Generating binary and Printing size information:
arm-none-eabi-objcopy -O binary "lab5-3.elf" "lab5-3.bin"
arm-none-eabi-size "lab5-3.elf"
   text	   data	    bss	    dec	    hex	filename
   2344	   1088	   1088	   4520	   11a8	lab5-3.elf
 
19:48:27 **** Incremental Build of configuration Debug for project lab5-3 ****
make -j8 all 
Building file: ../src/main.c
Invoking: MCU GCC Compiler
D:\微處理機系統實驗\Lab5\lab5-3\Debug
arm-none-eabi-gcc -mcpu=cortex-m4 -mthumb -mfloat-abi=hard -mfpu=fpv4-sp-d16 -DSTM32 -DSTM32L4 -DSTM32L476RGTx -DNUCLEO_L476RG -DDEBUG -I"D:/微處理機系統實驗/Lab5/lab5-3/inc" -O0 -g3 -Wall -fmessage-length=0 -ffunction-sections -c -MMD -MP -MF"src/main.d" -MT"src/main.o" -o "src/main.o" "../src/main.c"
../src/main.c: In function 'keypad_scan':
../src/main.c:117:1: warning: control reaches end of non-void function [-Wreturn-type]
 }
 ^
Finished building: ../src/main.c
 
Building target: lab5-3.elf
Invoking: MCU GCC Linker
arm-none-eabi-gcc -mcpu=cortex-m4 -mthumb -mfloat-abi=hard -mfpu=fpv4-sp-d16 -T"D:/微處理機系統實驗/Lab5/lab5-3/LinkerScript.ld" -Wl,-Map=output.map -Wl,--gc-sections -o "lab5-3.elf" @"objects.list"   -lm
Finished building target: lab5-3.elf
 
make --no-print-directory post-build
Generating binary and Printing size information:
arm-none-eabi-objcopy -O binary "lab5-3.elf" "lab5-3.bin"
arm-none-eabi-size "lab5-3.elf"
   text	   data	    bss	    dec	    hex	filename
   2360	   1088	   1088	   4536	   11b8	lab5-3.elf
 
19:51:56 **** Incremental Build of configuration Debug for project lab5-3 ****
make -j8 all 
Building file: ../src/main.c
Invoking: MCU GCC Compiler
D:\微處理機系統實驗\Lab5\lab5-3\Debug
arm-none-eabi-gcc -mcpu=cortex-m4 -mthumb -mfloat-abi=hard -mfpu=fpv4-sp-d16 -DSTM32 -DSTM32L4 -DSTM32L476RGTx -DNUCLEO_L476RG -DDEBUG -I"D:/微處理機系統實驗/Lab5/lab5-3/inc" -O0 -g3 -Wall -fmessage-length=0 -ffunction-sections -c -MMD -MP -MF"src/main.d" -MT"src/main.o" -o "src/main.o" "../src/main.c"
../src/main.c: In function 'keypad_scan':
../src/main.c:117:1: warning: control reaches end of non-void function [-Wreturn-type]
 }
 ^
Finished building: ../src/main.c
 
Building target: lab5-3.elf
Invoking: MCU GCC Linker
arm-none-eabi-gcc -mcpu=cortex-m4 -mthumb -mfloat-abi=hard -mfpu=fpv4-sp-d16 -T"D:/微處理機系統實驗/Lab5/lab5-3/LinkerScript.ld" -Wl,-Map=output.map -Wl,--gc-sections -o "lab5-3.elf" @"objects.list"   -lm
Finished building target: lab5-3.elf
 
make --no-print-directory post-build
Generating binary and Printing size information:
arm-none-eabi-objcopy -O binary "lab5-3.elf" "lab5-3.bin"
arm-none-eabi-size "lab5-3.elf"
   text	   data	    bss	    dec	    hex	filename
   2360	   1088	   1088	   4536	   11b8	lab5-3.elf
 
19:57:29 **** Incremental Build of configuration Debug for project lab5-3 ****
make -j8 all 
Building file: ../src/main.c
Invoking: MCU GCC Compiler
D:\微處理機系統實驗\Lab5\lab5-3\Debug
arm-none-eabi-gcc -mcpu=cortex-m4 -mthumb -mfloat-abi=hard -mfpu=fpv4-sp-d16 -DSTM32 -DSTM32L4 -DSTM32L476RGTx -DNUCLEO_L476RG -DDEBUG -I"D:/微處理機系統實驗/Lab5/lab5-3/inc" -O0 -g3 -Wall -fmessage-length=0 -ffunction-sections -c -MMD -MP -MF"src/main.d" -MT"src/main.o" -o "src/main.o" "../src/main.c"
../src/main.c: In function 'main':
../src/main.c:232:7: warning: this 'else' clause does not guard... [-Wmisleading-indentation]
       else
       ^~~~
../src/main.c:234:8: note: ...this statement, but the latter is misleadingly indented as if it were guarded by the 'else'
        zero = true;
        ^~~~
../src/main.c: In function 'keypad_scan':
../src/main.c:117:1: warning: control reaches end of non-void function [-Wreturn-type]
 }
 ^
Finished building: ../src/main.c
 
Building target: lab5-3.elf
Invoking: MCU GCC Linker
arm-none-eabi-gcc -mcpu=cortex-m4 -mthumb -mfloat-abi=hard -mfpu=fpv4-sp-d16 -T"D:/微處理機系統實驗/Lab5/lab5-3/LinkerScript.ld" -Wl,-Map=output.map -Wl,--gc-sections -o "lab5-3.elf" @"objects.list"   -lm
Finished building target: lab5-3.elf
 
make --no-print-directory post-build
Generating binary and Printing size information:
arm-none-eabi-objcopy -O binary "lab5-3.elf" "lab5-3.bin"
arm-none-eabi-size "lab5-3.elf"
   text	   data	    bss	    dec	    hex	filename
   2392	   1088	   1088	   4568	   11d8	lab5-3.elf
 
