19:57:29 **** Incremental Build of configuration Debug for project lab5-3 ****
make -j8 all 
Building file: ../src/main.c
Invoking: MCU GCC Compiler
D:\微處理機系統實驗\Lab5\lab5-3\Debug
arm-none-eabi-gcc -mcpu=cortex-m4 -mthumb -mfloat-abi=hard -mfpu=fpv4-sp-d16 -DSTM32 -DSTM32L4 -DSTM32L476RGTx -DNUCLEO_L476RG -DDEBUG -I"D:/微處理機系統實驗/Lab5/lab5-3/inc" -O0 -g3 -Wall -fmessage-length=0 -ffunction-sections -c -MMD -MP -MF"src/main.d" -MT"src/main.o" -o "src/main.o" "../src/main.c"
../src/main.c: In function 'main':
../src/main.c:232:7: warning: this 'else' clause does not guard... [-Wmisleading-indentation]
       else
       ^~~~
../src/main.c:234:8: note: ...this statement, but the latter is misleadingly indented as if it were guarded by the 'else'
        zero = true;
        ^~~~
../src/main.c: In function 'keypad_scan':
../src/main.c:117:1: warning: control reaches end of non-void function [-Wreturn-type]
 }
 ^
Finished building: ../src/main.c
 
Building target: lab5-3.elf
Invoking: MCU GCC Linker
arm-none-eabi-gcc -mcpu=cortex-m4 -mthumb -mfloat-abi=hard -mfpu=fpv4-sp-d16 -T"D:/微處理機系統實驗/Lab5/lab5-3/LinkerScript.ld" -Wl,-Map=output.map -Wl,--gc-sections -o "lab5-3.elf" @"objects.list"   -lm
Finished building target: lab5-3.elf
 
make --no-print-directory post-build
Generating binary and Printing size information:
arm-none-eabi-objcopy -O binary "lab5-3.elf" "lab5-3.bin"
arm-none-eabi-size "lab5-3.elf"
   text	   data	    bss	    dec	    hex	filename
   2392	   1088	   1088	   4568	   11d8	lab5-3.elf
 

19:57:31 Build Finished (took 1s.516ms)

