15:57:19 **** Build of configuration Debug for project 3-2 ****
make -j8 all 
Building file: ../startup/startup_stm32.s
Building file: ../startup/sysmem.c
Building file: ../src/.main.s
Invoking: MCU GCC Assembler
Invoking: MCU GCC Compiler
Invoking: MCU GCC Assembler
D:\微處理機系統實驗\Lab3-2\3-2\Debug
arm-none-eabi-as -mcpu=cortex-m4 -mthumb -mfloat-abi=hard -mfpu=fpv4-sp-d16 -g -o "startup/startup_stm32.o" "../startup/startup_stm32.s"
D:\微處理機系統實驗\Lab3-2\3-2\Debug
arm-none-eabi-gcc -mcpu=cortex-m4 -mthumb -mfloat-abi=hard -mfpu=fpv4-sp-d16 -DSTM32 -DSTM32L4 -DSTM32L476RGTx -DNUCLEO_L476RG -DDEBUG -O0 -g3 -Wall -fmessage-length=0 -ffunction-sections -c -MMD -MP -MF"startup/sysmem.d" -MT"startup/sysmem.o" -o "startup/sysmem.o" "../startup/sysmem.c"
D:\微處理機系統實驗\Lab3-2\3-2\Debug
arm-none-eabi-as -mcpu=cortex-m4 -mthumb -mfloat-abi=hard -mfpu=fpv4-sp-d16 -g -o "src/.main.o" "../src/.main.s"
Finished building: ../startup/startup_stm32.s
Finished building: ../src/.main.s
 
 
Finished building: ../startup/sysmem.c
 
Building target: 3-2.elf
Invoking: MCU GCC Linker
arm-none-eabi-gcc -mcpu=cortex-m4 -mthumb -mfloat-abi=hard -mfpu=fpv4-sp-d16 -T"D:/微處理機系統實驗/Lab3-2/3-2/LinkerScript.ld" -Wl,-Map=output.map -Wl,--gc-sections -o "3-2.elf" @"objects.list"   -lm
Finished building target: 3-2.elf
 
make --no-print-directory post-build
Generating binary and Printing size information:
arm-none-eabi-objcopy -O binary "3-2.elf" "3-2.bin"
arm-none-eabi-size "3-2.elf"
   text	   data	    bss	    dec	    hex	filename
   1088	   1096	   1088	   3272	    cc8	3-2.elf
 
15:57:28 **** Incremental Build of configuration Debug for project 3-2 ****
make -j8 all 
make: Nothing to be done for 'all'.
15:58:34 **** Incremental Build of configuration Debug for project 3-2 ****
make -j8 all 
Building file: ../src/.main.s
Invoking: MCU GCC Assembler
D:\微處理機系統實驗\Lab3-2\3-2\Debug
arm-none-eabi-as -mcpu=cortex-m4 -mthumb -mfloat-abi=hard -mfpu=fpv4-sp-d16 -g -o "src/.main.o" "../src/.main.s"
Finished building: ../src/.main.s
 
Building target: 3-2.elf
Invoking: MCU GCC Linker
arm-none-eabi-gcc -mcpu=cortex-m4 -mthumb -mfloat-abi=hard -mfpu=fpv4-sp-d16 -T"D:/微處理機系統實驗/Lab3-2/3-2/LinkerScript.ld" -Wl,-Map=output.map -Wl,--gc-sections -o "3-2.elf" @"objects.list"   -lm
Finished building target: 3-2.elf
 
make --no-print-directory post-build
Generating binary and Printing size information:
arm-none-eabi-objcopy -O binary "3-2.elf" "3-2.bin"
arm-none-eabi-size "3-2.elf"
   text	   data	    bss	    dec	    hex	filename
   1072	   1096	   1088	   3256	    cb8	3-2.elf
 
15:58:55 **** Incremental Build of configuration Debug for project 3-2 ****
make -j8 all 
Building file: ../src/.main.s
Invoking: MCU GCC Assembler
D:\微處理機系統實驗\Lab3-2\3-2\Debug
arm-none-eabi-as -mcpu=cortex-m4 -mthumb -mfloat-abi=hard -mfpu=fpv4-sp-d16 -g -o "src/.main.o" "../src/.main.s"
Finished building: ../src/.main.s
 
Building target: 3-2.elf
Invoking: MCU GCC Linker
arm-none-eabi-gcc -mcpu=cortex-m4 -mthumb -mfloat-abi=hard -mfpu=fpv4-sp-d16 -T"D:/微處理機系統實驗/Lab3-2/3-2/LinkerScript.ld" -Wl,-Map=output.map -Wl,--gc-sections -o "3-2.elf" @"objects.list"   -lm
Finished building target: 3-2.elf
 
make --no-print-directory post-build
Generating binary and Printing size information:
arm-none-eabi-objcopy -O binary "3-2.elf" "3-2.bin"
arm-none-eabi-size "3-2.elf"
   text	   data	    bss	    dec	    hex	filename
   1088	   1096	   1088	   3272	    cc8	3-2.elf
 
15:59:12 **** Incremental Build of configuration Debug for project 3-2 ****
make -j8 all 
Building file: ../src/.main.s
Invoking: MCU GCC Assembler
D:\微處理機系統實驗\Lab3-2\3-2\Debug
arm-none-eabi-as -mcpu=cortex-m4 -mthumb -mfloat-abi=hard -mfpu=fpv4-sp-d16 -g -o "src/.main.o" "../src/.main.s"
Finished building: ../src/.main.s
 
Building target: 3-2.elf
Invoking: MCU GCC Linker
arm-none-eabi-gcc -mcpu=cortex-m4 -mthumb -mfloat-abi=hard -mfpu=fpv4-sp-d16 -T"D:/微處理機系統實驗/Lab3-2/3-2/LinkerScript.ld" -Wl,-Map=output.map -Wl,--gc-sections -o "3-2.elf" @"objects.list"   -lm
Finished building target: 3-2.elf
 
make --no-print-directory post-build
Generating binary and Printing size information:
arm-none-eabi-objcopy -O binary "3-2.elf" "3-2.bin"
arm-none-eabi-size "3-2.elf"
   text	   data	    bss	    dec	    hex	filename
   1080	   1096	   1088	   3264	    cc0	3-2.elf
 
16:02:37 **** Incremental Build of configuration Debug for project 3-2 ****
make -j8 all 
Building file: ../src/.main.s
Invoking: MCU GCC Assembler
D:\微處理機系統實驗\Lab3-2\3-2\Debug
arm-none-eabi-as -mcpu=cortex-m4 -mthumb -mfloat-abi=hard -mfpu=fpv4-sp-d16 -g -o "src/.main.o" "../src/.main.s"
Finished building: ../src/.main.s
 
Building target: 3-2.elf
Invoking: MCU GCC Linker
arm-none-eabi-gcc -mcpu=cortex-m4 -mthumb -mfloat-abi=hard -mfpu=fpv4-sp-d16 -T"D:/微處理機系統實驗/Lab3-2/3-2/LinkerScript.ld" -Wl,-Map=output.map -Wl,--gc-sections -o "3-2.elf" @"objects.list"   -lm
Finished building target: 3-2.elf
 
make --no-print-directory post-build
Generating binary and Printing size information:
arm-none-eabi-objcopy -O binary "3-2.elf" "3-2.bin"
arm-none-eabi-size "3-2.elf"
   text	   data	    bss	    dec	    hex	filename
   1072	   1096	   1088	   3256	    cb8	3-2.elf
 
16:02:52 **** Incremental Build of configuration Debug for project 3-2 ****
make -j8 all 
make: Nothing to be done for 'all'.
16:03:10 **** Incremental Build of configuration Debug for project 3-2 ****
make -j8 all 
Building file: ../src/.main.s
Invoking: MCU GCC Assembler
D:\微處理機系統實驗\Lab3-2\3-2\Debug
arm-none-eabi-as -mcpu=cortex-m4 -mthumb -mfloat-abi=hard -mfpu=fpv4-sp-d16 -g -o "src/.main.o" "../src/.main.s"
Finished building: ../src/.main.s
 
Building target: 3-2.elf
Invoking: MCU GCC Linker
arm-none-eabi-gcc -mcpu=cortex-m4 -mthumb -mfloat-abi=hard -mfpu=fpv4-sp-d16 -T"D:/微處理機系統實驗/Lab3-2/3-2/LinkerScript.ld" -Wl,-Map=output.map -Wl,--gc-sections -o "3-2.elf" @"objects.list"   -lm
Finished building target: 3-2.elf
 
make --no-print-directory post-build
Generating binary and Printing size information:
arm-none-eabi-objcopy -O binary "3-2.elf" "3-2.bin"
arm-none-eabi-size "3-2.elf"
   text	   data	    bss	    dec	    hex	filename
   1072	   1096	   1088	   3256	    cb8	3-2.elf
 
16:03:26 **** Incremental Build of configuration Debug for project 3-2 ****
make -j8 all 
make: Nothing to be done for 'all'.
16:03:49 **** Incremental Build of configuration Debug for project 3-2 ****
make -j8 all 
Building file: ../src/.main.s
Invoking: MCU GCC Assembler
D:\微處理機系統實驗\Lab3-2\3-2\Debug
arm-none-eabi-as -mcpu=cortex-m4 -mthumb -mfloat-abi=hard -mfpu=fpv4-sp-d16 -g -o "src/.main.o" "../src/.main.s"
Finished building: ../src/.main.s
 
Building target: 3-2.elf
Invoking: MCU GCC Linker
arm-none-eabi-gcc -mcpu=cortex-m4 -mthumb -mfloat-abi=hard -mfpu=fpv4-sp-d16 -T"D:/微處理機系統實驗/Lab3-2/3-2/LinkerScript.ld" -Wl,-Map=output.map -Wl,--gc-sections -o "3-2.elf" @"objects.list"   -lm
Finished building target: 3-2.elf
 
make --no-print-directory post-build
Generating binary and Printing size information:
arm-none-eabi-objcopy -O binary "3-2.elf" "3-2.bin"
arm-none-eabi-size "3-2.elf"
   text	   data	    bss	    dec	    hex	filename
   1080	   1096	   1088	   3264	    cc0	3-2.elf
 
16:04:08 **** Incremental Build of configuration Debug for project 3-2 ****
make -j8 all 
Building file: ../src/.main.s
Invoking: MCU GCC Assembler
D:\微處理機系統實驗\Lab3-2\3-2\Debug
arm-none-eabi-as -mcpu=cortex-m4 -mthumb -mfloat-abi=hard -mfpu=fpv4-sp-d16 -g -o "src/.main.o" "../src/.main.s"
Finished building: ../src/.main.s
 
Building target: 3-2.elf
Invoking: MCU GCC Linker
arm-none-eabi-gcc -mcpu=cortex-m4 -mthumb -mfloat-abi=hard -mfpu=fpv4-sp-d16 -T"D:/微處理機系統實驗/Lab3-2/3-2/LinkerScript.ld" -Wl,-Map=output.map -Wl,--gc-sections -o "3-2.elf" @"objects.list"   -lm
Finished building target: 3-2.elf
 
make --no-print-directory post-build
Generating binary and Printing size information:
arm-none-eabi-objcopy -O binary "3-2.elf" "3-2.bin"
arm-none-eabi-size "3-2.elf"
   text	   data	    bss	    dec	    hex	filename
   1080	   1096	   1088	   3264	    cc0	3-2.elf
 
16:04:10 **** Incremental Build of configuration Debug for project 3-2 ****
make -j8 all 
make: Nothing to be done for 'all'.
16:04:31 **** Incremental Build of configuration Debug for project 3-2 ****
make -j8 all 
Building file: ../src/.main.s
Invoking: MCU GCC Assembler
D:\微處理機系統實驗\Lab3-2\3-2\Debug
arm-none-eabi-as -mcpu=cortex-m4 -mthumb -mfloat-abi=hard -mfpu=fpv4-sp-d16 -g -o "src/.main.o" "../src/.main.s"
Finished building: ../src/.main.s
 
Building target: 3-2.elf
Invoking: MCU GCC Linker
arm-none-eabi-gcc -mcpu=cortex-m4 -mthumb -mfloat-abi=hard -mfpu=fpv4-sp-d16 -T"D:/微處理機系統實驗/Lab3-2/3-2/LinkerScript.ld" -Wl,-Map=output.map -Wl,--gc-sections -o "3-2.elf" @"objects.list"   -lm
Finished building target: 3-2.elf
 
make --no-print-directory post-build
Generating binary and Printing size information:
arm-none-eabi-objcopy -O binary "3-2.elf" "3-2.bin"
arm-none-eabi-size "3-2.elf"
   text	   data	    bss	    dec	    hex	filename
   1080	   1096	   1088	   3264	    cc0	3-2.elf
 
20:33:10 **** Incremental Build of configuration Debug for project 3-2 ****
make -j8 all 
Building file: ../src/.main.s
Invoking: MCU GCC Assembler
D:\微處理機系統實驗\Lab3-2\3-2\Debug
arm-none-eabi-as -mcpu=cortex-m4 -mthumb -mfloat-abi=hard -mfpu=fpv4-sp-d16 -g -o "src/.main.o" "../src/.main.s"
Finished building: ../src/.main.s
 
Building target: 3-2.elf
Invoking: MCU GCC Linker
arm-none-eabi-gcc -mcpu=cortex-m4 -mthumb -mfloat-abi=hard -mfpu=fpv4-sp-d16 -T"D:/微處理機系統實驗/Lab3-2/3-2/LinkerScript.ld" -Wl,-Map=output.map -Wl,--gc-sections -o "3-2.elf" @"objects.list"   -lm
Finished building target: 3-2.elf
 
make --no-print-directory post-build
Generating binary and Printing size information:
arm-none-eabi-objcopy -O binary "3-2.elf" "3-2.bin"
arm-none-eabi-size "3-2.elf"
   text	   data	    bss	    dec	    hex	filename
   1088	   1096	   1088	   3272	    cc8	3-2.elf
 
20:33:18 **** Incremental Build of configuration Debug for project 3-2 ****
make -j8 all 
make: Nothing to be done for 'all'.
20:33:37 **** Incremental Build of configuration Debug for project 3-2 ****
make -j8 all 
make: Nothing to be done for 'all'.
20:33:47 **** Incremental Build of configuration Debug for project 3-2 ****
make -j8 all 
make: Nothing to be done for 'all'.
20:34:07 **** Incremental Build of configuration Debug for project 3-2 ****
make -j8 all 
Building file: ../src/.main.s
Invoking: MCU GCC Assembler
D:\微處理機系統實驗\Lab3-2\3-2\Debug
arm-none-eabi-as -mcpu=cortex-m4 -mthumb -mfloat-abi=hard -mfpu=fpv4-sp-d16 -g -o "src/.main.o" "../src/.main.s"
Finished building: ../src/.main.s
 
Building target: 3-2.elf
Invoking: MCU GCC Linker
arm-none-eabi-gcc -mcpu=cortex-m4 -mthumb -mfloat-abi=hard -mfpu=fpv4-sp-d16 -T"D:/微處理機系統實驗/Lab3-2/3-2/LinkerScript.ld" -Wl,-Map=output.map -Wl,--gc-sections -o "3-2.elf" @"objects.list"   -lm
Finished building target: 3-2.elf
 
make --no-print-directory post-build
Generating binary and Printing size information:
arm-none-eabi-objcopy -O binary "3-2.elf" "3-2.bin"
arm-none-eabi-size "3-2.elf"
   text	   data	    bss	    dec	    hex	filename
   1080	   1096	   1088	   3264	    cc0	3-2.elf
 
20:34:17 **** Incremental Build of configuration Debug for project 3-2 ****
make -j8 all 
make: Nothing to be done for 'all'.
20:39:32 **** Incremental Build of configuration Debug for project 3-2 ****
make -j8 all 
Building file: ../src/.main.s
Invoking: MCU GCC Assembler
D:\微處理機系統實驗\Lab3-2\3-2\Debug
arm-none-eabi-as -mcpu=cortex-m4 -mthumb -mfloat-abi=hard -mfpu=fpv4-sp-d16 -g -o "src/.main.o" "../src/.main.s"
Finished building: ../src/.main.s
 
Building target: 3-2.elf
Invoking: MCU GCC Linker
arm-none-eabi-gcc -mcpu=cortex-m4 -mthumb -mfloat-abi=hard -mfpu=fpv4-sp-d16 -T"D:/微處理機系統實驗/Lab3-2/3-2/LinkerScript.ld" -Wl,-Map=output.map -Wl,--gc-sections -o "3-2.elf" @"objects.list"   -lm
Finished building target: 3-2.elf
 
make --no-print-directory post-build
Generating binary and Printing size information:
arm-none-eabi-objcopy -O binary "3-2.elf" "3-2.bin"
arm-none-eabi-size "3-2.elf"
   text	   data	    bss	    dec	    hex	filename
   1104	   1096	   1088	   3288	    cd8	3-2.elf
 
20:40:37 **** Incremental Build of configuration Debug for project 3-2 ****
make -j8 all 
Building file: ../src/.main.s
Invoking: MCU GCC Assembler
D:\微處理機系統實驗\Lab3-2\3-2\Debug
arm-none-eabi-as -mcpu=cortex-m4 -mthumb -mfloat-abi=hard -mfpu=fpv4-sp-d16 -g -o "src/.main.o" "../src/.main.s"
Finished building: ../src/.main.s
 
Building target: 3-2.elf
Invoking: MCU GCC Linker
arm-none-eabi-gcc -mcpu=cortex-m4 -mthumb -mfloat-abi=hard -mfpu=fpv4-sp-d16 -T"D:/微處理機系統實驗/Lab3-2/3-2/LinkerScript.ld" -Wl,-Map=output.map -Wl,--gc-sections -o "3-2.elf" @"objects.list"   -lm
Finished building target: 3-2.elf
 
make --no-print-directory post-build
Generating binary and Printing size information:
arm-none-eabi-objcopy -O binary "3-2.elf" "3-2.bin"
arm-none-eabi-size "3-2.elf"
   text	   data	    bss	    dec	    hex	filename
   1112	   1096	   1088	   3296	    ce0	3-2.elf
 
20:40:50 **** Incremental Build of configuration Debug for project 3-2 ****
make -j8 all 
make: Nothing to be done for 'all'.
22:04:50 **** Incremental Build of configuration Debug for project 3-2 ****
make -j8 all 
make: Nothing to be done for 'all'.
22:05:39 **** Incremental Build of configuration Debug for project 3-2 ****
make -j8 all 
make: Nothing to be done for 'all'.
22:06:05 **** Incremental Build of configuration Debug for project 3-2 ****
make -j8 all 
make: Nothing to be done for 'all'.
22:11:10 **** Incremental Build of configuration Debug for project 3-2 ****
make -j8 all 
Building file: ../src/.main.s
Invoking: MCU GCC Assembler
D:\微處理機系統實驗\Lab3-2\3-2\Debug
arm-none-eabi-as -mcpu=cortex-m4 -mthumb -mfloat-abi=hard -mfpu=fpv4-sp-d16 -g -o "src/.main.o" "../src/.main.s"
Finished building: ../src/.main.s
 
Building target: 3-2.elf
Invoking: MCU GCC Linker
arm-none-eabi-gcc -mcpu=cortex-m4 -mthumb -mfloat-abi=hard -mfpu=fpv4-sp-d16 -T"D:/微處理機系統實驗/Lab3-2/3-2/LinkerScript.ld" -Wl,-Map=output.map -Wl,--gc-sections -o "3-2.elf" @"objects.list"   -lm
Finished building target: 3-2.elf
 
make --no-print-directory post-build
Generating binary and Printing size information:
arm-none-eabi-objcopy -O binary "3-2.elf" "3-2.bin"
arm-none-eabi-size "3-2.elf"
   text	   data	    bss	    dec	    hex	filename
   1112	   1096	   1088	   3296	    ce0	3-2.elf
 
22:13:34 **** Incremental Build of configuration Debug for project 3-2 ****
make -j8 all 
Building file: ../src/.main.s
Invoking: MCU GCC Assembler
D:\微處理機系統實驗\Lab3-2\3-2\Debug
arm-none-eabi-as -mcpu=cortex-m4 -mthumb -mfloat-abi=hard -mfpu=fpv4-sp-d16 -g -o "src/.main.o" "../src/.main.s"
Finished building: ../src/.main.s
 
Building target: 3-2.elf
Invoking: MCU GCC Linker
arm-none-eabi-gcc -mcpu=cortex-m4 -mthumb -mfloat-abi=hard -mfpu=fpv4-sp-d16 -T"D:/微處理機系統實驗/Lab3-2/3-2/LinkerScript.ld" -Wl,-Map=output.map -Wl,--gc-sections -o "3-2.elf" @"objects.list"   -lm
Finished building target: 3-2.elf
 
make --no-print-directory post-build
Generating binary and Printing size information:
arm-none-eabi-objcopy -O binary "3-2.elf" "3-2.bin"
arm-none-eabi-size "3-2.elf"
   text	   data	    bss	    dec	    hex	filename
   1112	   1096	   1088	   3296	    ce0	3-2.elf
 
22:14:10 **** Incremental Build of configuration Debug for project 3-2 ****
make -j8 all 
Building file: ../src/.main.s
Invoking: MCU GCC Assembler
D:\微處理機系統實驗\Lab3-2\3-2\Debug
arm-none-eabi-as -mcpu=cortex-m4 -mthumb -mfloat-abi=hard -mfpu=fpv4-sp-d16 -g -o "src/.main.o" "../src/.main.s"
Finished building: ../src/.main.s
 
Building target: 3-2.elf
Invoking: MCU GCC Linker
arm-none-eabi-gcc -mcpu=cortex-m4 -mthumb -mfloat-abi=hard -mfpu=fpv4-sp-d16 -T"D:/微處理機系統實驗/Lab3-2/3-2/LinkerScript.ld" -Wl,-Map=output.map -Wl,--gc-sections -o "3-2.elf" @"objects.list"   -lm
Finished building target: 3-2.elf
 
make --no-print-directory post-build
Generating binary and Printing size information:
arm-none-eabi-objcopy -O binary "3-2.elf" "3-2.bin"
arm-none-eabi-size "3-2.elf"
   text	   data	    bss	    dec	    hex	filename
   1112	   1096	   1088	   3296	    ce0	3-2.elf
 
22:33:34 **** Incremental Build of configuration Debug for project 3-2 ****
make -j8 all 
Building file: ../src/.main.s
Invoking: MCU GCC Assembler
D:\微處理機系統實驗\Lab3-2\3-2\Debug
arm-none-eabi-as -mcpu=cortex-m4 -mthumb -mfloat-abi=hard -mfpu=fpv4-sp-d16 -g -o "src/.main.o" "../src/.main.s"
Finished building: ../src/.main.s
 
Building target: 3-2.elf
Invoking: MCU GCC Linker
arm-none-eabi-gcc -mcpu=cortex-m4 -mthumb -mfloat-abi=hard -mfpu=fpv4-sp-d16 -T"D:/微處理機系統實驗/Lab3-2/3-2/LinkerScript.ld" -Wl,-Map=output.map -Wl,--gc-sections -o "3-2.elf" @"objects.list"   -lm
Finished building target: 3-2.elf
 
make --no-print-directory post-build
Generating binary and Printing size information:
arm-none-eabi-objcopy -O binary "3-2.elf" "3-2.bin"
arm-none-eabi-size "3-2.elf"
   text	   data	    bss	    dec	    hex	filename
   1112	   1096	   1088	   3296	    ce0	3-2.elf
 
22:36:25 **** Incremental Build of configuration Debug for project 3-2 ****
make -j8 all 
make: Nothing to be done for 'all'.
22:36:56 **** Incremental Build of configuration Debug for project 3-2 ****
make -j8 all 
Building file: ../src/.main.s
Invoking: MCU GCC Assembler
D:\微處理機系統實驗\Lab3-2\3-2\Debug
arm-none-eabi-as -mcpu=cortex-m4 -mthumb -mfloat-abi=hard -mfpu=fpv4-sp-d16 -g -o "src/.main.o" "../src/.main.s"
Finished building: ../src/.main.s
 
Building target: 3-2.elf
Invoking: MCU GCC Linker
arm-none-eabi-gcc -mcpu=cortex-m4 -mthumb -mfloat-abi=hard -mfpu=fpv4-sp-d16 -T"D:/微處理機系統實驗/Lab3-2/3-2/LinkerScript.ld" -Wl,-Map=output.map -Wl,--gc-sections -o "3-2.elf" @"objects.list"   -lm
Finished building target: 3-2.elf
 
make --no-print-directory post-build
Generating binary and Printing size information:
arm-none-eabi-objcopy -O binary "3-2.elf" "3-2.bin"
arm-none-eabi-size "3-2.elf"
   text	   data	    bss	    dec	    hex	filename
   1112	   1096	   1088	   3296	    ce0	3-2.elf
 
22:48:15 **** Incremental Build of configuration Debug for project 3-2 ****
make -j8 all 
make: Nothing to be done for 'all'.
22:48:33 **** Incremental Build of configuration Debug for project 3-2 ****
make -j8 all 
Building file: ../src/.main.s
Invoking: MCU GCC Assembler
D:\微處理機系統實驗\Lab3-2\3-2\Debug
arm-none-eabi-as -mcpu=cortex-m4 -mthumb -mfloat-abi=hard -mfpu=fpv4-sp-d16 -g -o "src/.main.o" "../src/.main.s"
Finished building: ../src/.main.s
 
Building target: 3-2.elf
Invoking: MCU GCC Linker
arm-none-eabi-gcc -mcpu=cortex-m4 -mthumb -mfloat-abi=hard -mfpu=fpv4-sp-d16 -T"D:/微處理機系統實驗/Lab3-2/3-2/LinkerScript.ld" -Wl,-Map=output.map -Wl,--gc-sections -o "3-2.elf" @"objects.list"   -lm
Finished building target: 3-2.elf
 
make --no-print-directory post-build
Generating binary and Printing size information:
arm-none-eabi-objcopy -O binary "3-2.elf" "3-2.bin"
arm-none-eabi-size "3-2.elf"
   text	   data	    bss	    dec	    hex	filename
   1112	   1096	   1088	   3296	    ce0	3-2.elf
 
22:48:48 **** Incremental Build of configuration Debug for project 3-2 ****
make -j8 all 
Building file: ../src/.main.s
Invoking: MCU GCC Assembler
D:\微處理機系統實驗\Lab3-2\3-2\Debug
arm-none-eabi-as -mcpu=cortex-m4 -mthumb -mfloat-abi=hard -mfpu=fpv4-sp-d16 -g -o "src/.main.o" "../src/.main.s"
Finished building: ../src/.main.s
 
Building target: 3-2.elf
Invoking: MCU GCC Linker
arm-none-eabi-gcc -mcpu=cortex-m4 -mthumb -mfloat-abi=hard -mfpu=fpv4-sp-d16 -T"D:/微處理機系統實驗/Lab3-2/3-2/LinkerScript.ld" -Wl,-Map=output.map -Wl,--gc-sections -o "3-2.elf" @"objects.list"   -lm
Finished building target: 3-2.elf
 
make --no-print-directory post-build
Generating binary and Printing size information:
arm-none-eabi-objcopy -O binary "3-2.elf" "3-2.bin"
arm-none-eabi-size "3-2.elf"
   text	   data	    bss	    dec	    hex	filename
   1112	   1096	   1088	   3296	    ce0	3-2.elf
 
22:49:12 **** Incremental Build of configuration Debug for project 3-2 ****
make -j8 all 
Building file: ../src/.main.s
Invoking: MCU GCC Assembler
D:\微處理機系統實驗\Lab3-2\3-2\Debug
arm-none-eabi-as -mcpu=cortex-m4 -mthumb -mfloat-abi=hard -mfpu=fpv4-sp-d16 -g -o "src/.main.o" "../src/.main.s"
Finished building: ../src/.main.s
 
Building target: 3-2.elf
Invoking: MCU GCC Linker
arm-none-eabi-gcc -mcpu=cortex-m4 -mthumb -mfloat-abi=hard -mfpu=fpv4-sp-d16 -T"D:/微處理機系統實驗/Lab3-2/3-2/LinkerScript.ld" -Wl,-Map=output.map -Wl,--gc-sections -o "3-2.elf" @"objects.list"   -lm
Finished building target: 3-2.elf
 
make --no-print-directory post-build
Generating binary and Printing size information:
arm-none-eabi-objcopy -O binary "3-2.elf" "3-2.bin"
arm-none-eabi-size "3-2.elf"
   text	   data	    bss	    dec	    hex	filename
   1112	   1096	   1088	   3296	    ce0	3-2.elf
 
22:49:37 **** Incremental Build of configuration Debug for project 3-2 ****
make -j8 all 
Building file: ../src/.main.s
Invoking: MCU GCC Assembler
D:\微處理機系統實驗\Lab3-2\3-2\Debug
arm-none-eabi-as -mcpu=cortex-m4 -mthumb -mfloat-abi=hard -mfpu=fpv4-sp-d16 -g -o "src/.main.o" "../src/.main.s"
Finished building: ../src/.main.s
 
Building target: 3-2.elf
Invoking: MCU GCC Linker
arm-none-eabi-gcc -mcpu=cortex-m4 -mthumb -mfloat-abi=hard -mfpu=fpv4-sp-d16 -T"D:/微處理機系統實驗/Lab3-2/3-2/LinkerScript.ld" -Wl,-Map=output.map -Wl,--gc-sections -o "3-2.elf" @"objects.list"   -lm
Finished building target: 3-2.elf
 
make --no-print-directory post-build
Generating binary and Printing size information:
arm-none-eabi-objcopy -O binary "3-2.elf" "3-2.bin"
arm-none-eabi-size "3-2.elf"
   text	   data	    bss	    dec	    hex	filename
   1112	   1096	   1088	   3296	    ce0	3-2.elf
 
22:49:45 **** Incremental Build of configuration Debug for project 3-2 ****
make -j8 all 
make: Nothing to be done for 'all'.
22:51:14 **** Incremental Build of configuration Debug for project 3-2 ****
make -j8 all 
make: Nothing to be done for 'all'.
22:52:48 **** Incremental Build of configuration Debug for project 3-2 ****
make -j8 all 
Building file: ../src/.main.s
Invoking: MCU GCC Assembler
D:\微處理機系統實驗\Lab3-2\3-2\Debug
arm-none-eabi-as -mcpu=cortex-m4 -mthumb -mfloat-abi=hard -mfpu=fpv4-sp-d16 -g -o "src/.main.o" "../src/.main.s"
Finished building: ../src/.main.s
 
Building target: 3-2.elf
Invoking: MCU GCC Linker
arm-none-eabi-gcc -mcpu=cortex-m4 -mthumb -mfloat-abi=hard -mfpu=fpv4-sp-d16 -T"D:/微處理機系統實驗/Lab3-2/3-2/LinkerScript.ld" -Wl,-Map=output.map -Wl,--gc-sections -o "3-2.elf" @"objects.list"   -lm
Finished building target: 3-2.elf
 
make --no-print-directory post-build
Generating binary and Printing size information:
arm-none-eabi-objcopy -O binary "3-2.elf" "3-2.bin"
arm-none-eabi-size "3-2.elf"
   text	   data	    bss	    dec	    hex	filename
   1112	   1096	   1088	   3296	    ce0	3-2.elf
 
22:53:56 **** Incremental Build of configuration Debug for project 3-2 ****
make -j8 all 
Building file: ../src/.main.s
Invoking: MCU GCC Assembler
D:\微處理機系統實驗\Lab3-2\3-2\Debug
arm-none-eabi-as -mcpu=cortex-m4 -mthumb -mfloat-abi=hard -mfpu=fpv4-sp-d16 -g -o "src/.main.o" "../src/.main.s"
Finished building: ../src/.main.s
 
Building target: 3-2.elf
Invoking: MCU GCC Linker
arm-none-eabi-gcc -mcpu=cortex-m4 -mthumb -mfloat-abi=hard -mfpu=fpv4-sp-d16 -T"D:/微處理機系統實驗/Lab3-2/3-2/LinkerScript.ld" -Wl,-Map=output.map -Wl,--gc-sections -o "3-2.elf" @"objects.list"   -lm
Finished building target: 3-2.elf
 
make --no-print-directory post-build
Generating binary and Printing size information:
arm-none-eabi-objcopy -O binary "3-2.elf" "3-2.bin"
arm-none-eabi-size "3-2.elf"
   text	   data	    bss	    dec	    hex	filename
   1112	   1096	   1088	   3296	    ce0	3-2.elf
 
22:54:04 **** Incremental Build of configuration Debug for project 3-2 ****
make -j8 all 
make: Nothing to be done for 'all'.
22:54:11 **** Incremental Build of configuration Debug for project 3-2 ****
make -j8 all 
make: Nothing to be done for 'all'.
22:54:22 **** Clean-only build of configuration Debug for project 3-2 ****
make -j8 clean 
rm -rf *
 
22:54:24 **** Build of configuration Debug for project 3-2 ****
make -j8 all 
Building file: ../startup/startup_stm32.s
Building file: ../startup/sysmem.c
Building file: ../src/.main.s
Invoking: MCU GCC Assembler
Invoking: MCU GCC Compiler
Invoking: MCU GCC Assembler
D:\微處理機系統實驗\Lab3-2\3-2\Debug
D:\微處理機系統實驗\Lab3-2\3-2\Debug
arm-none-eabi-as -mcpu=cortex-m4 -mthumb -mfloat-abi=hard -mfpu=fpv4-sp-d16 -g -o "startup/startup_stm32.o" "../startup/startup_stm32.s"
D:\微處理機系統實驗\Lab3-2\3-2\Debug
arm-none-eabi-gcc -mcpu=cortex-m4 -mthumb -mfloat-abi=hard -mfpu=fpv4-sp-d16 -DSTM32 -DSTM32L4 -DSTM32L476RGTx -DNUCLEO_L476RG -DDEBUG -O0 -g3 -Wall -fmessage-length=0 -ffunction-sections -c -MMD -MP -MF"startup/sysmem.d" -MT"startup/sysmem.o" -o "startup/sysmem.o" "../startup/sysmem.c"
arm-none-eabi-as -mcpu=cortex-m4 -mthumb -mfloat-abi=hard -mfpu=fpv4-sp-d16 -g -o "src/.main.o" "../src/.main.s"
Finished building: ../startup/startup_stm32.s
Finished building: ../src/.main.s
 
 
Finished building: ../startup/sysmem.c
 
Building target: 3-2.elf
Invoking: MCU GCC Linker
arm-none-eabi-gcc -mcpu=cortex-m4 -mthumb -mfloat-abi=hard -mfpu=fpv4-sp-d16 -T"D:/微處理機系統實驗/Lab3-2/3-2/LinkerScript.ld" -Wl,-Map=output.map -Wl,--gc-sections -o "3-2.elf" @"objects.list"   -lm
Finished building target: 3-2.elf
 
make --no-print-directory post-build
Generating binary and Printing size information:
arm-none-eabi-objcopy -O binary "3-2.elf" "3-2.bin"
arm-none-eabi-size "3-2.elf"
   text	   data	    bss	    dec	    hex	filename
   1112	   1096	   1088	   3296	    ce0	3-2.elf
 
22:54:54 **** Clean-only build of configuration Debug for project 3-2 ****
make -j8 clean 
rm -rf *
 
22:54:58 **** Build of configuration Debug for project 3-2 ****
make -j8 all 
Building file: ../startup/startup_stm32.s
Building file: ../startup/sysmem.c
Building file: ../src/.main.s
Invoking: MCU GCC Assembler
Invoking: MCU GCC Compiler
Invoking: MCU GCC Assembler
D:\微處理機系統實驗\Lab3-2\3-2\Debug
arm-none-eabi-as -mcpu=cortex-m4 -mthumb -mfloat-abi=hard -mfpu=fpv4-sp-d16 -g -o "startup/startup_stm32.o" "../startup/startup_stm32.s"
D:\微處理機系統實驗\Lab3-2\3-2\Debug
arm-none-eabi-gcc -mcpu=cortex-m4 -mthumb -mfloat-abi=hard -mfpu=fpv4-sp-d16 -DSTM32 -DSTM32L4 -DSTM32L476RGTx -DNUCLEO_L476RG -DDEBUG -O0 -g3 -Wall -fmessage-length=0 -ffunction-sections -c -MMD -MP -MF"startup/sysmem.d" -MT"startup/sysmem.o" -o "startup/sysmem.o" "../startup/sysmem.c"
D:\微處理機系統實驗\Lab3-2\3-2\Debug
arm-none-eabi-as -mcpu=cortex-m4 -mthumb -mfloat-abi=hard -mfpu=fpv4-sp-d16 -g -o "src/.main.o" "../src/.main.s"
Finished building: ../startup/startup_stm32.s
Finished building: ../src/.main.s
 
 
Finished building: ../startup/sysmem.c
 
Building target: 3-2.elf
Invoking: MCU GCC Linker
arm-none-eabi-gcc -mcpu=cortex-m4 -mthumb -mfloat-abi=hard -mfpu=fpv4-sp-d16 -T"D:/微處理機系統實驗/Lab3-2/3-2/LinkerScript.ld" -Wl,-Map=output.map -Wl,--gc-sections -o "3-2.elf" @"objects.list"   -lm
Finished building target: 3-2.elf
 
make --no-print-directory post-build
Generating binary and Printing size information:
arm-none-eabi-objcopy -O binary "3-2.elf" "3-2.bin"
arm-none-eabi-size "3-2.elf"
   text	   data	    bss	    dec	    hex	filename
   1112	   1096	   1088	   3296	    ce0	3-2.elf
 
22:55:14 **** Incremental Build of configuration Debug for project 3-2 ****
make -j8 all 
make: Nothing to be done for 'all'.
22:56:23 **** Incremental Build of configuration Debug for project 3-2 ****
make -j8 all 
make: Nothing to be done for 'all'.
22:56:26 **** Incremental Build of configuration Debug for project 3-2 ****
make -j8 all 
make: Nothing to be done for 'all'.
22:56:53 **** Incremental Build of configuration Debug for project 3-2 ****
make -j8 all 
make: Nothing to be done for 'all'.
22:56:59 **** Incremental Build of configuration Debug for project 3-2 ****
make -j8 all 
make: Nothing to be done for 'all'.
22:57:19 **** Incremental Build of configuration Debug for project 3-2 ****
make -j8 all 
make: Nothing to be done for 'all'.
23:22:51 **** Incremental Build of configuration Debug for project 3-2 ****
make -j8 all 
Building file: ../src/.main.s
Invoking: MCU GCC Assembler
D:\微處理機系統實驗\Lab3-2\3-2\Debug
arm-none-eabi-as -mcpu=cortex-m4 -mthumb -mfloat-abi=hard -mfpu=fpv4-sp-d16 -g -o "src/.main.o" "../src/.main.s"
Finished building: ../src/.main.s
 
Building target: 3-2.elf
Invoking: MCU GCC Linker
arm-none-eabi-gcc -mcpu=cortex-m4 -mthumb -mfloat-abi=hard -mfpu=fpv4-sp-d16 -T"D:/微處理機系統實驗/Lab3-2/3-2/LinkerScript.ld" -Wl,-Map=output.map -Wl,--gc-sections -o "3-2.elf" @"objects.list"   -lm
Finished building target: 3-2.elf
 
make --no-print-directory post-build
Generating binary and Printing size information:
arm-none-eabi-objcopy -O binary "3-2.elf" "3-2.bin"
arm-none-eabi-size "3-2.elf"
   text	   data	    bss	    dec	    hex	filename
   1128	   1096	   1088	   3312	    cf0	3-2.elf
 
23:23:14 **** Incremental Build of configuration Debug for project 3-2 ****
make -j8 all 
Building file: ../src/.main.s
Invoking: MCU GCC Assembler
D:\微處理機系統實驗\Lab3-2\3-2\Debug
arm-none-eabi-as -mcpu=cortex-m4 -mthumb -mfloat-abi=hard -mfpu=fpv4-sp-d16 -g -o "src/.main.o" "../src/.main.s"
Finished building: ../src/.main.s
 
Building target: 3-2.elf
Invoking: MCU GCC Linker
arm-none-eabi-gcc -mcpu=cortex-m4 -mthumb -mfloat-abi=hard -mfpu=fpv4-sp-d16 -T"D:/微處理機系統實驗/Lab3-2/3-2/LinkerScript.ld" -Wl,-Map=output.map -Wl,--gc-sections -o "3-2.elf" @"objects.list"   -lm
Finished building target: 3-2.elf
 
make --no-print-directory post-build
Generating binary and Printing size information:
arm-none-eabi-objcopy -O binary "3-2.elf" "3-2.bin"
arm-none-eabi-size "3-2.elf"
   text	   data	    bss	    dec	    hex	filename
   1128	   1096	   1088	   3312	    cf0	3-2.elf
 
23:27:32 **** Incremental Build of configuration Debug for project 3-2 ****
make -j8 all 
Building file: ../src/.main.s
Invoking: MCU GCC Assembler
D:\微處理機系統實驗\Lab3-2\3-2\Debug
arm-none-eabi-as -mcpu=cortex-m4 -mthumb -mfloat-abi=hard -mfpu=fpv4-sp-d16 -g -o "src/.main.o" "../src/.main.s"
../src/.main.s: Assembler messages:
../src/.main.s:137: Error: symbol `L1' is already defined
../src/.main.s:138: Error: symbol `L2' is already defined
make: *** [src/.main.o] Error 1
src/subdir.mk:15: recipe for target 'src/.main.o' failed
23:28:31 **** Incremental Build of configuration Debug for project 3-2 ****
make -j8 all 
Building file: ../src/.main.s
Invoking: MCU GCC Assembler
D:\微處理機系統實驗\Lab3-2\3-2\Debug
arm-none-eabi-as -mcpu=cortex-m4 -mthumb -mfloat-abi=hard -mfpu=fpv4-sp-d16 -g -o "src/.main.o" "../src/.main.s"
Finished building: ../src/.main.s
 
Building target: 3-2.elf
Invoking: MCU GCC Linker
arm-none-eabi-gcc -mcpu=cortex-m4 -mthumb -mfloat-abi=hard -mfpu=fpv4-sp-d16 -T"D:/微處理機系統實驗/Lab3-2/3-2/LinkerScript.ld" -Wl,-Map=output.map -Wl,--gc-sections -o "3-2.elf" @"objects.list"   -lm
Finished building target: 3-2.elf
 
make --no-print-directory post-build
Generating binary and Printing size information:
arm-none-eabi-objcopy -O binary "3-2.elf" "3-2.bin"
arm-none-eabi-size "3-2.elf"
   text	   data	    bss	    dec	    hex	filename
   1152	   1096	   1088	   3336	    d08	3-2.elf
 
23:30:41 **** Incremental Build of configuration Debug for project 3-2 ****
make -j8 all 
Building file: ../src/.main.s
Invoking: MCU GCC Assembler
D:\微處理機系統實驗\Lab3-2\3-2\Debug
arm-none-eabi-as -mcpu=cortex-m4 -mthumb -mfloat-abi=hard -mfpu=fpv4-sp-d16 -g -o "src/.main.o" "../src/.main.s"
Finished building: ../src/.main.s
 
Building target: 3-2.elf
Invoking: MCU GCC Linker
arm-none-eabi-gcc -mcpu=cortex-m4 -mthumb -mfloat-abi=hard -mfpu=fpv4-sp-d16 -T"D:/微處理機系統實驗/Lab3-2/3-2/LinkerScript.ld" -Wl,-Map=output.map -Wl,--gc-sections -o "3-2.elf" @"objects.list"   -lm
Finished building target: 3-2.elf
 
make --no-print-directory post-build
Generating binary and Printing size information:
arm-none-eabi-objcopy -O binary "3-2.elf" "3-2.bin"
arm-none-eabi-size "3-2.elf"
   text	   data	    bss	    dec	    hex	filename
   1152	   1096	   1088	   3336	    d08	3-2.elf
 
23:33:39 **** Incremental Build of configuration Debug for project 3-2 ****
make -j8 all 
Building file: ../src/.main.s
Invoking: MCU GCC Assembler
D:\微處理機系統實驗\Lab3-2\3-2\Debug
arm-none-eabi-as -mcpu=cortex-m4 -mthumb -mfloat-abi=hard -mfpu=fpv4-sp-d16 -g -o "src/.main.o" "../src/.main.s"
Finished building: ../src/.main.s
 
Building target: 3-2.elf
Invoking: MCU GCC Linker
arm-none-eabi-gcc -mcpu=cortex-m4 -mthumb -mfloat-abi=hard -mfpu=fpv4-sp-d16 -T"D:/微處理機系統實驗/Lab3-2/3-2/LinkerScript.ld" -Wl,-Map=output.map -Wl,--gc-sections -o "3-2.elf" @"objects.list"   -lm
Finished building target: 3-2.elf
 
make --no-print-directory post-build
Generating binary and Printing size information:
arm-none-eabi-objcopy -O binary "3-2.elf" "3-2.bin"
arm-none-eabi-size "3-2.elf"
   text	   data	    bss	    dec	    hex	filename
   1152	   1096	   1088	   3336	    d08	3-2.elf
 
23:51:21 **** Incremental Build of configuration Debug for project 3-2 ****
make -j8 all 
Building file: ../src/.main.s
Invoking: MCU GCC Assembler
D:\微處理機系統實驗\Lab3-2\3-2\Debug
arm-none-eabi-as -mcpu=cortex-m4 -mthumb -mfloat-abi=hard -mfpu=fpv4-sp-d16 -g -o "src/.main.o" "../src/.main.s"
Finished building: ../src/.main.s
 
Building target: 3-2.elf
Invoking: MCU GCC Linker
arm-none-eabi-gcc -mcpu=cortex-m4 -mthumb -mfloat-abi=hard -mfpu=fpv4-sp-d16 -T"D:/微處理機系統實驗/Lab3-2/3-2/LinkerScript.ld" -Wl,-Map=output.map -Wl,--gc-sections -o "3-2.elf" @"objects.list"   -lm
Finished building target: 3-2.elf
 
make --no-print-directory post-build
Generating binary and Printing size information:
arm-none-eabi-objcopy -O binary "3-2.elf" "3-2.bin"
arm-none-eabi-size "3-2.elf"
   text	   data	    bss	    dec	    hex	filename
   1152	   1096	   1088	   3336	    d08	3-2.elf
 
00:02:27 **** Incremental Build of configuration Debug for project 3-2 ****
make -j8 all 
Building file: ../src/.main.s
Invoking: MCU GCC Assembler
D:\微處理機系統實驗\Lab3-2\3-2\Debug
arm-none-eabi-as -mcpu=cortex-m4 -mthumb -mfloat-abi=hard -mfpu=fpv4-sp-d16 -g -o "src/.main.o" "../src/.main.s"
Finished building: ../src/.main.s
 
Building target: 3-2.elf
Invoking: MCU GCC Linker
arm-none-eabi-gcc -mcpu=cortex-m4 -mthumb -mfloat-abi=hard -mfpu=fpv4-sp-d16 -T"D:/微處理機系統實驗/Lab3-2/3-2/LinkerScript.ld" -Wl,-Map=output.map -Wl,--gc-sections -o "3-2.elf" @"objects.list"   -lm
Finished building target: 3-2.elf
 
make --no-print-directory post-build
Generating binary and Printing size information:
arm-none-eabi-objcopy -O binary "3-2.elf" "3-2.bin"
arm-none-eabi-size "3-2.elf"
   text	   data	    bss	    dec	    hex	filename
   1152	   1096	   1088	   3336	    d08	3-2.elf
 
00:17:12 **** Incremental Build of configuration Debug for project 3-2 ****
make -j8 all 
Building file: ../src/.main.s
Invoking: MCU GCC Assembler
D:\微處理機系統實驗\Lab3-2\3-2\Debug
arm-none-eabi-as -mcpu=cortex-m4 -mthumb -mfloat-abi=hard -mfpu=fpv4-sp-d16 -g -o "src/.main.o" "../src/.main.s"
Finished building: ../src/.main.s
 
Building target: 3-2.elf
Invoking: MCU GCC Linker
arm-none-eabi-gcc -mcpu=cortex-m4 -mthumb -mfloat-abi=hard -mfpu=fpv4-sp-d16 -T"D:/微處理機系統實驗/Lab3-2/3-2/LinkerScript.ld" -Wl,-Map=output.map -Wl,--gc-sections -o "3-2.elf" @"objects.list"   -lm
Finished building target: 3-2.elf
 
make --no-print-directory post-build
Generating binary and Printing size information:
arm-none-eabi-objcopy -O binary "3-2.elf" "3-2.bin"
arm-none-eabi-size "3-2.elf"
   text	   data	    bss	    dec	    hex	filename
   1160	   1096	   1088	   3344	    d10	3-2.elf
 
00:17:20 **** Incremental Build of configuration Debug for project 3-2 ****
make -j8 all 
make: Nothing to be done for 'all'.
00:18:32 **** Incremental Build of configuration Debug for project 3-2 ****
make -j8 all 
make: Nothing to be done for 'all'.
00:18:49 **** Incremental Build of configuration Debug for project 3-2 ****
make -j8 all 
make: Nothing to be done for 'all'.
00:19:07 **** Incremental Build of configuration Debug for project 3-2 ****
make -j8 all 
make: Nothing to be done for 'all'.
22:58:02 **** Incremental Build of configuration Debug for project 3-2 ****
make -j8 all 
Building file: ../src/.main.s
Invoking: MCU GCC Assembler
D:\微處理機系統實驗\Lab3-2\3-2\Debug
arm-none-eabi-as -mcpu=cortex-m4 -mthumb -mfloat-abi=hard -mfpu=fpv4-sp-d16 -g -o "src/.main.o" "../src/.main.s"
Finished building: ../src/.main.s
 
Building target: 3-2.elf
Invoking: MCU GCC Linker
arm-none-eabi-gcc -mcpu=cortex-m4 -mthumb -mfloat-abi=hard -mfpu=fpv4-sp-d16 -T"D:/微處理機系統實驗/Lab3-2/3-2/LinkerScript.ld" -Wl,-Map=output.map -Wl,--gc-sections -o "3-2.elf" @"objects.list"   -lm
Finished building target: 3-2.elf
 
make --no-print-directory post-build
Generating binary and Printing size information:
arm-none-eabi-objcopy -O binary "3-2.elf" "3-2.bin"
arm-none-eabi-size "3-2.elf"
   text	   data	    bss	    dec	    hex	filename
   1160	   1096	   1088	   3344	    d10	3-2.elf
 
22:58:07 **** Incremental Build of configuration Debug for project 3-2 ****
make -j8 all 
make: Nothing to be done for 'all'.
22:59:33 **** Incremental Build of configuration Debug for project 3-2 ****
make -j8 all 
Building file: ../src/.main.s
Invoking: MCU GCC Assembler
D:\微處理機系統實驗\Lab3-2\3-2\Debug
arm-none-eabi-as -mcpu=cortex-m4 -mthumb -mfloat-abi=hard -mfpu=fpv4-sp-d16 -g -o "src/.main.o" "../src/.main.s"
Finished building: ../src/.main.s
 
Building target: 3-2.elf
Invoking: MCU GCC Linker
arm-none-eabi-gcc -mcpu=cortex-m4 -mthumb -mfloat-abi=hard -mfpu=fpv4-sp-d16 -T"D:/微處理機系統實驗/Lab3-2/3-2/LinkerScript.ld" -Wl,-Map=output.map -Wl,--gc-sections -o "3-2.elf" @"objects.list"   -lm
Finished building target: 3-2.elf
 
make --no-print-directory post-build
Generating binary and Printing size information:
arm-none-eabi-objcopy -O binary "3-2.elf" "3-2.bin"
arm-none-eabi-size "3-2.elf"
   text	   data	    bss	    dec	    hex	filename
   1160	   1096	   1088	   3344	    d10	3-2.elf
 
23:01:59 **** Incremental Build of configuration Debug for project 3-2 ****
make -j8 all 
Building file: ../src/.main.s
Invoking: MCU GCC Assembler
D:\微處理機系統實驗\Lab3-2\3-2\Debug
arm-none-eabi-as -mcpu=cortex-m4 -mthumb -mfloat-abi=hard -mfpu=fpv4-sp-d16 -g -o "src/.main.o" "../src/.main.s"
Finished building: ../src/.main.s
 
Building target: 3-2.elf
Invoking: MCU GCC Linker
arm-none-eabi-gcc -mcpu=cortex-m4 -mthumb -mfloat-abi=hard -mfpu=fpv4-sp-d16 -T"D:/微處理機系統實驗/Lab3-2/3-2/LinkerScript.ld" -Wl,-Map=output.map -Wl,--gc-sections -o "3-2.elf" @"objects.list"   -lm
Finished building target: 3-2.elf
 
make --no-print-directory post-build
Generating binary and Printing size information:
arm-none-eabi-objcopy -O binary "3-2.elf" "3-2.bin"
arm-none-eabi-size "3-2.elf"
   text	   data	    bss	    dec	    hex	filename
   1160	   1096	   1088	   3344	    d10	3-2.elf
 
23:02:44 **** Incremental Build of configuration Debug for project 3-2 ****
make -j8 all 
make: Nothing to be done for 'all'.
23:12:26 **** Incremental Build of configuration Debug for project 3-2 ****
make -j8 all 
Building file: ../src/.main.s
Invoking: MCU GCC Assembler
D:\微處理機系統實驗\Lab3-2\3-2\Debug
arm-none-eabi-as -mcpu=cortex-m4 -mthumb -mfloat-abi=hard -mfpu=fpv4-sp-d16 -g -o "src/.main.o" "../src/.main.s"
Finished building: ../src/.main.s
 
Building target: 3-2.elf
Invoking: MCU GCC Linker
arm-none-eabi-gcc -mcpu=cortex-m4 -mthumb -mfloat-abi=hard -mfpu=fpv4-sp-d16 -T"D:/微處理機系統實驗/Lab3-2/3-2/LinkerScript.ld" -Wl,-Map=output.map -Wl,--gc-sections -o "3-2.elf" @"objects.list"   -lm
Finished building target: 3-2.elf
 
make --no-print-directory post-build
Generating binary and Printing size information:
arm-none-eabi-objcopy -O binary "3-2.elf" "3-2.bin"
arm-none-eabi-size "3-2.elf"
   text	   data	    bss	    dec	    hex	filename
   1160	   1096	   1088	   3344	    d10	3-2.elf
 
23:12:39 **** Incremental Build of configuration Debug for project 3-2 ****
make -j8 all 
make: Nothing to be done for 'all'.
23:13:49 **** Incremental Build of configuration Debug for project 3-2 ****
make -j8 all 
Building file: ../src/.main.s
Invoking: MCU GCC Assembler
D:\微處理機系統實驗\Lab3-2\3-2\Debug
arm-none-eabi-as -mcpu=cortex-m4 -mthumb -mfloat-abi=hard -mfpu=fpv4-sp-d16 -g -o "src/.main.o" "../src/.main.s"
Finished building: ../src/.main.s
 
Building target: 3-2.elf
Invoking: MCU GCC Linker
arm-none-eabi-gcc -mcpu=cortex-m4 -mthumb -mfloat-abi=hard -mfpu=fpv4-sp-d16 -T"D:/微處理機系統實驗/Lab3-2/3-2/LinkerScript.ld" -Wl,-Map=output.map -Wl,--gc-sections -o "3-2.elf" @"objects.list"   -lm
Finished building target: 3-2.elf
 
make --no-print-directory post-build
Generating binary and Printing size information:
arm-none-eabi-objcopy -O binary "3-2.elf" "3-2.bin"
arm-none-eabi-size "3-2.elf"
   text	   data	    bss	    dec	    hex	filename
   1160	   1096	   1088	   3344	    d10	3-2.elf
 
23:14:34 **** Incremental Build of configuration Debug for project 3-2 ****
make -j8 all 
Building file: ../src/.main.s
Invoking: MCU GCC Assembler
D:\微處理機系統實驗\Lab3-2\3-2\Debug
arm-none-eabi-as -mcpu=cortex-m4 -mthumb -mfloat-abi=hard -mfpu=fpv4-sp-d16 -g -o "src/.main.o" "../src/.main.s"
Finished building: ../src/.main.s
 
Building target: 3-2.elf
Invoking: MCU GCC Linker
arm-none-eabi-gcc -mcpu=cortex-m4 -mthumb -mfloat-abi=hard -mfpu=fpv4-sp-d16 -T"D:/微處理機系統實驗/Lab3-2/3-2/LinkerScript.ld" -Wl,-Map=output.map -Wl,--gc-sections -o "3-2.elf" @"objects.list"   -lm
Finished building target: 3-2.elf
 
make --no-print-directory post-build
Generating binary and Printing size information:
arm-none-eabi-objcopy -O binary "3-2.elf" "3-2.bin"
arm-none-eabi-size "3-2.elf"
   text	   data	    bss	    dec	    hex	filename
   1160	   1096	   1088	   3344	    d10	3-2.elf
 
23:23:43 **** Incremental Build of configuration Debug for project 3-2 ****
make -j8 all 
Building file: ../src/.main.s
Invoking: MCU GCC Assembler
D:\微處理機系統實驗\Lab3-2\3-2\Debug
arm-none-eabi-as -mcpu=cortex-m4 -mthumb -mfloat-abi=hard -mfpu=fpv4-sp-d16 -g -o "src/.main.o" "../src/.main.s"
Finished building: ../src/.main.s
 
Building target: 3-2.elf
Invoking: MCU GCC Linker
arm-none-eabi-gcc -mcpu=cortex-m4 -mthumb -mfloat-abi=hard -mfpu=fpv4-sp-d16 -T"D:/微處理機系統實驗/Lab3-2/3-2/LinkerScript.ld" -Wl,-Map=output.map -Wl,--gc-sections -o "3-2.elf" @"objects.list"   -lm
Finished building target: 3-2.elf
 
make --no-print-directory post-build
Generating binary and Printing size information:
arm-none-eabi-objcopy -O binary "3-2.elf" "3-2.bin"
arm-none-eabi-size "3-2.elf"
   text	   data	    bss	    dec	    hex	filename
   1160	   1096	   1088	   3344	    d10	3-2.elf
 
23:26:21 **** Incremental Build of configuration Debug for project 3-2 ****
make -j8 all 
Building file: ../src/.main.s
Invoking: MCU GCC Assembler
D:\微處理機系統實驗\Lab3-2\3-2\Debug
arm-none-eabi-as -mcpu=cortex-m4 -mthumb -mfloat-abi=hard -mfpu=fpv4-sp-d16 -g -o "src/.main.o" "../src/.main.s"
Finished building: ../src/.main.s
 
Building target: 3-2.elf
Invoking: MCU GCC Linker
arm-none-eabi-gcc -mcpu=cortex-m4 -mthumb -mfloat-abi=hard -mfpu=fpv4-sp-d16 -T"D:/微處理機系統實驗/Lab3-2/3-2/LinkerScript.ld" -Wl,-Map=output.map -Wl,--gc-sections -o "3-2.elf" @"objects.list"   -lm
Finished building target: 3-2.elf
 
make --no-print-directory post-build
Generating binary and Printing size information:
arm-none-eabi-objcopy -O binary "3-2.elf" "3-2.bin"
arm-none-eabi-size "3-2.elf"
   text	   data	    bss	    dec	    hex	filename
   1160	   1096	   1088	   3344	    d10	3-2.elf
 
23:47:05 **** Incremental Build of configuration Debug for project 3-2 ****
make -j8 all 
Building file: ../src/.main.s
Invoking: MCU GCC Assembler
D:\微處理機系統實驗\Lab3-2\3-2\Debug
arm-none-eabi-as -mcpu=cortex-m4 -mthumb -mfloat-abi=hard -mfpu=fpv4-sp-d16 -g -o "src/.main.o" "../src/.main.s"
Finished building: ../src/.main.s
 
Building target: 3-2.elf
Invoking: MCU GCC Linker
arm-none-eabi-gcc -mcpu=cortex-m4 -mthumb -mfloat-abi=hard -mfpu=fpv4-sp-d16 -T"D:/微處理機系統實驗/Lab3-2/3-2/LinkerScript.ld" -Wl,-Map=output.map -Wl,--gc-sections -o "3-2.elf" @"objects.list"   -lm
Finished building target: 3-2.elf
 
make --no-print-directory post-build
Generating binary and Printing size information:
arm-none-eabi-objcopy -O binary "3-2.elf" "3-2.bin"
arm-none-eabi-size "3-2.elf"
   text	   data	    bss	    dec	    hex	filename
   1160	   1096	   1088	   3344	    d10	3-2.elf
 
23:48:37 **** Incremental Build of configuration Debug for project 3-2 ****
make -j8 all 
Building file: ../src/.main.s
Invoking: MCU GCC Assembler
D:\微處理機系統實驗\Lab3-2\3-2\Debug
arm-none-eabi-as -mcpu=cortex-m4 -mthumb -mfloat-abi=hard -mfpu=fpv4-sp-d16 -g -o "src/.main.o" "../src/.main.s"
Finished building: ../src/.main.s
 
Building target: 3-2.elf
Invoking: MCU GCC Linker
arm-none-eabi-gcc -mcpu=cortex-m4 -mthumb -mfloat-abi=hard -mfpu=fpv4-sp-d16 -T"D:/微處理機系統實驗/Lab3-2/3-2/LinkerScript.ld" -Wl,-Map=output.map -Wl,--gc-sections -o "3-2.elf" @"objects.list"   -lm
Finished building target: 3-2.elf
 
make --no-print-directory post-build
Generating binary and Printing size information:
arm-none-eabi-objcopy -O binary "3-2.elf" "3-2.bin"
arm-none-eabi-size "3-2.elf"
   text	   data	    bss	    dec	    hex	filename
   1160	   1096	   1088	   3344	    d10	3-2.elf
 
23:55:16 **** Incremental Build of configuration Debug for project 3-2 ****
make -j8 all 
Building file: ../src/.main.s
Invoking: MCU GCC Assembler
D:\微處理機系統實驗\Lab3-2\3-2\Debug
arm-none-eabi-as -mcpu=cortex-m4 -mthumb -mfloat-abi=hard -mfpu=fpv4-sp-d16 -g -o "src/.main.o" "../src/.main.s"
Finished building: ../src/.main.s
 
Building target: 3-2.elf
Invoking: MCU GCC Linker
arm-none-eabi-gcc -mcpu=cortex-m4 -mthumb -mfloat-abi=hard -mfpu=fpv4-sp-d16 -T"D:/微處理機系統實驗/Lab3-2/3-2/LinkerScript.ld" -Wl,-Map=output.map -Wl,--gc-sections -o "3-2.elf" @"objects.list"   -lm
Finished building target: 3-2.elf
 
make --no-print-directory post-build
Generating binary and Printing size information:
arm-none-eabi-objcopy -O binary "3-2.elf" "3-2.bin"
arm-none-eabi-size "3-2.elf"
   text	   data	    bss	    dec	    hex	filename
   1160	   1096	   1088	   3344	    d10	3-2.elf
 
00:19:15 **** Incremental Build of configuration Debug for project 3-2 ****
make -j8 all 
Building file: ../src/.main.s
Invoking: MCU GCC Assembler
D:\微處理機系統實驗\Lab3-2\3-2\Debug
arm-none-eabi-as -mcpu=cortex-m4 -mthumb -mfloat-abi=hard -mfpu=fpv4-sp-d16 -g -o "src/.main.o" "../src/.main.s"
../src/.main.s: Assembler messages:
../src/.main.s:132: Error: having the base register in the register list when using write back is UNPREDICTABLE -- `pusheq {sp}'
../src/.main.s:133: Error: incorrect condition in IT block -- `bleq do_pushed'
../src/.main.s:134: Error: having the base register in the register list when using write back is UNPREDICTABLE -- `pop {sp}'
src/subdir.mk:15: recipe for target 'src/.main.o' failed
make: *** [src/.main.o] Error 1
00:20:29 **** Incremental Build of configuration Debug for project 3-2 ****
make -j8 all 
Building file: ../src/.main.s
Invoking: MCU GCC Assembler
D:\微處理機系統實驗\Lab3-2\3-2\Debug
arm-none-eabi-as -mcpu=cortex-m4 -mthumb -mfloat-abi=hard -mfpu=fpv4-sp-d16 -g -o "src/.main.o" "../src/.main.s"
../src/.main.s: Assembler messages:
../src/.main.s:133: Error: branch must be last instruction in IT block -- `bleq do_pushed'
../src/.main.s:134: Error: incorrect condition in IT block -- `popeq {lr}'
src/subdir.mk:15: recipe for target 'src/.main.o' failed
make: *** [src/.main.o] Error 1
00:20:42 **** Incremental Build of configuration Debug for project 3-2 ****
make -j8 all 
Building file: ../src/.main.s
Invoking: MCU GCC Assembler
D:\微處理機系統實驗\Lab3-2\3-2\Debug
arm-none-eabi-as -mcpu=cortex-m4 -mthumb -mfloat-abi=hard -mfpu=fpv4-sp-d16 -g -o "src/.main.o" "../src/.main.s"
../src/.main.s: Assembler messages:
../src/.main.s:133: Error: incorrect condition in IT block -- `bleq do_pushed'
../src/.main.s:134: Error: thumb conditional instruction should be in IT block -- `popeq {lr}'
make: *** [src/.main.o] Error 1
src/subdir.mk:15: recipe for target 'src/.main.o' failed
00:20:51 **** Incremental Build of configuration Debug for project 3-2 ****
make -j8 all 
Building file: ../src/.main.s
Invoking: MCU GCC Assembler
D:\微處理機系統實驗\Lab3-2\3-2\Debug
arm-none-eabi-as -mcpu=cortex-m4 -mthumb -mfloat-abi=hard -mfpu=fpv4-sp-d16 -g -o "src/.main.o" "../src/.main.s"
../src/.main.s: Assembler messages:
../src/.main.s:133: Error: incorrect condition in IT block -- `bleq do_pushed'
../src/.main.s:134: Error: incorrect condition in IT block -- `popeq {lr}'
src/subdir.mk:15: recipe for target 'src/.main.o' failed
make: *** [src/.main.o] Error 1
00:21:04 **** Incremental Build of configuration Debug for project 3-2 ****
make -j8 all 
Building file: ../src/.main.s
Invoking: MCU GCC Assembler
D:\微處理機系統實驗\Lab3-2\3-2\Debug
arm-none-eabi-as -mcpu=cortex-m4 -mthumb -mfloat-abi=hard -mfpu=fpv4-sp-d16 -g -o "src/.main.o" "../src/.main.s"
Finished building: ../src/.main.s
 
Building target: 3-2.elf
Invoking: MCU GCC Linker
arm-none-eabi-gcc -mcpu=cortex-m4 -mthumb -mfloat-abi=hard -mfpu=fpv4-sp-d16 -T"D:/微處理機系統實驗/Lab3-2/3-2/LinkerScript.ld" -Wl,-Map=output.map -Wl,--gc-sections -o "3-2.elf" @"objects.list"   -lm
Finished building target: 3-2.elf
 
make --no-print-directory post-build
Generating binary and Printing size information:
arm-none-eabi-objcopy -O binary "3-2.elf" "3-2.bin"
arm-none-eabi-size "3-2.elf"
   text	   data	    bss	    dec	    hex	filename
   1184	   1096	   1088	   3368	    d28	3-2.elf
 
00:24:24 **** Incremental Build of configuration Debug for project 3-2 ****
make -j8 all 
Building file: ../src/.main.s
Invoking: MCU GCC Assembler
D:\微處理機系統實驗\Lab3-2\3-2\Debug
arm-none-eabi-as -mcpu=cortex-m4 -mthumb -mfloat-abi=hard -mfpu=fpv4-sp-d16 -g -o "src/.main.o" "../src/.main.s"
Finished building: ../src/.main.s
 
Building target: 3-2.elf
Invoking: MCU GCC Linker
arm-none-eabi-gcc -mcpu=cortex-m4 -mthumb -mfloat-abi=hard -mfpu=fpv4-sp-d16 -T"D:/微處理機系統實驗/Lab3-2/3-2/LinkerScript.ld" -Wl,-Map=output.map -Wl,--gc-sections -o "3-2.elf" @"objects.list"   -lm
Finished building target: 3-2.elf
 
make --no-print-directory post-build
Generating binary and Printing size information:
arm-none-eabi-objcopy -O binary "3-2.elf" "3-2.bin"
arm-none-eabi-size "3-2.elf"
   text	   data	    bss	    dec	    hex	filename
   1184	   1104	   1088	   3376	    d30	3-2.elf
 
00:25:29 **** Incremental Build of configuration Debug for project 3-2 ****
make -j8 all 
Building file: ../src/.main.s
Invoking: MCU GCC Assembler
D:\微處理機系統實驗\Lab3-2\3-2\Debug
arm-none-eabi-as -mcpu=cortex-m4 -mthumb -mfloat-abi=hard -mfpu=fpv4-sp-d16 -g -o "src/.main.o" "../src/.main.s"
Finished building: ../src/.main.s
 
Building target: 3-2.elf
Invoking: MCU GCC Linker
arm-none-eabi-gcc -mcpu=cortex-m4 -mthumb -mfloat-abi=hard -mfpu=fpv4-sp-d16 -T"D:/微處理機系統實驗/Lab3-2/3-2/LinkerScript.ld" -Wl,-Map=output.map -Wl,--gc-sections -o "3-2.elf" @"objects.list"   -lm
Finished building target: 3-2.elf
 
make --no-print-directory post-build
Generating binary and Printing size information:
arm-none-eabi-objcopy -O binary "3-2.elf" "3-2.bin"
arm-none-eabi-size "3-2.elf"
   text	   data	    bss	    dec	    hex	filename
   1184	   1096	   1088	   3368	    d28	3-2.elf
 
00:28:34 **** Incremental Build of configuration Debug for project 3-2 ****
make -j8 all 
Building file: ../src/.main.s
Invoking: MCU GCC Assembler
D:\微處理機系統實驗\Lab3-2\3-2\Debug
arm-none-eabi-as -mcpu=cortex-m4 -mthumb -mfloat-abi=hard -mfpu=fpv4-sp-d16 -g -o "src/.main.o" "../src/.main.s"
Finished building: ../src/.main.s
 
Building target: 3-2.elf
Invoking: MCU GCC Linker
arm-none-eabi-gcc -mcpu=cortex-m4 -mthumb -mfloat-abi=hard -mfpu=fpv4-sp-d16 -T"D:/微處理機系統實驗/Lab3-2/3-2/LinkerScript.ld" -Wl,-Map=output.map -Wl,--gc-sections -o "3-2.elf" @"objects.list"   -lm
Finished building target: 3-2.elf
 
make --no-print-directory post-build
Generating binary and Printing size information:
arm-none-eabi-objcopy -O binary "3-2.elf" "3-2.bin"
arm-none-eabi-size "3-2.elf"
   text	   data	    bss	    dec	    hex	filename
   1184	   1096	   1088	   3368	    d28	3-2.elf
 
00:29:55 **** Incremental Build of configuration Debug for project 3-2 ****
make -j8 all 
make: Nothing to be done for 'all'.
00:35:43 **** Incremental Build of configuration Debug for project 3-2 ****
make -j8 all 
Building file: ../src/.main.s
Invoking: MCU GCC Assembler
D:\微處理機系統實驗\Lab3-2\3-2\Debug
arm-none-eabi-as -mcpu=cortex-m4 -mthumb -mfloat-abi=hard -mfpu=fpv4-sp-d16 -g -o "src/.main.o" "../src/.main.s"
Finished building: ../src/.main.s
 
Building target: 3-2.elf
Invoking: MCU GCC Linker
arm-none-eabi-gcc -mcpu=cortex-m4 -mthumb -mfloat-abi=hard -mfpu=fpv4-sp-d16 -T"D:/微處理機系統實驗/Lab3-2/3-2/LinkerScript.ld" -Wl,-Map=output.map -Wl,--gc-sections -o "3-2.elf" @"objects.list"   -lm
Finished building target: 3-2.elf
 
make --no-print-directory post-build
Generating binary and Printing size information:
arm-none-eabi-objcopy -O binary "3-2.elf" "3-2.bin"
arm-none-eabi-size "3-2.elf"
   text	   data	    bss	    dec	    hex	filename
   1184	   1096	   1088	   3368	    d28	3-2.elf
 
00:38:18 **** Incremental Build of configuration Debug for project 3-2 ****
make -j8 all 
Building file: ../src/.main.s
Invoking: MCU GCC Assembler
D:\微處理機系統實驗\Lab3-2\3-2\Debug
arm-none-eabi-as -mcpu=cortex-m4 -mthumb -mfloat-abi=hard -mfpu=fpv4-sp-d16 -g -o "src/.main.o" "../src/.main.s"
Finished building: ../src/.main.s
 
Building target: 3-2.elf
Invoking: MCU GCC Linker
arm-none-eabi-gcc -mcpu=cortex-m4 -mthumb -mfloat-abi=hard -mfpu=fpv4-sp-d16 -T"D:/微處理機系統實驗/Lab3-2/3-2/LinkerScript.ld" -Wl,-Map=output.map -Wl,--gc-sections -o "3-2.elf" @"objects.list"   -lm
Finished building target: 3-2.elf
 
make --no-print-directory post-build
Generating binary and Printing size information:
arm-none-eabi-objcopy -O binary "3-2.elf" "3-2.bin"
arm-none-eabi-size "3-2.elf"
   text	   data	    bss	    dec	    hex	filename
   1184	   1096	   1088	   3368	    d28	3-2.elf
 
00:38:19 **** Incremental Build of configuration Debug for project 3-2 ****
make -j8 all 
make: Nothing to be done for 'all'.
00:39:31 **** Incremental Build of configuration Debug for project 3-2 ****
make -j8 all 
Building file: ../src/.main.s
Invoking: MCU GCC Assembler
D:\微處理機系統實驗\Lab3-2\3-2\Debug
arm-none-eabi-as -mcpu=cortex-m4 -mthumb -mfloat-abi=hard -mfpu=fpv4-sp-d16 -g -o "src/.main.o" "../src/.main.s"
Finished building: ../src/.main.s
 
Building target: 3-2.elf
Invoking: MCU GCC Linker
arm-none-eabi-gcc -mcpu=cortex-m4 -mthumb -mfloat-abi=hard -mfpu=fpv4-sp-d16 -T"D:/微處理機系統實驗/Lab3-2/3-2/LinkerScript.ld" -Wl,-Map=output.map -Wl,--gc-sections -o "3-2.elf" @"objects.list"   -lm
Finished building target: 3-2.elf
 
make --no-print-directory post-build
Generating binary and Printing size information:
arm-none-eabi-objcopy -O binary "3-2.elf" "3-2.bin"
arm-none-eabi-size "3-2.elf"
   text	   data	    bss	    dec	    hex	filename
   1184	   1096	   1088	   3368	    d28	3-2.elf
 
00:39:34 **** Incremental Build of configuration Debug for project 3-2 ****
make -j8 all 
make: Nothing to be done for 'all'.
00:44:11 **** Incremental Build of configuration Debug for project 3-2 ****
make -j8 all 
Building file: ../src/.main.s
Invoking: MCU GCC Assembler
D:\微處理機系統實驗\Lab3-2\3-2\Debug
arm-none-eabi-as -mcpu=cortex-m4 -mthumb -mfloat-abi=hard -mfpu=fpv4-sp-d16 -g -o "src/.main.o" "../src/.main.s"
Finished building: ../src/.main.s
 
Building target: 3-2.elf
Invoking: MCU GCC Linker
arm-none-eabi-gcc -mcpu=cortex-m4 -mthumb -mfloat-abi=hard -mfpu=fpv4-sp-d16 -T"D:/微處理機系統實驗/Lab3-2/3-2/LinkerScript.ld" -Wl,-Map=output.map -Wl,--gc-sections -o "3-2.elf" @"objects.list"   -lm
Finished building target: 3-2.elf
 
make --no-print-directory post-build
Generating binary and Printing size information:
arm-none-eabi-objcopy -O binary "3-2.elf" "3-2.bin"
arm-none-eabi-size "3-2.elf"
   text	   data	    bss	    dec	    hex	filename
   1168	   1096	   1088	   3352	    d18	3-2.elf
 
00:45:47 **** Incremental Build of configuration Debug for project 3-2 ****
make -j8 all 
Building file: ../src/.main.s
Invoking: MCU GCC Assembler
D:\微處理機系統實驗\Lab3-2\3-2\Debug
arm-none-eabi-as -mcpu=cortex-m4 -mthumb -mfloat-abi=hard -mfpu=fpv4-sp-d16 -g -o "src/.main.o" "../src/.main.s"
Finished building: ../src/.main.s
 
Building target: 3-2.elf
Invoking: MCU GCC Linker
arm-none-eabi-gcc -mcpu=cortex-m4 -mthumb -mfloat-abi=hard -mfpu=fpv4-sp-d16 -T"D:/微處理機系統實驗/Lab3-2/3-2/LinkerScript.ld" -Wl,-Map=output.map -Wl,--gc-sections -o "3-2.elf" @"objects.list"   -lm
Finished building target: 3-2.elf
 
make --no-print-directory post-build
Generating binary and Printing size information:
arm-none-eabi-objcopy -O binary "3-2.elf" "3-2.bin"
arm-none-eabi-size "3-2.elf"
   text	   data	    bss	    dec	    hex	filename
   1168	   1096	   1088	   3352	    d18	3-2.elf
 
00:49:17 **** Incremental Build of configuration Debug for project 3-2 ****
make -j8 all 
Building file: ../src/.main.s
Invoking: MCU GCC Assembler
D:\微處理機系統實驗\Lab3-2\3-2\Debug
arm-none-eabi-as -mcpu=cortex-m4 -mthumb -mfloat-abi=hard -mfpu=fpv4-sp-d16 -g -o "src/.main.o" "../src/.main.s"
Finished building: ../src/.main.s
 
Building target: 3-2.elf
Invoking: MCU GCC Linker
arm-none-eabi-gcc -mcpu=cortex-m4 -mthumb -mfloat-abi=hard -mfpu=fpv4-sp-d16 -T"D:/微處理機系統實驗/Lab3-2/3-2/LinkerScript.ld" -Wl,-Map=output.map -Wl,--gc-sections -o "3-2.elf" @"objects.list"   -lm
Finished building target: 3-2.elf
 
make --no-print-directory post-build
Generating binary and Printing size information:
arm-none-eabi-objcopy -O binary "3-2.elf" "3-2.bin"
arm-none-eabi-size "3-2.elf"
   text	   data	    bss	    dec	    hex	filename
   1168	   1096	   1088	   3352	    d18	3-2.elf
 
00:49:44 **** Incremental Build of configuration Debug for project 3-2 ****
make -j8 all 
make: Nothing to be done for 'all'.
00:50:04 **** Incremental Build of configuration Debug for project 3-2 ****
make -j8 all 
Building file: ../src/.main.s
Invoking: MCU GCC Assembler
D:\微處理機系統實驗\Lab3-2\3-2\Debug
arm-none-eabi-as -mcpu=cortex-m4 -mthumb -mfloat-abi=hard -mfpu=fpv4-sp-d16 -g -o "src/.main.o" "../src/.main.s"
Finished building: ../src/.main.s
 
Building target: 3-2.elf
Invoking: MCU GCC Linker
arm-none-eabi-gcc -mcpu=cortex-m4 -mthumb -mfloat-abi=hard -mfpu=fpv4-sp-d16 -T"D:/微處理機系統實驗/Lab3-2/3-2/LinkerScript.ld" -Wl,-Map=output.map -Wl,--gc-sections -o "3-2.elf" @"objects.list"   -lm
Finished building target: 3-2.elf
 
make --no-print-directory post-build
Generating binary and Printing size information:
arm-none-eabi-objcopy -O binary "3-2.elf" "3-2.bin"
arm-none-eabi-size "3-2.elf"
   text	   data	    bss	    dec	    hex	filename
   1168	   1096	   1088	   3352	    d18	3-2.elf
 
01:04:54 **** Incremental Build of configuration Debug for project 3-2 ****
make -j8 all 
Building file: ../src/.main.s
Invoking: MCU GCC Assembler
D:\微處理機系統實驗\Lab3-2\3-2\Debug
arm-none-eabi-as -mcpu=cortex-m4 -mthumb -mfloat-abi=hard -mfpu=fpv4-sp-d16 -g -o "src/.main.o" "../src/.main.s"
Finished building: ../src/.main.s
 
Building target: 3-2.elf
Invoking: MCU GCC Linker
arm-none-eabi-gcc -mcpu=cortex-m4 -mthumb -mfloat-abi=hard -mfpu=fpv4-sp-d16 -T"D:/微處理機系統實驗/Lab3-2/3-2/LinkerScript.ld" -Wl,-Map=output.map -Wl,--gc-sections -o "3-2.elf" @"objects.list"   -lm
Finished building target: 3-2.elf
 
make --no-print-directory post-build
Generating binary and Printing size information:
arm-none-eabi-objcopy -O binary "3-2.elf" "3-2.bin"
arm-none-eabi-size "3-2.elf"
   text	   data	    bss	    dec	    hex	filename
   1160	   1096	   1088	   3344	    d10	3-2.elf
 
01:32:47 **** Incremental Build of configuration Debug for project 3-2 ****
make -j8 all 
Building file: ../src/.main.s
Invoking: MCU GCC Assembler
D:\微處理機系統實驗\Lab3-2\3-2\Debug
arm-none-eabi-as -mcpu=cortex-m4 -mthumb -mfloat-abi=hard -mfpu=fpv4-sp-d16 -g -o "src/.main.o" "../src/.main.s"
Finished building: ../src/.main.s
 
Building target: 3-2.elf
Invoking: MCU GCC Linker
arm-none-eabi-gcc -mcpu=cortex-m4 -mthumb -mfloat-abi=hard -mfpu=fpv4-sp-d16 -T"D:/微處理機系統實驗/Lab3-2/3-2/LinkerScript.ld" -Wl,-Map=output.map -Wl,--gc-sections -o "3-2.elf" @"objects.list"   -lm
Finished building target: 3-2.elf
 
make --no-print-directory post-build
Generating binary and Printing size information:
arm-none-eabi-objcopy -O binary "3-2.elf" "3-2.bin"
arm-none-eabi-size "3-2.elf"
   text	   data	    bss	    dec	    hex	filename
   1152	   1096	   1088	   3336	    d08	3-2.elf
 
01:33:01 **** Incremental Build of configuration Debug for project 3-2 ****
make -j8 all 
make: Nothing to be done for 'all'.
10:33:33 **** Incremental Build of configuration Debug for project 3-2 ****
make -j8 all 
Building file: ../src/.main.s
Invoking: MCU GCC Assembler
D:\微處理機系統實驗\Lab3-2\3-2\Debug
arm-none-eabi-as -mcpu=cortex-m4 -mthumb -mfloat-abi=hard -mfpu=fpv4-sp-d16 -g -o "src/.main.o" "../src/.main.s"
Finished building: ../src/.main.s
 
Building target: 3-2.elf
Invoking: MCU GCC Linker
arm-none-eabi-gcc -mcpu=cortex-m4 -mthumb -mfloat-abi=hard -mfpu=fpv4-sp-d16 -T"D:/微處理機系統實驗/Lab3-2/3-2/LinkerScript.ld" -Wl,-Map=output.map -Wl,--gc-sections -o "3-2.elf" @"objects.list"   -lm
Finished building target: 3-2.elf
 
make --no-print-directory post-build
Generating binary and Printing size information:
arm-none-eabi-objcopy -O binary "3-2.elf" "3-2.bin"
arm-none-eabi-size "3-2.elf"
   text	   data	    bss	    dec	    hex	filename
   1152	   1096	   1088	   3336	    d08	3-2.elf
 
10:33:35 **** Incremental Build of configuration Debug for project 3-2 ****
make -j8 all 
make: Nothing to be done for 'all'.
10:35:59 **** Incremental Build of configuration Debug for project 3-2 ****
make -j8 all 
make: Nothing to be done for 'all'.
10:36:25 **** Incremental Build of configuration Debug for project 3-2 ****
make -j8 all 
Building file: ../src/.main.s
Invoking: MCU GCC Assembler
D:\微處理機系統實驗\Lab3-2\3-2\Debug
arm-none-eabi-as -mcpu=cortex-m4 -mthumb -mfloat-abi=hard -mfpu=fpv4-sp-d16 -g -o "src/.main.o" "../src/.main.s"
Finished building: ../src/.main.s
 
Building target: 3-2.elf
Invoking: MCU GCC Linker
arm-none-eabi-gcc -mcpu=cortex-m4 -mthumb -mfloat-abi=hard -mfpu=fpv4-sp-d16 -T"D:/微處理機系統實驗/Lab3-2/3-2/LinkerScript.ld" -Wl,-Map=output.map -Wl,--gc-sections -o "3-2.elf" @"objects.list"   -lm
Finished building target: 3-2.elf
 
make --no-print-directory post-build
Generating binary and Printing size information:
arm-none-eabi-objcopy -O binary "3-2.elf" "3-2.bin"
arm-none-eabi-size "3-2.elf"
   text	   data	    bss	    dec	    hex	filename
   1152	   1096	   1088	   3336	    d08	3-2.elf
 
11:16:51 **** Incremental Build of configuration Debug for project 3-2 ****
make -j8 all 
Building file: ../src/.main.s
Invoking: MCU GCC Assembler
D:\微處理機系統實驗\Lab3-2\3-2\Debug
arm-none-eabi-as -mcpu=cortex-m4 -mthumb -mfloat-abi=hard -mfpu=fpv4-sp-d16 -g -o "src/.main.o" "../src/.main.s"
Finished building: ../src/.main.s
 
Building target: 3-2.elf
Invoking: MCU GCC Linker
arm-none-eabi-gcc -mcpu=cortex-m4 -mthumb -mfloat-abi=hard -mfpu=fpv4-sp-d16 -T"D:/微處理機系統實驗/Lab3-2/3-2/LinkerScript.ld" -Wl,-Map=output.map -Wl,--gc-sections -o "3-2.elf" @"objects.list"   -lm
Finished building target: 3-2.elf
 
make --no-print-directory post-build
Generating binary and Printing size information:
arm-none-eabi-objcopy -O binary "3-2.elf" "3-2.bin"
arm-none-eabi-size "3-2.elf"
   text	   data	    bss	    dec	    hex	filename
   1152	   1096	   1088	   3336	    d08	3-2.elf
 
11:32:14 **** Incremental Build of configuration Debug for project 3-2 ****
make -j8 all 
Building file: ../src/.main.s
Invoking: MCU GCC Assembler
D:\微處理機系統實驗\Lab3-2\3-2\Debug
arm-none-eabi-as -mcpu=cortex-m4 -mthumb -mfloat-abi=hard -mfpu=fpv4-sp-d16 -g -o "src/.main.o" "../src/.main.s"
Finished building: ../src/.main.s
 
Building target: 3-2.elf
Invoking: MCU GCC Linker
arm-none-eabi-gcc -mcpu=cortex-m4 -mthumb -mfloat-abi=hard -mfpu=fpv4-sp-d16 -T"D:/微處理機系統實驗/Lab3-2/3-2/LinkerScript.ld" -Wl,-Map=output.map -Wl,--gc-sections -o "3-2.elf" @"objects.list"   -lm
Finished building target: 3-2.elf
 
make --no-print-directory post-build
Generating binary and Printing size information:
arm-none-eabi-objcopy -O binary "3-2.elf" "3-2.bin"
arm-none-eabi-size "3-2.elf"
   text	   data	    bss	    dec	    hex	filename
   1152	   1096	   1088	   3336	    d08	3-2.elf
 
12:11:22 **** Incremental Build of configuration Debug for project 3-2 ****
make -j8 all 
make: Nothing to be done for 'all'.
12:35:08 **** Incremental Build of configuration Debug for project 3-2 ****
make -j8 all 
Building file: ../src/.main.s
Invoking: MCU GCC Assembler
D:\微處理機系統實驗\Lab3-2\3-2\Debug
arm-none-eabi-as -mcpu=cortex-m4 -mthumb -mfloat-abi=hard -mfpu=fpv4-sp-d16 -g -o "src/.main.o" "../src/.main.s"
Finished building: ../src/.main.s
 
Building target: 3-2.elf
Invoking: MCU GCC Linker
arm-none-eabi-gcc -mcpu=cortex-m4 -mthumb -mfloat-abi=hard -mfpu=fpv4-sp-d16 -T"D:/微處理機系統實驗/Lab3-2/3-2/LinkerScript.ld" -Wl,-Map=output.map -Wl,--gc-sections -o "3-2.elf" @"objects.list"   -lm
Finished building target: 3-2.elf
 
make --no-print-directory post-build
Generating binary and Printing size information:
arm-none-eabi-objcopy -O binary "3-2.elf" "3-2.bin"
arm-none-eabi-size "3-2.elf"
   text	   data	    bss	    dec	    hex	filename
   1168	   1096	   1088	   3352	    d18	3-2.elf
 
12:35:33 **** Incremental Build of configuration Debug for project 3-2 ****
make -j8 all 
Building file: ../src/.main.s
Invoking: MCU GCC Assembler
D:\微處理機系統實驗\Lab3-2\3-2\Debug
arm-none-eabi-as -mcpu=cortex-m4 -mthumb -mfloat-abi=hard -mfpu=fpv4-sp-d16 -g -o "src/.main.o" "../src/.main.s"
Finished building: ../src/.main.s
 
Building target: 3-2.elf
Invoking: MCU GCC Linker
arm-none-eabi-gcc -mcpu=cortex-m4 -mthumb -mfloat-abi=hard -mfpu=fpv4-sp-d16 -T"D:/微處理機系統實驗/Lab3-2/3-2/LinkerScript.ld" -Wl,-Map=output.map -Wl,--gc-sections -o "3-2.elf" @"objects.list"   -lm
Finished building target: 3-2.elf
 
make --no-print-directory post-build
Generating binary and Printing size information:
arm-none-eabi-objcopy -O binary "3-2.elf" "3-2.bin"
arm-none-eabi-size "3-2.elf"
   text	   data	    bss	    dec	    hex	filename
   1152	   1096	   1088	   3336	    d08	3-2.elf
 
12:36:14 **** Incremental Build of configuration Debug for project 3-2 ****
make -j8 all 
Building file: ../src/.main.s
Invoking: MCU GCC Assembler
D:\微處理機系統實驗\Lab3-2\3-2\Debug
arm-none-eabi-as -mcpu=cortex-m4 -mthumb -mfloat-abi=hard -mfpu=fpv4-sp-d16 -g -o "src/.main.o" "../src/.main.s"
Finished building: ../src/.main.s
 
Building target: 3-2.elf
Invoking: MCU GCC Linker
arm-none-eabi-gcc -mcpu=cortex-m4 -mthumb -mfloat-abi=hard -mfpu=fpv4-sp-d16 -T"D:/微處理機系統實驗/Lab3-2/3-2/LinkerScript.ld" -Wl,-Map=output.map -Wl,--gc-sections -o "3-2.elf" @"objects.list"   -lm
Finished building target: 3-2.elf
 
make --no-print-directory post-build
Generating binary and Printing size information:
arm-none-eabi-objcopy -O binary "3-2.elf" "3-2.bin"
arm-none-eabi-size "3-2.elf"
   text	   data	    bss	    dec	    hex	filename
   1152	   1096	   1088	   3336	    d08	3-2.elf
 
12:38:06 **** Incremental Build of configuration Debug for project 3-2 ****
make -j8 all 
Building file: ../src/.main.s
Invoking: MCU GCC Assembler
D:\微處理機系統實驗\Lab3-2\3-2\Debug
arm-none-eabi-as -mcpu=cortex-m4 -mthumb -mfloat-abi=hard -mfpu=fpv4-sp-d16 -g -o "src/.main.o" "../src/.main.s"
Finished building: ../src/.main.s
 
Building target: 3-2.elf
Invoking: MCU GCC Linker
arm-none-eabi-gcc -mcpu=cortex-m4 -mthumb -mfloat-abi=hard -mfpu=fpv4-sp-d16 -T"D:/微處理機系統實驗/Lab3-2/3-2/LinkerScript.ld" -Wl,-Map=output.map -Wl,--gc-sections -o "3-2.elf" @"objects.list"   -lm
Finished building target: 3-2.elf
 
make --no-print-directory post-build
Generating binary and Printing size information:
arm-none-eabi-objcopy -O binary "3-2.elf" "3-2.bin"
arm-none-eabi-size "3-2.elf"
   text	   data	    bss	    dec	    hex	filename
   1160	   1096	   1088	   3344	    d10	3-2.elf
 
12:39:31 **** Incremental Build of configuration Debug for project 3-2 ****
make -j8 all 
Building file: ../src/.main.s
Invoking: MCU GCC Assembler
D:\微處理機系統實驗\Lab3-2\3-2\Debug
arm-none-eabi-as -mcpu=cortex-m4 -mthumb -mfloat-abi=hard -mfpu=fpv4-sp-d16 -g -o "src/.main.o" "../src/.main.s"
Finished building: ../src/.main.s
 
Building target: 3-2.elf
Invoking: MCU GCC Linker
arm-none-eabi-gcc -mcpu=cortex-m4 -mthumb -mfloat-abi=hard -mfpu=fpv4-sp-d16 -T"D:/微處理機系統實驗/Lab3-2/3-2/LinkerScript.ld" -Wl,-Map=output.map -Wl,--gc-sections -o "3-2.elf" @"objects.list"   -lm
Finished building target: 3-2.elf
 
make --no-print-directory post-build
Generating binary and Printing size information:
arm-none-eabi-objcopy -O binary "3-2.elf" "3-2.bin"
arm-none-eabi-size "3-2.elf"
   text	   data	    bss	    dec	    hex	filename
   1160	   1096	   1088	   3344	    d10	3-2.elf
 
12:40:16 **** Incremental Build of configuration Debug for project 3-2 ****
make -j8 all 
Building file: ../src/.main.s
Invoking: MCU GCC Assembler
D:\微處理機系統實驗\Lab3-2\3-2\Debug
arm-none-eabi-as -mcpu=cortex-m4 -mthumb -mfloat-abi=hard -mfpu=fpv4-sp-d16 -g -o "src/.main.o" "../src/.main.s"
Finished building: ../src/.main.s
 
Building target: 3-2.elf
Invoking: MCU GCC Linker
arm-none-eabi-gcc -mcpu=cortex-m4 -mthumb -mfloat-abi=hard -mfpu=fpv4-sp-d16 -T"D:/微處理機系統實驗/Lab3-2/3-2/LinkerScript.ld" -Wl,-Map=output.map -Wl,--gc-sections -o "3-2.elf" @"objects.list"   -lm
Finished building target: 3-2.elf
 
make --no-print-directory post-build
Generating binary and Printing size information:
arm-none-eabi-objcopy -O binary "3-2.elf" "3-2.bin"
arm-none-eabi-size "3-2.elf"
   text	   data	    bss	    dec	    hex	filename
   1160	   1096	   1088	   3344	    d10	3-2.elf
 
12:46:35 **** Incremental Build of configuration Debug for project 3-2 ****
make -j8 all 
Building file: ../src/.main.s
Invoking: MCU GCC Assembler
D:\微處理機系統實驗\Lab3-2\3-2\Debug
arm-none-eabi-as -mcpu=cortex-m4 -mthumb -mfloat-abi=hard -mfpu=fpv4-sp-d16 -g -o "src/.main.o" "../src/.main.s"
../src/.main.s: Assembler messages:
../src/.main.s:109: Error: missing expression -- `moveq r8,'
../src/.main.s:110: Error: incorrect condition in IT block -- `movne r8,#0'
../src/.main.s:111: Error: instruction not allowed in IT block -- `str r8,[r0]'
src/subdir.mk:15: recipe for target 'src/.main.o' failed
make: *** [src/.main.o] Error 1
12:46:48 **** Incremental Build of configuration Debug for project 3-2 ****
make -j8 all 
Building file: ../src/.main.s
Invoking: MCU GCC Assembler
D:\微處理機系統實驗\Lab3-2\3-2\Debug
arm-none-eabi-as -mcpu=cortex-m4 -mthumb -mfloat-abi=hard -mfpu=fpv4-sp-d16 -g -o "src/.main.o" "../src/.main.s"
../src/.main.s: Assembler messages:
../src/.main.s:109: Error: missing expression -- `moveq r8,'
../src/.main.s:110: Error: incorrect condition in IT block -- `movne r8,#0'
../src/.main.s:112: Error: instruction not allowed in IT block -- `str r8,[r0]'
src/subdir.mk:15: recipe for target 'src/.main.o' failed
make: *** [src/.main.o] Error 1
13:33:40 **** Incremental Build of configuration Debug for project 3-2 ****
make -j8 all 
Building file: ../src/.main.s
Invoking: MCU GCC Assembler
D:\微處理機系統實驗\Lab3-2\3-2\Debug
arm-none-eabi-as -mcpu=cortex-m4 -mthumb -mfloat-abi=hard -mfpu=fpv4-sp-d16 -g -o "src/.main.o" "../src/.main.s"
Finished building: ../src/.main.s
 
Building target: 3-2.elf
Invoking: MCU GCC Linker
arm-none-eabi-gcc -mcpu=cortex-m4 -mthumb -mfloat-abi=hard -mfpu=fpv4-sp-d16 -T"D:/微處理機系統實驗/Lab3-2/3-2/LinkerScript.ld" -Wl,-Map=output.map -Wl,--gc-sections -o "3-2.elf" @"objects.list"   -lm
Finished building target: 3-2.elf
 
make --no-print-directory post-build
Generating binary and Printing size information:
arm-none-eabi-objcopy -O binary "3-2.elf" "3-2.bin"
arm-none-eabi-size "3-2.elf"
   text	   data	    bss	    dec	    hex	filename
   1176	   1096	   1088	   3360	    d20	3-2.elf
 
13:38:19 **** Incremental Build of configuration Debug for project 3-2 ****
make -j8 all 
Building file: ../src/.main.s
Invoking: MCU GCC Assembler
D:\微處理機系統實驗\Lab3-2\3-2\Debug
arm-none-eabi-as -mcpu=cortex-m4 -mthumb -mfloat-abi=hard -mfpu=fpv4-sp-d16 -g -o "src/.main.o" "../src/.main.s"
Finished building: ../src/.main.s
 
Building target: 3-2.elf
Invoking: MCU GCC Linker
arm-none-eabi-gcc -mcpu=cortex-m4 -mthumb -mfloat-abi=hard -mfpu=fpv4-sp-d16 -T"D:/微處理機系統實驗/Lab3-2/3-2/LinkerScript.ld" -Wl,-Map=output.map -Wl,--gc-sections -o "3-2.elf" @"objects.list"   -lm
Finished building target: 3-2.elf
 
make --no-print-directory post-build
Generating binary and Printing size information:
arm-none-eabi-objcopy -O binary "3-2.elf" "3-2.bin"
arm-none-eabi-size "3-2.elf"
   text	   data	    bss	    dec	    hex	filename
   1176	   1096	   1088	   3360	    d20	3-2.elf
 
13:48:24 **** Incremental Build of configuration Debug for project 3-2 ****
make -j8 all 
Building file: ../src/.main.s
Invoking: MCU GCC Assembler
D:\微處理機系統實驗\Lab3-2\3-2\Debug
arm-none-eabi-as -mcpu=cortex-m4 -mthumb -mfloat-abi=hard -mfpu=fpv4-sp-d16 -g -o "src/.main.o" "../src/.main.s"
Finished building: ../src/.main.s
 
Building target: 3-2.elf
Invoking: MCU GCC Linker
arm-none-eabi-gcc -mcpu=cortex-m4 -mthumb -mfloat-abi=hard -mfpu=fpv4-sp-d16 -T"D:/微處理機系統實驗/Lab3-2/3-2/LinkerScript.ld" -Wl,-Map=output.map -Wl,--gc-sections -o "3-2.elf" @"objects.list"   -lm
Finished building target: 3-2.elf
 
make --no-print-directory post-build
Generating binary and Printing size information:
arm-none-eabi-objcopy -O binary "3-2.elf" "3-2.bin"
arm-none-eabi-size "3-2.elf"
   text	   data	    bss	    dec	    hex	filename
   1176	   1096	   1088	   3360	    d20	3-2.elf
 
13:56:23 **** Incremental Build of configuration Debug for project 3-2 ****
make -j8 all 
Building file: ../src/.main.s
Invoking: MCU GCC Assembler
D:\微處理機系統實驗\Lab3-2\3-2\Debug
arm-none-eabi-as -mcpu=cortex-m4 -mthumb -mfloat-abi=hard -mfpu=fpv4-sp-d16 -g -o "src/.main.o" "../src/.main.s"
Finished building: ../src/.main.s
 
Building target: 3-2.elf
Invoking: MCU GCC Linker
arm-none-eabi-gcc -mcpu=cortex-m4 -mthumb -mfloat-abi=hard -mfpu=fpv4-sp-d16 -T"D:/微處理機系統實驗/Lab3-2/3-2/LinkerScript.ld" -Wl,-Map=output.map -Wl,--gc-sections -o "3-2.elf" @"objects.list"   -lm
Finished building target: 3-2.elf
 
make --no-print-directory post-build
Generating binary and Printing size information:
arm-none-eabi-objcopy -O binary "3-2.elf" "3-2.bin"
arm-none-eabi-size "3-2.elf"
   text	   data	    bss	    dec	    hex	filename
   1160	   1096	   1088	   3344	    d10	3-2.elf
 
14:00:44 **** Incremental Build of configuration Debug for project 3-2 ****
make -j8 all 
make: Nothing to be done for 'all'.
14:01:04 **** Incremental Build of configuration Debug for project 3-2 ****
make -j8 all 
Building file: ../src/.main.s
Invoking: MCU GCC Assembler
D:\微處理機系統實驗\Lab3-2\3-2\Debug
arm-none-eabi-as -mcpu=cortex-m4 -mthumb -mfloat-abi=hard -mfpu=fpv4-sp-d16 -g -o "src/.main.o" "../src/.main.s"
Finished building: ../src/.main.s
 
Building target: 3-2.elf
Invoking: MCU GCC Linker
arm-none-eabi-gcc -mcpu=cortex-m4 -mthumb -mfloat-abi=hard -mfpu=fpv4-sp-d16 -T"D:/微處理機系統實驗/Lab3-2/3-2/LinkerScript.ld" -Wl,-Map=output.map -Wl,--gc-sections -o "3-2.elf" @"objects.list"   -lm
Finished building target: 3-2.elf
 
make --no-print-directory post-build
Generating binary and Printing size information:
arm-none-eabi-objcopy -O binary "3-2.elf" "3-2.bin"
arm-none-eabi-size "3-2.elf"
   text	   data	    bss	    dec	    hex	filename
   1160	   1096	   1088	   3344	    d10	3-2.elf
 
14:02:16 **** Incremental Build of configuration Debug for project 3-2 ****
make -j8 all 
Building file: ../src/.main.s
Invoking: MCU GCC Assembler
D:\微處理機系統實驗\Lab3-2\3-2\Debug
arm-none-eabi-as -mcpu=cortex-m4 -mthumb -mfloat-abi=hard -mfpu=fpv4-sp-d16 -g -o "src/.main.o" "../src/.main.s"
Finished building: ../src/.main.s
 
Building target: 3-2.elf
Invoking: MCU GCC Linker
arm-none-eabi-gcc -mcpu=cortex-m4 -mthumb -mfloat-abi=hard -mfpu=fpv4-sp-d16 -T"D:/微處理機系統實驗/Lab3-2/3-2/LinkerScript.ld" -Wl,-Map=output.map -Wl,--gc-sections -o "3-2.elf" @"objects.list"   -lm
Finished building target: 3-2.elf
 
make --no-print-directory post-build
Generating binary and Printing size information:
arm-none-eabi-objcopy -O binary "3-2.elf" "3-2.bin"
arm-none-eabi-size "3-2.elf"
   text	   data	    bss	    dec	    hex	filename
   1160	   1096	   1088	   3344	    d10	3-2.elf
 
14:09:06 **** Incremental Build of configuration Debug for project 3-2 ****
make -j8 all 
Building file: ../src/.main.s
Invoking: MCU GCC Assembler
D:\微處理機系統實驗\Lab3-2\3-2\Debug
arm-none-eabi-as -mcpu=cortex-m4 -mthumb -mfloat-abi=hard -mfpu=fpv4-sp-d16 -g -o "src/.main.o" "../src/.main.s"
Finished building: ../src/.main.s
 
Building target: 3-2.elf
Invoking: MCU GCC Linker
arm-none-eabi-gcc -mcpu=cortex-m4 -mthumb -mfloat-abi=hard -mfpu=fpv4-sp-d16 -T"D:/微處理機系統實驗/Lab3-2/3-2/LinkerScript.ld" -Wl,-Map=output.map -Wl,--gc-sections -o "3-2.elf" @"objects.list"   -lm
Finished building target: 3-2.elf
 
make --no-print-directory post-build
Generating binary and Printing size information:
arm-none-eabi-objcopy -O binary "3-2.elf" "3-2.bin"
arm-none-eabi-size "3-2.elf"
   text	   data	    bss	    dec	    hex	filename
   1160	   1096	   1088	   3344	    d10	3-2.elf
 
14:10:41 **** Incremental Build of configuration Debug for project 3-2 ****
make -j8 all 
Building file: ../src/.main.s
Invoking: MCU GCC Assembler
D:\微處理機系統實驗\Lab3-2\3-2\Debug
arm-none-eabi-as -mcpu=cortex-m4 -mthumb -mfloat-abi=hard -mfpu=fpv4-sp-d16 -g -o "src/.main.o" "../src/.main.s"
Finished building: ../src/.main.s
 
Building target: 3-2.elf
Invoking: MCU GCC Linker
arm-none-eabi-gcc -mcpu=cortex-m4 -mthumb -mfloat-abi=hard -mfpu=fpv4-sp-d16 -T"D:/微處理機系統實驗/Lab3-2/3-2/LinkerScript.ld" -Wl,-Map=output.map -Wl,--gc-sections -o "3-2.elf" @"objects.list"   -lm
Finished building target: 3-2.elf
 
make --no-print-directory post-build
Generating binary and Printing size information:
arm-none-eabi-objcopy -O binary "3-2.elf" "3-2.bin"
arm-none-eabi-size "3-2.elf"
   text	   data	    bss	    dec	    hex	filename
   1160	   1096	   1088	   3344	    d10	3-2.elf
 
14:12:33 **** Incremental Build of configuration Debug for project 3-2 ****
make -j8 all 
Building file: ../src/.main.s
Invoking: MCU GCC Assembler
D:\微處理機系統實驗\Lab3-2\3-2\Debug
arm-none-eabi-as -mcpu=cortex-m4 -mthumb -mfloat-abi=hard -mfpu=fpv4-sp-d16 -g -o "src/.main.o" "../src/.main.s"
Finished building: ../src/.main.s
 
Building target: 3-2.elf
Invoking: MCU GCC Linker
arm-none-eabi-gcc -mcpu=cortex-m4 -mthumb -mfloat-abi=hard -mfpu=fpv4-sp-d16 -T"D:/微處理機系統實驗/Lab3-2/3-2/LinkerScript.ld" -Wl,-Map=output.map -Wl,--gc-sections -o "3-2.elf" @"objects.list"   -lm
Finished building target: 3-2.elf
 
make --no-print-directory post-build
Generating binary and Printing size information:
arm-none-eabi-objcopy -O binary "3-2.elf" "3-2.bin"
arm-none-eabi-size "3-2.elf"
   text	   data	    bss	    dec	    hex	filename
   1160	   1096	   1088	   3344	    d10	3-2.elf
 
14:12:35 **** Incremental Build of configuration Debug for project 3-2 ****
make -j8 all 
make: Nothing to be done for 'all'.
14:12:45 **** Incremental Build of configuration Debug for project 3-2 ****
make -j8 all 
make: Nothing to be done for 'all'.
14:12:47 **** Incremental Build of configuration Debug for project 3-2 ****
make -j8 all 
make: Nothing to be done for 'all'.
14:18:26 **** Incremental Build of configuration Debug for project 3-2 ****
make -j8 all 
Building file: ../src/.main.s
Invoking: MCU GCC Assembler
D:\微處理機系統實驗\Lab3-2\3-2\Debug
arm-none-eabi-as -mcpu=cortex-m4 -mthumb -mfloat-abi=hard -mfpu=fpv4-sp-d16 -g -o "src/.main.o" "../src/.main.s"
Finished building: ../src/.main.s
 
Building target: 3-2.elf
Invoking: MCU GCC Linker
arm-none-eabi-gcc -mcpu=cortex-m4 -mthumb -mfloat-abi=hard -mfpu=fpv4-sp-d16 -T"D:/微處理機系統實驗/Lab3-2/3-2/LinkerScript.ld" -Wl,-Map=output.map -Wl,--gc-sections -o "3-2.elf" @"objects.list"   -lm
Finished building target: 3-2.elf
 
make --no-print-directory post-build
Generating binary and Printing size information:
arm-none-eabi-objcopy -O binary "3-2.elf" "3-2.bin"
arm-none-eabi-size "3-2.elf"
   text	   data	    bss	    dec	    hex	filename
   1160	   1096	   1088	   3344	    d10	3-2.elf
 
14:20:14 **** Incremental Build of configuration Debug for project 3-2 ****
[...]
Finished building: ../src/.main.s
 
Building target: 3-2.elf
Invoking: MCU GCC Linker
arm-none-eabi-gcc -mcpu=cortex-m4 -mthumb -mfloat-abi=hard -mfpu=fpv4-sp-d16 -T"D:/微處理機系統實驗/Lab3-2/3-2/LinkerScript.ld" -Wl,-Map=output.map -Wl,--gc-sections -o "3-2.elf" @"objects.list"   -lm
Finished building target: 3-2.elf
 
make --no-print-directory post-build
Generating binary and Printing size information:
arm-none-eabi-objcopy -O binary "3-2.elf" "3-2.bin"
arm-none-eabi-size "3-2.elf"
   text	   data	    bss	    dec	    hex	filename
   1184	   1096	   1088	   3368	    d28	3-2.elf
 
15:02:40 **** Incremental Build of configuration Debug for project 3-2 ****
make -j8 all 
Building file: ../src/.main.s
Invoking: MCU GCC Assembler
D:\微處理機系統實驗\Lab3-2\3-2\Debug
arm-none-eabi-as -mcpu=cortex-m4 -mthumb -mfloat-abi=hard -mfpu=fpv4-sp-d16 -g -o "src/.main.o" "../src/.main.s"
Finished building: ../src/.main.s
 
Building target: 3-2.elf
Invoking: MCU GCC Linker
arm-none-eabi-gcc -mcpu=cortex-m4 -mthumb -mfloat-abi=hard -mfpu=fpv4-sp-d16 -T"D:/微處理機系統實驗/Lab3-2/3-2/LinkerScript.ld" -Wl,-Map=output.map -Wl,--gc-sections -o "3-2.elf" @"objects.list"   -lm
Finished building target: 3-2.elf
 
make --no-print-directory post-build
Generating binary and Printing size information:
arm-none-eabi-objcopy -O binary "3-2.elf" "3-2.bin"
arm-none-eabi-size "3-2.elf"
   text	   data	    bss	    dec	    hex	filename
   1184	   1096	   1088	   3368	    d28	3-2.elf
 
15:03:53 **** Incremental Build of configuration Debug for project 3-2 ****
make -j8 all 
Building file: ../src/.main.s
Invoking: MCU GCC Assembler
D:\微處理機系統實驗\Lab3-2\3-2\Debug
arm-none-eabi-as -mcpu=cortex-m4 -mthumb -mfloat-abi=hard -mfpu=fpv4-sp-d16 -g -o "src/.main.o" "../src/.main.s"
Finished building: ../src/.main.s
 
Building target: 3-2.elf
Invoking: MCU GCC Linker
arm-none-eabi-gcc -mcpu=cortex-m4 -mthumb -mfloat-abi=hard -mfpu=fpv4-sp-d16 -T"D:/微處理機系統實驗/Lab3-2/3-2/LinkerScript.ld" -Wl,-Map=output.map -Wl,--gc-sections -o "3-2.elf" @"objects.list"   -lm
Finished building target: 3-2.elf
 
make --no-print-directory post-build
Generating binary and Printing size information:
arm-none-eabi-objcopy -O binary "3-2.elf" "3-2.bin"
arm-none-eabi-size "3-2.elf"
   text	   data	    bss	    dec	    hex	filename
   1184	   1096	   1088	   3368	    d28	3-2.elf
 
15:06:03 **** Incremental Build of configuration Debug for project 3-2 ****
make -j8 all 
Building file: ../src/.main.s
Invoking: MCU GCC Assembler
D:\微處理機系統實驗\Lab3-2\3-2\Debug
arm-none-eabi-as -mcpu=cortex-m4 -mthumb -mfloat-abi=hard -mfpu=fpv4-sp-d16 -g -o "src/.main.o" "../src/.main.s"
Finished building: ../src/.main.s
 
Building target: 3-2.elf
Invoking: MCU GCC Linker
arm-none-eabi-gcc -mcpu=cortex-m4 -mthumb -mfloat-abi=hard -mfpu=fpv4-sp-d16 -T"D:/微處理機系統實驗/Lab3-2/3-2/LinkerScript.ld" -Wl,-Map=output.map -Wl,--gc-sections -o "3-2.elf" @"objects.list"   -lm
Finished building target: 3-2.elf
 
make --no-print-directory post-build
Generating binary and Printing size information:
arm-none-eabi-objcopy -O binary "3-2.elf" "3-2.bin"
arm-none-eabi-size "3-2.elf"
   text	   data	    bss	    dec	    hex	filename
   1176	   1096	   1088	   3360	    d20	3-2.elf
 
15:06:17 **** Incremental Build of configuration Debug for project 3-2 ****
make -j8 all 
make: Nothing to be done for 'all'.
16:46:51 **** Incremental Build of configuration Debug for project 3-2 ****
make -j8 all 
Building file: ../src/.main.s
Invoking: MCU GCC Assembler
D:\微處理機系統實驗\Lab3-2\3-2\Debug
arm-none-eabi-as -mcpu=cortex-m4 -mthumb -mfloat-abi=hard -mfpu=fpv4-sp-d16 -g -o "src/.main.o" "../src/.main.s"
Finished building: ../src/.main.s
 
Building target: 3-2.elf
Invoking: MCU GCC Linker
arm-none-eabi-gcc -mcpu=cortex-m4 -mthumb -mfloat-abi=hard -mfpu=fpv4-sp-d16 -T"D:/微處理機系統實驗/Lab3-2/3-2/LinkerScript.ld" -Wl,-Map=output.map -Wl,--gc-sections -o "3-2.elf" @"objects.list"   -lm
Finished building target: 3-2.elf
 
make --no-print-directory post-build
Generating binary and Printing size information:
arm-none-eabi-objcopy -O binary "3-2.elf" "3-2.bin"
arm-none-eabi-size "3-2.elf"
   text	   data	    bss	    dec	    hex	filename
   1176	   1096	   1088	   3360	    d20	3-2.elf
 
16:50:22 **** Incremental Build of configuration Debug for project 3-2 ****
make -j8 all 
Building file: ../src/.main.s
Invoking: MCU GCC Assembler
D:\微處理機系統實驗\Lab3-2\3-2\Debug
arm-none-eabi-as -mcpu=cortex-m4 -mthumb -mfloat-abi=hard -mfpu=fpv4-sp-d16 -g -o "src/.main.o" "../src/.main.s"
Finished building: ../src/.main.s
 
Building target: 3-2.elf
Invoking: MCU GCC Linker
arm-none-eabi-gcc -mcpu=cortex-m4 -mthumb -mfloat-abi=hard -mfpu=fpv4-sp-d16 -T"D:/微處理機系統實驗/Lab3-2/3-2/LinkerScript.ld" -Wl,-Map=output.map -Wl,--gc-sections -o "3-2.elf" @"objects.list"   -lm
Finished building target: 3-2.elf
 
make --no-print-directory post-build
Generating binary and Printing size information:
arm-none-eabi-objcopy -O binary "3-2.elf" "3-2.bin"
arm-none-eabi-size "3-2.elf"
   text	   data	    bss	    dec	    hex	filename
   1176	   1096	   1088	   3360	    d20	3-2.elf
 
17:36:26 **** Incremental Build of configuration Debug for project 3-2 ****
make -j8 all 
Building file: ../src/.main.s
Invoking: MCU GCC Assembler
D:\微處理機系統實驗\Lab3-2\3-2\Debug
arm-none-eabi-as -mcpu=cortex-m4 -mthumb -mfloat-abi=hard -mfpu=fpv4-sp-d16 -g -o "src/.main.o" "../src/.main.s"
Finished building: ../src/.main.s
 
Building target: 3-2.elf
Invoking: MCU GCC Linker
arm-none-eabi-gcc -mcpu=cortex-m4 -mthumb -mfloat-abi=hard -mfpu=fpv4-sp-d16 -T"D:/微處理機系統實驗/Lab3-2/3-2/LinkerScript.ld" -Wl,-Map=output.map -Wl,--gc-sections -o "3-2.elf" @"objects.list"   -lm
Finished building target: 3-2.elf
 
make --no-print-directory post-build
Generating binary and Printing size information:
arm-none-eabi-objcopy -O binary "3-2.elf" "3-2.bin"
arm-none-eabi-size "3-2.elf"
   text	   data	    bss	    dec	    hex	filename
   1176	   1096	   1088	   3360	    d20	3-2.elf
 
17:46:20 **** Incremental Build of configuration Debug for project 3-2 ****
make -j8 all 
Building file: ../src/.main.s
Invoking: MCU GCC Assembler
D:\微處理機系統實驗\Lab3-2\3-2\Debug
arm-none-eabi-as -mcpu=cortex-m4 -mthumb -mfloat-abi=hard -mfpu=fpv4-sp-d16 -g -o "src/.main.o" "../src/.main.s"
Finished building: ../src/.main.s
 
Building target: 3-2.elf
Invoking: MCU GCC Linker
arm-none-eabi-gcc -mcpu=cortex-m4 -mthumb -mfloat-abi=hard -mfpu=fpv4-sp-d16 -T"D:/微處理機系統實驗/Lab3-2/3-2/LinkerScript.ld" -Wl,-Map=output.map -Wl,--gc-sections -o "3-2.elf" @"objects.list"   -lm
Finished building target: 3-2.elf
 
make --no-print-directory post-build
Generating binary and Printing size information:
arm-none-eabi-objcopy -O binary "3-2.elf" "3-2.bin"
arm-none-eabi-size "3-2.elf"
   text	   data	    bss	    dec	    hex	filename
   1176	   1096	   1088	   3360	    d20	3-2.elf
 
13:03:46 **** Incremental Build of configuration Debug for project 3-2 ****
make -j8 all 
Building file: ../src/.main.s
Invoking: MCU GCC Assembler
D:\微處理機系統實驗\Lab3-2\3-2\Debug
arm-none-eabi-as -mcpu=cortex-m4 -mthumb -mfloat-abi=hard -mfpu=fpv4-sp-d16 -g -o "src/.main.o" "../src/.main.s"
../src/.main.s: Assembler messages:
../src/.main.s:151: Error: garbage following instruction -- `cmp r1,#0`'
src/subdir.mk:15: recipe for target 'src/.main.o' failed
make: *** [src/.main.o] Error 1
13:28:03 **** Incremental Build of configuration Debug for project 3-2 ****
make -j8 all 
Building file: ../src/.main.s
Invoking: MCU GCC Assembler
D:\微處理機系統實驗\Lab3-2\3-2\Debug
arm-none-eabi-as -mcpu=cortex-m4 -mthumb -mfloat-abi=hard -mfpu=fpv4-sp-d16 -g -o "src/.main.o" "../src/.main.s"
Finished building: ../src/.main.s
 
Building target: 3-2.elf
Invoking: MCU GCC Linker
arm-none-eabi-gcc -mcpu=cortex-m4 -mthumb -mfloat-abi=hard -mfpu=fpv4-sp-d16 -T"D:/微處理機系統實驗/Lab3-2/3-2/LinkerScript.ld" -Wl,-Map=output.map -Wl,--gc-sections -o "3-2.elf" @"objects.list"   -lm
Finished building target: 3-2.elf
 
make --no-print-directory post-build
Generating binary and Printing size information:
arm-none-eabi-objcopy -O binary "3-2.elf" "3-2.bin"
arm-none-eabi-size "3-2.elf"
   text	   data	    bss	    dec	    hex	filename
   1168	   1096	   1088	   3352	    d18	3-2.elf
 
13:28:28 **** Incremental Build of configuration Debug for project 3-2 ****
make -j8 all 
make: Nothing to be done for 'all'.
13:29:35 **** Incremental Build of configuration Debug for project 3-2 ****
make -j8 all 
make: Nothing to be done for 'all'.
13:29:59 **** Incremental Build of configuration Debug for project 3-2 ****
make -j8 all 
make: Nothing to be done for 'all'.
13:30:44 **** Incremental Build of configuration Debug for project 3-2 ****
make -j8 all 
Building file: ../src/.main.s
Invoking: MCU GCC Assembler
D:\微處理機系統實驗\Lab3-2\3-2\Debug
arm-none-eabi-as -mcpu=cortex-m4 -mthumb -mfloat-abi=hard -mfpu=fpv4-sp-d16 -g -o "src/.main.o" "../src/.main.s"
Finished building: ../src/.main.s
 
Building target: 3-2.elf
Invoking: MCU GCC Linker
arm-none-eabi-gcc -mcpu=cortex-m4 -mthumb -mfloat-abi=hard -mfpu=fpv4-sp-d16 -T"D:/微處理機系統實驗/Lab3-2/3-2/LinkerScript.ld" -Wl,-Map=output.map -Wl,--gc-sections -o "3-2.elf" @"objects.list"   -lm
Finished building target: 3-2.elf
 
make --no-print-directory post-build
Generating binary and Printing size information:
arm-none-eabi-objcopy -O binary "3-2.elf" "3-2.bin"
arm-none-eabi-size "3-2.elf"
   text	   data	    bss	    dec	    hex	filename
   1112	   1096	   1088	   3296	    ce0	3-2.elf
 
13:31:01 **** Incremental Build of configuration Debug for project 3-2 ****
make -j8 all 
make: Nothing to be done for 'all'.
13:34:53 **** Incremental Build of configuration Debug for project 3-2 ****
make -j8 all 
Building file: ../src/.main.s
Invoking: MCU GCC Assembler
D:\微處理機系統實驗\Lab3-2\3-2\Debug
arm-none-eabi-as -mcpu=cortex-m4 -mthumb -mfloat-abi=hard -mfpu=fpv4-sp-d16 -g -o "src/.main.o" "../src/.main.s"
Finished building: ../src/.main.s
 
Building target: 3-2.elf
Invoking: MCU GCC Linker
arm-none-eabi-gcc -mcpu=cortex-m4 -mthumb -mfloat-abi=hard -mfpu=fpv4-sp-d16 -T"D:/微處理機系統實驗/Lab3-2/3-2/LinkerScript.ld" -Wl,-Map=output.map -Wl,--gc-sections -o "3-2.elf" @"objects.list"   -lm
Finished building target: 3-2.elf
 
make --no-print-directory post-build
Generating binary and Printing size information:
arm-none-eabi-objcopy -O binary "3-2.elf" "3-2.bin"
arm-none-eabi-size "3-2.elf"
   text	   data	    bss	    dec	    hex	filename
   1168	   1096	   1088	   3352	    d18	3-2.elf
 
14:21:39 **** Incremental Build of configuration Debug for project 3-2 ****
make -j8 all 
Building file: ../src/.main.s
Invoking: MCU GCC Assembler
D:\微處理機系統實驗\Lab3-2\3-2\Debug
arm-none-eabi-as -mcpu=cortex-m4 -mthumb -mfloat-abi=hard -mfpu=fpv4-sp-d16 -g -o "src/.main.o" "../src/.main.s"
../src/.main.s: Assembler messages:
../src/.main.s:161: Error: symbol `L3' is already defined
../src/.main.s:162: Error: symbol `L4' is already defined
../src/.main.s:167: Error: garbage following instruction -- `beq locked:'
src/subdir.mk:15: recipe for target 'src/.main.o' failed
make: *** [src/.main.o] Error 1
14:24:10 **** Incremental Build of configuration Debug for project 3-2 ****
make -j8 all 
Building file: ../src/.main.s
Invoking: MCU GCC Assembler
D:\微處理機系統實驗\Lab3-2\3-2\Debug
arm-none-eabi-as -mcpu=cortex-m4 -mthumb -mfloat-abi=hard -mfpu=fpv4-sp-d16 -g -o "src/.main.o" "../src/.main.s"
../src/.main.s: Assembler messages:
../src/.main.s:167: Error: garbage following instruction -- `beq locked:'
src/subdir.mk:15: recipe for target 'src/.main.o' failed
make: *** [src/.main.o] Error 1
14:24:31 **** Incremental Build of configuration Debug for project 3-2 ****
make -j8 all 
Building file: ../src/.main.s
Invoking: MCU GCC Assembler
D:\微處理機系統實驗\Lab3-2\3-2\Debug
arm-none-eabi-as -mcpu=cortex-m4 -mthumb -mfloat-abi=hard -mfpu=fpv4-sp-d16 -g -o "src/.main.o" "../src/.main.s"
Finished building: ../src/.main.s
 
Building target: 3-2.elf
Invoking: MCU GCC Linker
arm-none-eabi-gcc -mcpu=cortex-m4 -mthumb -mfloat-abi=hard -mfpu=fpv4-sp-d16 -T"D:/微處理機系統實驗/Lab3-2/3-2/LinkerScript.ld" -Wl,-Map=output.map -Wl,--gc-sections -o "3-2.elf" @"objects.list"   -lm
Finished building target: 3-2.elf
 
make --no-print-directory post-build
Generating binary and Printing size information:
arm-none-eabi-objcopy -O binary "3-2.elf" "3-2.bin"
arm-none-eabi-size "3-2.elf"
   text	   data	    bss	    dec	    hex	filename
   1184	   1096	   1088	   3368	    d28	3-2.elf
 
14:40:10 **** Incremental Build of configuration Debug for project 3-2 ****
make -j8 all 
Building file: ../src/.main.s
Invoking: MCU GCC Assembler
D:\微處理機系統實驗\Lab3-2\3-2\Debug
arm-none-eabi-as -mcpu=cortex-m4 -mthumb -mfloat-abi=hard -mfpu=fpv4-sp-d16 -g -o "src/.main.o" "../src/.main.s"
../src/.main.s: Assembler messages:
../src/.main.s:126: Error: bad instruction `ltte eq'
../src/.main.s:127: Error: thumb conditional instruction should be in IT block -- `pusheq {lr}'
../src/.main.s:128: Error: thumb conditional instruction should be in IT block -- `bleq do_pushed'
../src/.main.s:129: Error: thumb conditional instruction should be in IT block -- `popeq {lr}'
src/subdir.mk:15: recipe for target 'src/.main.o' failed
make: *** [src/.main.o] Error 1
14:40:17 **** Incremental Build of configuration Debug for project 3-2 ****
make -j8 all 
Building file: ../src/.main.s
Invoking: MCU GCC Assembler
D:\微處理機系統實驗\Lab3-2\3-2\Debug
arm-none-eabi-as -mcpu=cortex-m4 -mthumb -mfloat-abi=hard -mfpu=fpv4-sp-d16 -g -o "src/.main.o" "../src/.main.s"
../src/.main.s: Assembler messages:
../src/.main.s:128: Error: branch must be last instruction in IT block -- `bleq do_pushed'
../src/.main.s:129: Error: incorrect condition in IT block -- `popeq {lr}'
make: *** [src/.main.o] Error 1
src/subdir.mk:15: recipe for target 'src/.main.o' failed
14:40:31 **** Incremental Build of configuration Debug for project 3-2 ****
make -j8 all 
Building file: ../src/.main.s
Invoking: MCU GCC Assembler
D:\微處理機系統實驗\Lab3-2\3-2\Debug
arm-none-eabi-as -mcpu=cortex-m4 -mthumb -mfloat-abi=hard -mfpu=fpv4-sp-d16 -g -o "src/.main.o" "../src/.main.s"
Finished building: ../src/.main.s
 
Building target: 3-2.elf
Invoking: MCU GCC Linker
arm-none-eabi-gcc -mcpu=cortex-m4 -mthumb -mfloat-abi=hard -mfpu=fpv4-sp-d16 -T"D:/微處理機系統實驗/Lab3-2/3-2/LinkerScript.ld" -Wl,-Map=output.map -Wl,--gc-sections -o "3-2.elf" @"objects.list"   -lm
Finished building target: 3-2.elf
 
make --no-print-directory post-build
Generating binary and Printing size information:
arm-none-eabi-objcopy -O binary "3-2.elf" "3-2.bin"
arm-none-eabi-size "3-2.elf"
   text	   data	    bss	    dec	    hex	filename
   1216	   1096	   1088	   3400	    d48	3-2.elf
 
14:48:30 **** Incremental Build of configuration Debug for project 3-2 ****
make -j8 all 
Building file: ../src/.main.s
Invoking: MCU GCC Assembler
D:\微處理機系統實驗\Lab3-2\3-2\Debug
arm-none-eabi-as -mcpu=cortex-m4 -mthumb -mfloat-abi=hard -mfpu=fpv4-sp-d16 -g -o "src/.main.o" "../src/.main.s"
Finished building: ../src/.main.s
 
Building target: 3-2.elf
Invoking: MCU GCC Linker
arm-none-eabi-gcc -mcpu=cortex-m4 -mthumb -mfloat-abi=hard -mfpu=fpv4-sp-d16 -T"D:/微處理機系統實驗/Lab3-2/3-2/LinkerScript.ld" -Wl,-Map=output.map -Wl,--gc-sections -o "3-2.elf" @"objects.list"   -lm
Finished building target: 3-2.elf
 
make --no-print-directory post-build
Generating binary and Printing size information:
arm-none-eabi-objcopy -O binary "3-2.elf" "3-2.bin"
arm-none-eabi-size "3-2.elf"
   text	   data	    bss	    dec	    hex	filename
   1208	   1096	   1088	   3392	    d40	3-2.elf
 
14:49:29 **** Incremental Build of configuration Debug for project 3-2 ****
make -j8 all 
Building file: ../src/.main.s
Invoking: MCU GCC Assembler
D:\微處理機系統實驗\Lab3-2\3-2\Debug
arm-none-eabi-as -mcpu=cortex-m4 -mthumb -mfloat-abi=hard -mfpu=fpv4-sp-d16 -g -o "src/.main.o" "../src/.main.s"
Finished building: ../src/.main.s
 
Building target: 3-2.elf
Invoking: MCU GCC Linker
arm-none-eabi-gcc -mcpu=cortex-m4 -mthumb -mfloat-abi=hard -mfpu=fpv4-sp-d16 -T"D:/微處理機系統實驗/Lab3-2/3-2/LinkerScript.ld" -Wl,-Map=output.map -Wl,--gc-sections -o "3-2.elf" @"objects.list"   -lm
Finished building target: 3-2.elf
 
make --no-print-directory post-build
Generating binary and Printing size information:
arm-none-eabi-objcopy -O binary "3-2.elf" "3-2.bin"
arm-none-eabi-size "3-2.elf"
   text	   data	    bss	    dec	    hex	filename
   1208	   1096	   1088	   3392	    d40	3-2.elf
 
14:51:33 **** Incremental Build of configuration Debug for project 3-2 ****
make -j8 all 
Building file: ../src/.main.s
Invoking: MCU GCC Assembler
D:\微處理機系統實驗\Lab3-2\3-2\Debug
arm-none-eabi-as -mcpu=cortex-m4 -mthumb -mfloat-abi=hard -mfpu=fpv4-sp-d16 -g -o "src/.main.o" "../src/.main.s"
../src/.main.s: Assembler messages:
../src/.main.s:128: Error: thumb conditional instruction should be in IT block -- `pusheq {lr}'
../src/.main.s:130: Error: thumb conditional instruction should be in IT block -- `popeq {lr}'
make: *** [src/.main.o] Error 1
src/subdir.mk:15: recipe for target 'src/.main.o' failed
14:51:43 **** Incremental Build of configuration Debug for project 3-2 ****
make -j8 all 
Building file: ../src/.main.s
Invoking: MCU GCC Assembler
D:\微處理機系統實驗\Lab3-2\3-2\Debug
arm-none-eabi-as -mcpu=cortex-m4 -mthumb -mfloat-abi=hard -mfpu=fpv4-sp-d16 -g -o "src/.main.o" "../src/.main.s"
Finished building: ../src/.main.s
 
Building target: 3-2.elf
Invoking: MCU GCC Linker
arm-none-eabi-gcc -mcpu=cortex-m4 -mthumb -mfloat-abi=hard -mfpu=fpv4-sp-d16 -T"D:/微處理機系統實驗/Lab3-2/3-2/LinkerScript.ld" -Wl,-Map=output.map -Wl,--gc-sections -o "3-2.elf" @"objects.list"   -lm
Finished building target: 3-2.elf
 
make --no-print-directory post-build
Generating binary and Printing size information:
arm-none-eabi-objcopy -O binary "3-2.elf" "3-2.bin"
arm-none-eabi-size "3-2.elf"
   text	   data	    bss	    dec	    hex	filename
   1200	   1096	   1088	   3384	    d38	3-2.elf
 
14:51:53 **** Incremental Build of configuration Debug for project 3-2 ****
make -j8 all 
make: Nothing to be done for 'all'.
15:00:17 **** Incremental Build of configuration Debug for project 3-2 ****
make -j8 all 
Building file: ../src/.main.s
Invoking: MCU GCC Assembler
D:\微處理機系統實驗\Lab3-2\3-2\Debug
arm-none-eabi-as -mcpu=cortex-m4 -mthumb -mfloat-abi=hard -mfpu=fpv4-sp-d16 -g -o "src/.main.o" "../src/.main.s"
Finished building: ../src/.main.s
 
Building target: 3-2.elf
Invoking: MCU GCC Linker
arm-none-eabi-gcc -mcpu=cortex-m4 -mthumb -mfloat-abi=hard -mfpu=fpv4-sp-d16 -T"D:/微處理機系統實驗/Lab3-2/3-2/LinkerScript.ld" -Wl,-Map=output.map -Wl,--gc-sections -o "3-2.elf" @"objects.list"   -lm
Finished building target: 3-2.elf
 
make --no-print-directory post-build
Generating binary and Printing size information:
arm-none-eabi-objcopy -O binary "3-2.elf" "3-2.bin"
arm-none-eabi-size "3-2.elf"
   text	   data	    bss	    dec	    hex	filename
   1200	   1096	   1088	   3384	    d38	3-2.elf
 
15:00:20 **** Incremental Build of configuration Debug for project 3-2 ****
make -j8 all 
make: Nothing to be done for 'all'.
15:00:28 **** Incremental Build of configuration Debug for project 3-2 ****
make -j8 all 
make: Nothing to be done for 'all'.
15:23:17 **** Incremental Build of configuration Debug for project 3-2 ****
make -j8 all 
Building file: ../src/.main.s
Invoking: MCU GCC Assembler
D:\微處理機系統實驗\Lab3-2\3-2\Debug
arm-none-eabi-as -mcpu=cortex-m4 -mthumb -mfloat-abi=hard -mfpu=fpv4-sp-d16 -g -o "src/.main.o" "../src/.main.s"
Finished building: ../src/.main.s
 
Building target: 3-2.elf
Invoking: MCU GCC Linker
arm-none-eabi-gcc -mcpu=cortex-m4 -mthumb -mfloat-abi=hard -mfpu=fpv4-sp-d16 -T"D:/微處理機系統實驗/Lab3-2/3-2/LinkerScript.ld" -Wl,-Map=output.map -Wl,--gc-sections -o "3-2.elf" @"objects.list"   -lm
Finished building target: 3-2.elf
 
make --no-print-directory post-build
Generating binary and Printing size information:
arm-none-eabi-objcopy -O binary "3-2.elf" "3-2.bin"
arm-none-eabi-size "3-2.elf"
   text	   data	    bss	    dec	    hex	filename
   1200	   1096	   1088	   3384	    d38	3-2.elf
 
